Archive member included to satisfy reference by file (symbol)

/opt/local/lib/gcc/avr/4.9.1/../../../../avr/lib/avr51/libprintf_min.a(vfprintf_min.o)
                              (vfprintf)
/opt/local/lib/gcc/avr/4.9.1/avr51/libgcc.a(_muluhisi3.o)
                              ../../../src/drivers/platform/firefly3/source/ff_basic_sensor.o (__muluhisi3)
/opt/local/lib/gcc/avr/4.9.1/avr51/libgcc.a(_mulshisi3.o)
                              ../../../src/drivers/platform/firefly3/source/ff_basic_sensor.o (__mulshisi3)
/opt/local/lib/gcc/avr/4.9.1/avr51/libgcc.a(_mulsi3.o)
                              ../../../src/drivers/platform/firefly3/source/ff_basic_sensor.o (__mulsi3)
/opt/local/lib/gcc/avr/4.9.1/avr51/libgcc.a(_udivmodhi4.o)
                              ../../../src/net/bmac/rf231_soc/bmac.o (__udivmodhi4)
/opt/local/lib/gcc/avr/4.9.1/avr51/libgcc.a(_divmodhi4.o)
                              ../../../src/net/bmac/rf231_soc/bmac.o (__divmodhi4)
/opt/local/lib/gcc/avr/4.9.1/avr51/libgcc.a(_udivmodsi4.o)
                              ../../../src/net/bmac/rf231_soc/bmac.o (__udivmodsi4)
/opt/local/lib/gcc/avr/4.9.1/avr51/libgcc.a(_divmodsi4.o)
                              ../../../src/drivers/platform/firefly3/source/ff_basic_sensor.o (__divmodsi4)
/opt/local/lib/gcc/avr/4.9.1/avr51/libgcc.a(_udivdi3.o)
                              ../../../src/kernel/source/nrk_time.o (__udivdi3)
/opt/local/lib/gcc/avr/4.9.1/avr51/libgcc.a(_udivmod64.o)
                              /opt/local/lib/gcc/avr/4.9.1/avr51/libgcc.a(_udivdi3.o) (__udivmod64)
/opt/local/lib/gcc/avr/4.9.1/avr51/libgcc.a(_negsi2.o)
                              /opt/local/lib/gcc/avr/4.9.1/avr51/libgcc.a(_divmodsi4.o) (__negsi2)
/opt/local/lib/gcc/avr/4.9.1/avr51/libgcc.a(_exit.o)
                              /opt/local/lib/gcc/avr/4.9.1/../../../../avr/lib/avr51/crtm128rfa1.o (exit)
/opt/local/lib/gcc/avr/4.9.1/avr51/libgcc.a(_tablejump.o)
                              ../../../src/platform/firefly3/source/ulib.o (__tablejump2__)
/opt/local/lib/gcc/avr/4.9.1/avr51/libgcc.a(_copy_data.o)
                              main.o (__do_copy_data)
/opt/local/lib/gcc/avr/4.9.1/avr51/libgcc.a(_clear_bss.o)
                              main.o (__do_clear_bss)
/opt/local/lib/gcc/avr/4.9.1/avr51/libgcc.a(_umulhisi3.o)
                              /opt/local/lib/gcc/avr/4.9.1/avr51/libgcc.a(_muluhisi3.o) (__umulhisi3)
/opt/local/lib/gcc/avr/4.9.1/../../../../avr/lib/avr51/libc.a(rand.o)
                              ../../../src/net/bmac/rf231_soc/bmac.o (rand)
/opt/local/lib/gcc/avr/4.9.1/../../../../avr/lib/avr51/libc.a(strchr_P.o)
                              /opt/local/lib/gcc/avr/4.9.1/../../../../avr/lib/avr51/libprintf_min.a(vfprintf_min.o) (strchr_P)
/opt/local/lib/gcc/avr/4.9.1/../../../../avr/lib/avr51/libc.a(memcpy.o)
                              ../../../src/radio/rf231_soc/source/basic_rf.o (memcpy)
/opt/local/lib/gcc/avr/4.9.1/../../../../avr/lib/avr51/libc.a(fdevopen.o)
                              ../../../src/platform/firefly3/source/ulib.o (fdevopen)
/opt/local/lib/gcc/avr/4.9.1/../../../../avr/lib/avr51/libc.a(fputc.o)
                              ../../../src/platform/firefly3/source/ulib.o (fputc)
/opt/local/lib/gcc/avr/4.9.1/../../../../avr/lib/avr51/libc.a(iob.o)
                              ../../../src/platform/firefly3/source/ulib.o (__iob)
/opt/local/lib/gcc/avr/4.9.1/../../../../avr/lib/avr51/libc.a(printf.o)
                              main.o (printf)
/opt/local/lib/gcc/avr/4.9.1/../../../../avr/lib/avr51/libc.a(putchar.o)
                              ../../../src/radio/rf231_soc/source/basic_rf.o (putchar)
/opt/local/lib/gcc/avr/4.9.1/../../../../avr/lib/avr51/libc.a(puts.o)
                              main.o (puts)
/opt/local/lib/gcc/avr/4.9.1/../../../../avr/lib/avr51/libc.a(sprintf.o)
                              main.o (sprintf)
/opt/local/lib/gcc/avr/4.9.1/../../../../avr/lib/avr51/libc.a(ultoa_invert.o)
                              /opt/local/lib/gcc/avr/4.9.1/../../../../avr/lib/avr51/libprintf_min.a(vfprintf_min.o) (__ultoa_invert)
/opt/local/lib/gcc/avr/4.9.1/../../../../avr/lib/avr51/libc.a(eerd_byte_atmega128rfa1.o)
                              ../../../src/platform/firefly3/source/nrk_eeprom.o (__eerd_byte_m128rfa1)
/opt/local/lib/gcc/avr/4.9.1/../../../../avr/lib/avr51/libc.a(eewr_byte_atmega128rfa1.o)
                              ../../../src/platform/firefly3/source/nrk_eeprom.o (__eewr_byte_m128rfa1)
/opt/local/lib/gcc/avr/4.9.1/../../../../avr/lib/avr51/libc.a(calloc.o)
                              /opt/local/lib/gcc/avr/4.9.1/../../../../avr/lib/avr51/libc.a(fdevopen.o) (calloc)
/opt/local/lib/gcc/avr/4.9.1/../../../../avr/lib/avr51/libc.a(malloc.o)
                              /opt/local/lib/gcc/avr/4.9.1/../../../../avr/lib/avr51/libc.a(calloc.o) (malloc)
/opt/local/lib/gcc/avr/4.9.1/../../../../avr/lib/avr51/libc.a(memset.o)
[...]
Memory Configuration

Name             Origin             Length             Attributes
text             0x0000000000000000 0x0000000000020000 xr
data             0x0000000000800100 0x000000000000ff00 rw !x
eeprom           0x0000000000810000 0x0000000000010000 rw !x
fuse             0x0000000000820000 0x0000000000000400 rw !x
lock             0x0000000000830000 0x0000000000000400 rw !x
signature        0x0000000000840000 0x0000000000000400 rw !x
*default*        0x0000000000000000 0xffffffffffffffff

Linker script and memory map

Address of section .data set to 0x800200
LOAD /opt/local/lib/gcc/avr/4.9.1/../../../../avr/lib/avr51/crtm128rfa1.o
LOAD main.o
LOAD ../../../src/net/bmac/rf231_soc/bmac.o
LOAD ../../../src/drivers/platform/firefly3/source/ff_basic_sensor.o
LOAD ../../../src/drivers/platform/firefly3/source/twi_base_calls.o
LOAD ../../../src/radio/rf231_soc/source/basic_rf.o
LOAD ../../../src/platform/firefly3/source/ulib.o
LOAD ../../../src/platform/firefly3/source/hal_wait.o
LOAD ../../../src/platform/firefly3/source/nrk_eeprom.o
LOAD ../../../src/kernel/source/nrk.o
LOAD ../../../src/kernel/source/nrk_stats.o
LOAD ../../../src/kernel/source/nrk_error.o
LOAD ../../../src/kernel/source/nrk_stack_check.o
LOAD ../../../src/kernel/source/nrk_events.o
LOAD ../../../src/kernel/source/nrk_task.o
LOAD ../../../src/kernel/source/nrk_time.o
LOAD ../../../src/kernel/source/nrk_idle_task.o
LOAD ../../../src/kernel/source/nrk_scheduler.o
LOAD ../../../src/kernel/source/nrk_driver.o
LOAD ../../../src/kernel/source/nrk_reserve.o
LOAD ../../../src/kernel/source/nrk_sw_wdt.o
LOAD ../../../src/kernel/hal/atmega128rfa1/nrk_timer.o
LOAD ../../../src/kernel/hal/atmega128rfa1/nrk_status.o
LOAD ../../../src/kernel/hal/atmega128rfa1/nrk_ext_int.o
LOAD ../../../src/kernel/hal/atmega128rfa1/nrk_watchdog.o
LOAD ../../../src/kernel/hal/atmega128rfa1/nrk_cpu.o
LOAD ../../../src/kernel/hal/atmega128rfa1/atmel_hw_specific.o
LOAD /opt/local/lib/gcc/avr/4.9.1/../../../../avr/lib/avr51/libprintf_min.a
LOAD /opt/local/lib/gcc/avr/4.9.1/../../../../avr/lib/avr51/libm.a
START GROUP
LOAD /opt/local/lib/gcc/avr/4.9.1/avr51/libgcc.a
LOAD /opt/local/lib/gcc/avr/4.9.1/../../../../avr/lib/avr51/libm.a
LOAD /opt/local/lib/gcc/avr/4.9.1/../../../../avr/lib/avr51/libc.a
END GROUP

.hash
 *(.hash)

.dynsym
 *(.dynsym)

.dynstr
 *(.dynstr)

.gnu.version
 *(.gnu.version)

.gnu.version_d
 *(.gnu.version_d)

.gnu.version_r
 *(.gnu.version_r)

.rel.init
 *(.rel.init)

.rela.init
 *(.rela.init)

.rel.text
 *(.rel.text)
 *(.rel.text.*)
 *(.rel.gnu.linkonce.t*)

.rela.text
 *(.rela.text)
 *(.rela.text.*)
 *(.rela.gnu.linkonce.t*)

.rel.fini
 *(.rel.fini)

.rela.fini
 *(.rela.fini)

.rel.rodata
 *(.rel.rodata)
 *(.rel.rodata.*)
 *(.rel.gnu.linkonce.r*)

.rela.rodata
 *(.rela.rodata)
 *(.rela.rodata.*)
 *(.rela.gnu.linkonce.r*)

.rel.data
 *(.rel.data)
 *(.rel.data.*)
 *(.rel.gnu.linkonce.d*)

.rela.data
 *(.rela.data)
 *(.rela.data.*)
 *(.rela.gnu.linkonce.d*)

.rel.ctors
 *(.rel.ctors)

.rela.ctors
 *(.rela.ctors)

.rel.dtors
 *(.rel.dtors)

.rela.dtors
 *(.rela.dtors)

.rel.got
 *(.rel.got)

.rela.got
 *(.rela.got)

.rel.bss
 *(.rel.bss)

.rela.bss
 *(.rela.bss)

.rel.plt
 *(.rel.plt)

.rela.plt
 *(.rela.plt)

.text           0x0000000000000000     0x69ec
 *(.vectors)
 .vectors       0x0000000000000000      0x120 /opt/local/lib/gcc/avr/4.9.1/../../../../avr/lib/avr51/crtm128rfa1.o
                0x0000000000000000                __vectors
 *(.vectors)
 *(.progmem.gcc*)
 .progmem.gcc_sw_table
                0x0000000000000120       0x54 ../../../src/platform/firefly3/source/ulib.o
 .progmem.gcc_sw_table
                0x0000000000000174       0x40 ../../../src/kernel/source/nrk_error.o
                0x00000000000001b4                . = ALIGN (0x2)
                0x00000000000001b4                __trampolines_start = .
 *(.trampolines)
 .trampolines   0x00000000000001b4        0x0 linker stubs
 *(.trampolines*)
                0x00000000000001b4                __trampolines_end = .
 *(.progmem*)
 .progmem.data  0x00000000000001b4       0xb9 main.o
 .progmem.data  0x000000000000026d       0xdf ../../../src/net/bmac/rf231_soc/bmac.o
 .progmem.data  0x000000000000034c       0x15 ../../../src/platform/firefly3/source/ulib.o
 .progmem.data  0x0000000000000361      0x238 ../../../src/kernel/source/nrk_error.o
 .progmem.data  0x0000000000000599        0xf ../../../src/kernel/source/nrk_stack_check.o
 .progmem.data  0x00000000000005a8       0x17 /opt/local/lib/gcc/avr/4.9.1/../../../../avr/lib/avr51/libprintf_min.a(vfprintf_min.o)
                0x00000000000005c0                . = ALIGN (0x2)
 *fill*         0x00000000000005bf        0x1 
 *(.jumptables)
 *(.jumptables*)
 *(.lowtext)
 *(.lowtext*)
                0x00000000000005c0                __ctors_start = .
 *(.ctors)
                0x00000000000005c0                __ctors_end = .
                0x00000000000005c0                __dtors_start = .
 *(.dtors)
                0x00000000000005c0                __dtors_end = .
 SORT(*)(.ctors)
 SORT(*)(.dtors)
 *(.init0)
 .init0         0x00000000000005c0        0x0 /opt/local/lib/gcc/avr/4.9.1/../../../../avr/lib/avr51/crtm128rfa1.o
                0x00000000000005c0                __init
 *(.init0)
 *(.init1)
 *(.init1)
 *(.init2)
 .init2         0x00000000000005c0        0xc /opt/local/lib/gcc/avr/4.9.1/../../../../avr/lib/avr51/crtm128rfa1.o
 *(.init2)
 *(.init3)
 *(.init3)
 *(.init4)
 .init4         0x00000000000005cc       0x1a /opt/local/lib/gcc/avr/4.9.1/avr51/libgcc.a(_copy_data.o)
                0x00000000000005cc                __do_copy_data
 .init4         0x00000000000005e6       0x10 /opt/local/lib/gcc/avr/4.9.1/avr51/libgcc.a(_clear_bss.o)
                0x00000000000005e6                __do_clear_bss
 *(.init4)
 *(.init5)
 *(.init5)
 *(.init6)
 *(.init6)
 *(.init7)
 *(.init7)
 *(.init8)
 *(.init8)
 *(.init9)
 .init9         0x00000000000005f6        0x8 /opt/local/lib/gcc/avr/4.9.1/../../../../avr/lib/avr51/crtm128rfa1.o
 *(.init9)
 *(.text)
 .text          0x00000000000005fe        0x4 /opt/local/lib/gcc/avr/4.9.1/../../../../avr/lib/avr51/crtm128rfa1.o
                0x00000000000005fe                __vector_65
                0x00000000000005fe                __vector_22
                0x00000000000005fe                __vector_28
                0x00000000000005fe                __vector_67
                0x00000000000005fe                __vector_71
                0x00000000000005fe                __vector_34
                0x00000000000005fe                __vector_24
                0x00000000000005fe                __vector_12
                0x00000000000005fe                __vector_55
                0x00000000000005fe                __vector_69
                0x00000000000005fe                __vector_46
                0x00000000000005fe                __bad_interrupt
                0x00000000000005fe                __vector_6
                0x00000000000005fe                __vector_31
                0x00000000000005fe                __vector_35
                0x00000000000005fe                __vector_39
                0x00000000000005fe                __vector_23
                0x00000000000005fe                __vector_68
                0x00000000000005fe                __vector_30
                0x00000000000005fe                __vector_45
                0x00000000000005fe                __vector_11
                0x00000000000005fe                __vector_54
                0x00000000000005fe                __vector_17
                0x00000000000005fe                __vector_19
                0x00000000000005fe                __vector_56
                0x00000000000005fe                __vector_7
                0x00000000000005fe                __vector_49
                0x00000000000005fe                __vector_41
                0x00000000000005fe                __vector_43
                0x00000000000005fe                __vector_27
                0x00000000000005fe                __vector_5
                0x00000000000005fe                __vector_33
                0x00000000000005fe                __vector_47
                0x00000000000005fe                __vector_52
                0x00000000000005fe                __vector_37
                0x00000000000005fe                __vector_4
                0x00000000000005fe                __vector_44
                0x00000000000005fe                __vector_51
                0x00000000000005fe                __vector_21
                0x00000000000005fe                __vector_66
                0x00000000000005fe                __vector_36
                0x00000000000005fe                __vector_70
                0x00000000000005fe                __vector_29
                0x00000000000005fe                __vector_40
                0x00000000000005fe                __vector_8
                0x00000000000005fe                __vector_26
                0x00000000000005fe                __vector_48
                0x00000000000005fe                __vector_14
                0x00000000000005fe                __vector_53
                0x00000000000005fe                __vector_10
                0x00000000000005fe                __vector_50
                0x00000000000005fe                __vector_16
                0x00000000000005fe                __vector_18
                0x00000000000005fe                __vector_20
                0x00000000000005fe                __vector_42
                0x00000000000005fe                __vector_38
 .text          0x0000000000000602      0x48a main.o
                0x0000000000000602                whacky_task
                0x0000000000000a00                nrk_create_taskset
                0x0000000000000a74                nrk_register_drivers
 .text          0x0000000000000a8c      0x724 ../../../src/net/bmac/rf231_soc/bmac.o
                0x0000000000000a8c                rf_rx_callback
                0x0000000000000a8e                bmac_encryption_set_ctr_counter
                0x0000000000000a9e                bmac_tx_reserve_set
                0x0000000000000aa2                bmac_tx_reserve_get
                0x0000000000000aa8                bmac_auto_ack_disable
                0x0000000000000ab0                bmac_auto_ack_enable
                0x0000000000000ab8                bmac_addr_decode_disable
                0x0000000000000ac0                bmac_addr_decode_enable
                0x0000000000000ac8                bmac_addr_decode_set_my_mac
                0x0000000000000ad0                bmac_addr_decode_dest_mac
                0x0000000000000adc                bmac_rx_pkt_is_encrypted
                0x0000000000000ae2                bmac_encryption_set_key
                0x0000000000000af2                bmac_encryption_enable
                0x0000000000000af6                bmac_encryption_disable
                0x0000000000000afa                bmac_set_rf_power
                0x0000000000000b0a                bmac_set_cca_active
                0x0000000000000b10                bmac_set_cca_thresh
                0x0000000000000b1e                bmac_set_channel
                0x0000000000000b56                bmac_wait_until_rx_pkt
                0x0000000000000baa                bmac_rx_pkt_set_buffer
                0x0000000000000bc6                bmac_init
                0x0000000000000cb0                bmac_tx_pkt_nonblocking
                0x0000000000000cd2                bmac_get_rx_pkt_signal
                0x0000000000000ce0                bmac_get_tx_done_signal
                0x0000000000000cee                bmac_tx_pkt
                0x0000000000000d8a                bmac_rx_pkt_get
                0x0000000000000dba                bmac_rx_pkt_ready
                0x0000000000000dc6                bmac_rx_pkt_release
                0x0000000000000dce                bmac_disable
                0x0000000000000dd6                bmac_enable
                0x0000000000000de8                bmac_set_rx_check_rate
                0x0000000000000e6e                bmac_started
                0x0000000000000e74                _bmac_channel_check
                0x0000000000000e9c                _bmac_rx
                0x0000000000000f2c                bmac_rx_failure_count_get
                0x0000000000000f36                bmac_rx_failure_count_reset
                0x0000000000000f4a                _b_pow
                0x0000000000000f68                _bmac_tx
                0x0000000000001078                bmac_nw_task
                0x0000000000001146                bmac_task_config
 .text          0x00000000000011b0      0x962 ../../../src/drivers/platform/firefly3/source/ff_basic_sensor.o
                0x00000000000011b0                open
                0x0000000000001204                close
                0x0000000000001222                get_status
                0x0000000000001230                set_status
                0x000000000000129c                get_eeprom_values
                0x00000000000012fa                init_adc
                0x0000000000001328                init
                0x0000000000001382                delay
                0x000000000000138a                get_adc_val
                0x00000000000013ae                calc_true_press
                0x0000000000001716                calc_true_temp
                0x0000000000001818                read_uncomp_temp
                0x0000000000001880                calc_temp
                0x0000000000001888                read_uncomp_press
                0x0000000000001922                calc_press
                0x0000000000001932                read
                0x0000000000001ac2                dev_manager_ff3_sensors
 .text          0x0000000000001b12      0x2e6 ../../../src/drivers/platform/firefly3/source/twi_base_calls.o
                0x0000000000001b12                set_i2c_device
                0x0000000000001b18                init_i2c
                0x0000000000001b38                close_i2c
                0x0000000000001b4c                ee24xx_read_bytes
                0x0000000000001c8a                ee24xx_write_page
                0x0000000000001d7e                ee24xx_write_bytes
                0x0000000000001dda                error
 .text          0x0000000000001df8      0xb2c ../../../src/radio/rf231_soc/source/basic_rf.o
                0x0000000000001e08                rf_enable_glossy
                0x0000000000001e10                rf_disable_glossy
                0x0000000000001e16                rf_power_down
                0x0000000000001e62                rf_power_up
                0x0000000000001e8e                rf_tx_power
                0x0000000000001ea2                rf_addr_decode_enable
                0x0000000000001eae                rf_addr_decode_disable
                0x0000000000001eba                rf_auto_ack_enable
                0x0000000000001ec6                rf_auto_ack_disable
                0x0000000000001ed2                rf_addr_decode_set_my_mac
                0x0000000000001ee4                rf_set_rx
                0x0000000000001efe                rx_start_callback
                0x0000000000001f08                rx_end_callback
                0x0000000000001f12                rf_init
                0x0000000000001ff2                rf_rx_on
                0x0000000000001ff8                rf_polling_rx_on
                0x0000000000001ffe                rf_rx_off
                0x000000000000200a                rf_tx_packet_repeat
                0x00000000000022aa                rf_tx_packet
                0x00000000000022b2                rf_cca_check
                0x0000000000002316                rf_rx_packet_nonblock
                0x0000000000002464                __vector_64
                0x0000000000002482                __vector_63
                0x00000000000024a6                __vector_62
                0x00000000000024c4                __vector_61
                0x00000000000024e2                __vector_59
                0x0000000000002542                __vector_58
                0x0000000000002560                __vector_57
                0x000000000000257e                rf_set_cca_thresh
                0x0000000000002592                rf_security_last_pkt_status
                0x0000000000002596                rf_security_set_ctr_counter
                0x0000000000002598                rf_security_set_key
                0x000000000000259a                rf_security_disable
                0x000000000000259c                rf_tx_tdma_packet
                0x00000000000025a0                rf_get_sem
                0x00000000000025aa                rf_rx_packet
                0x00000000000025ae                rf_flush_rx_fifo
                0x00000000000025b0                rf_busy
                0x00000000000025b4                rf_rx_check_fifop
                0x00000000000025b8                rf_rx_check_sfd
                0x00000000000025bc                rf_carrier_on
                0x00000000000025be                rf_carrier_off
                0x00000000000025c0                rf_test_mode
                0x00000000000025c2                rf_data_mode
                0x00000000000025c4                rf_rx_set_serial
                0x00000000000025c6                rf_tx_set_serial
                0x00000000000025c8                rf_set_preamble_length
                0x00000000000025ca                rf_set_cca_mode
                0x00000000000025cc                rf_cc2591_tx_on
                0x00000000000025e8                rf_cc2591_rx_on
                0x0000000000002604                rf_glossy_interrupt
                0x00000000000026de                __vector_60
                0x0000000000002776                aes_setkey
                0x00000000000027ba                aes_encrypt
                0x0000000000002858                aes_decrypt
 .text          0x0000000000002924      0x90a ../../../src/platform/firefly3/source/ulib.o
                0x0000000000002924                putc0
                0x000000000000293c                __vector_25
                0x00000000000029e2                nrk_uart_data_ready
                0x0000000000002a14                nrk_uart_rx_signal_get
                0x0000000000002a28                nrk_kprintf
                0x0000000000002a52                getc0
                0x0000000000002abc                PORT_INIT
                0x0000000000002ad0                nrk_setup_ports
                0x0000000000002ad4                nrk_gpio_set
                0x0000000000002bb6                nrk_gpio_clr
                0x0000000000002c8a                nrk_gpio_get
                0x0000000000002cde                nrk_gpio_toggle
                0x0000000000002ef4                nrk_gpio_direction
                0x00000000000030a8                nrk_get_button
                0x00000000000030bc                nrk_led_toggle
                0x00000000000030ea                nrk_led_clr
                0x0000000000003118                nrk_led_set
                0x0000000000003146                nrk_gpio_pullups
                0x000000000000315a                putc1
                0x0000000000003168                setup_uart0
                0x0000000000003192                setup_uart1
                0x00000000000031bc                nrk_setup_uart
                0x0000000000003216                getc1
 .text          0x000000000000322e        0xe ../../../src/platform/firefly3/source/hal_wait.o
                0x000000000000322e                halWait
 .text          0x000000000000323c      0x13e ../../../src/platform/firefly3/source/nrk_eeprom.o
                0x000000000000323c                nrk_eeprom_read_byte
                0x0000000000003240                nrk_eeprom_write_byte
                0x0000000000003246                read_eeprom_mac_address
                0x00000000000032b2                read_eeprom_channel
                0x00000000000032ca                write_eeprom_load_img_pages
                0x00000000000032da                read_eeprom_load_img_pages
                0x00000000000032f2                read_eeprom_aes_key
                0x0000000000003322                write_eeprom_aes_key
                0x0000000000003352                read_eeprom_current_image_checksum
                0x000000000000336a                write_eeprom_current_image_checksum
 .text          0x000000000000337a      0x3a0 ../../../src/kernel/source/nrk.o
                0x000000000000337a                nrk_int_disable
                0x000000000000337e                nrk_int_enable
                0x0000000000003382                nrk_halt
                0x0000000000003388                nrk_init
                0x0000000000003522                nrk_start
                0x00000000000035a4                nrk_TCB_init
                0x0000000000003710                _nrk_timer_tick
                0x0000000000003714                nrk_version
 .text          0x000000000000371a        0x0 ../../../src/kernel/source/nrk_stats.o
 .text          0x000000000000371a      0x2ea ../../../src/kernel/source/nrk_error.o
                0x000000000000371a                _nrk_errno_set
                0x0000000000003726                nrk_errno_get
                0x0000000000003732                nrk_error_get
                0x000000000000374a                nrk_error_print
                0x0000000000003860                nrk_error_add
                0x0000000000003876                nrk_kernel_error_add
                0x0000000000003882                pause
                0x00000000000038ac                blink_dash
                0x00000000000038cc                blink_dot
                0x00000000000038e4                blink_morse_code_error
 .text          0x0000000000003a04      0x1da ../../../src/kernel/source/nrk_stack_check.o
                0x0000000000003a04                dump_stack_info
                0x0000000000003b5e                nrk_stack_check
                0x0000000000003ba8                nrk_stack_check_pid
 .text          0x0000000000003bde      0x628 ../../../src/kernel/source/nrk_events.o
                0x0000000000003bde                nrk_signal_create
                0x0000000000003c50                nrk_signal_get_registered_mask
                0x0000000000003c62                nrk_signal_delete
                0x0000000000003d80                nrk_signal_unregister
                0x0000000000003dfe                nrk_signal_register
                0x0000000000003e62                nrk_event_signal
                0x0000000000003f44                nrk_event_wait
                0x0000000000003fb8                nrk_sem_create
                0x0000000000004000                nrk_get_resource_index
                0x000000000000401a                nrk_sem_query
                0x000000000000404c                nrk_sem_pend
                0x0000000000004108                nrk_sem_post
                0x00000000000041c2                nrk_sem_delete
 .text          0x0000000000004206      0x6a4 ../../../src/kernel/source/nrk_task.o
                0x0000000000004206                nrk_get_high_ready_task_ID
                0x0000000000004212                nrk_print_readyQ
                0x0000000000004228                nrk_add_to_readyQ
                0x0000000000004388                nrk_rem_from_readyQ
                0x0000000000004428                nrk_activate_task
                0x00000000000044be                nrk_set_next_wakeup
                0x0000000000004538                _nrk_wait_for_scheduler
                0x000000000000454c                nrk_wait_until_next_period
                0x00000000000045a0                nrk_terminate_task
                0x00000000000045c2                nrk_wait_until_next_n_periods
                0x0000000000004622                nrk_wait_ticks
                0x000000000000469a                nrk_wait_until_ticks
                0x00000000000046f8                nrk_wait_until_nw
                0x0000000000004744                nrk_wait
                0x00000000000047f2                nrk_wait_until
                0x000000000000489e                nrk_get_pid
 .text          0x00000000000048aa      0x514 ../../../src/kernel/source/nrk_time.o
                0x00000000000048aa                nrk_time_get
                0x0000000000004964                nrk_time_sub
                0x0000000000004a7c                nrk_time_compact_nanos
                0x0000000000004abe                nrk_time_add
                0x0000000000004b74                nrk_time_set
                0x0000000000004b8a                _nrk_time_to_ticks
                0x0000000000004c74                _nrk_ticks_to_time
                0x0000000000004ce2                _nrk_time_to_ticks_long
 .text          0x0000000000004dbe       0x48 ../../../src/kernel/source/nrk_idle_task.o
                0x0000000000004dbe                nrk_idle_task
 .text          0x0000000000004e06      0x576 ../../../src/kernel/source/nrk_scheduler.o
                0x0000000000004e06                _nrk_scheduler
 .text          0x000000000000537c      0x1dc ../../../src/kernel/source/nrk_driver.o
                0x000000000000537c                nrk_register_driver
                0x00000000000053a6                nrk_open
                0x0000000000005434                nrk_close
                0x0000000000005470                nrk_write
                0x00000000000054aa                nrk_read
                0x00000000000054e4                nrk_set_status
                0x000000000000551e                nrk_get_status
 .text          0x0000000000005558        0x0 ../../../src/kernel/source/nrk_reserve.o
 .text          0x0000000000005558        0x0 ../../../src/kernel/source/nrk_sw_wdt.o
 .text          0x0000000000005558      0x394 ../../../src/kernel/hal/atmega128rfa1/nrk_timer.o
                0x0000000000005558                nrk_spin_wait_us
                0x0000000000005576                _nrk_precision_os_timer_stop
                0x000000000000557c                _nrk_precision_os_timer_start
                0x0000000000005590                _nrk_precision_os_timer_reset
                0x000000000000559a                _nrk_precision_os_timer_get
                0x00000000000055be                _nrk_high_speed_timer_stop
                0x00000000000055c4                _nrk_high_speed_timer_start
                0x00000000000055cc                _nrk_high_speed_timer_reset
                0x00000000000055dc                _nrk_high_speed_timer_get
                0x0000000000005600                nrk_high_speed_timer_wait
                0x0000000000005660                _nrk_os_timer_stop
                0x0000000000005676                _nrk_os_timer_set
                0x000000000000567c                _nrk_os_timer_start
                0x000000000000568e                _nrk_os_timer_reset
                0x00000000000056a2                _nrk_setup_timer
                0x0000000000005728                _nrk_get_next_wakeup
                0x0000000000005730                _nrk_set_next_wakeup
                0x0000000000005738                nrk_timer_int_stop
                0x0000000000005744                nrk_timer_int_reset
                0x0000000000005758                nrk_timer_int_read
                0x000000000000576c                nrk_timer_int_start
                0x000000000000577e                nrk_timer_int_configure
                0x00000000000057f4                _nrk_os_timer_get
                0x00000000000057fa                __vector_default
                0x000000000000580e                __vector_13
                0x000000000000580e                __vector_15
                0x0000000000005874                __vector_32
                0x00000000000058d8                SIG_OUTPUT_COMPARE1A
 .text          0x00000000000058ec       0x4c ../../../src/kernel/hal/atmega128rfa1/nrk_status.o
                0x00000000000058ec                _nrk_startup_error
 .text          0x0000000000005938      0x3a8 ../../../src/kernel/hal/atmega128rfa1/nrk_ext_int.o
                0x0000000000005938                nrk_ext_int_enable
                0x00000000000059ba                nrk_ext_int_disable
                0x0000000000005a3c                nrk_ext_int_configure
                0x0000000000005b50                __vector_9
                0x0000000000005bb4                __vector_1
                0x0000000000005c18                __vector_2
                0x0000000000005c7c                __vector_3
 .text          0x0000000000005ce0       0x4c ../../../src/kernel/hal/atmega128rfa1/nrk_watchdog.o
                0x0000000000005ce0                nrk_watchdog_disable
                0x0000000000005cfc                nrk_watchdog_enable
                0x0000000000005d1a                nrk_watchdog_check
                0x0000000000005d28                nrk_watchdog_reset
 .text          0x0000000000005d2c      0x124 ../../../src/kernel/hal/atmega128rfa1/nrk_cpu.o
                0x0000000000005d2c                nrk_battery_save
                0x0000000000005d2e                nrk_sleep
                0x0000000000005d46                nrk_idle
                0x0000000000005d5c                nrk_task_set_entry_function
                0x0000000000005d64                nrk_task_set_stk
                0x0000000000005da0                nrk_task_stk_init
                0x0000000000005e1c                nrk_stack_pointer_init
                0x0000000000005e3a                nrk_stack_pointer_restore
                0x0000000000005e48                nrk_target_start
 .text          0x0000000000005e50       0x56 ../../../src/kernel/hal/atmega128rfa1/atmel_hw_specific.o
                0x0000000000005e50                nrk_start_high_ready_task
 .text          0x0000000000005ea6        0x0 /opt/local/lib/gcc/avr/4.9.1/../../../../avr/lib/avr51/libprintf_min.a(vfprintf_min.o)
 .text          0x0000000000005ea6        0x0 /opt/local/lib/gcc/avr/4.9.1/avr51/libgcc.a(_muluhisi3.o)
 .text          0x0000000000005ea6        0x0 /opt/local/lib/gcc/avr/4.9.1/avr51/libgcc.a(_mulshisi3.o)
 .text          0x0000000000005ea6        0x0 /opt/local/lib/gcc/avr/4.9.1/avr51/libgcc.a(_mulsi3.o)
 .text          0x0000000000005ea6        0x0 /opt/local/lib/gcc/avr/4.9.1/avr51/libgcc.a(_udivmodhi4.o)
 .text          0x0000000000005ea6        0x0 /opt/local/lib/gcc/avr/4.9.1/avr51/libgcc.a(_divmodhi4.o)
 .text          0x0000000000005ea6        0x0 /opt/local/lib/gcc/avr/4.9.1/avr51/libgcc.a(_udivmodsi4.o)
 .text          0x0000000000005ea6        0x0 /opt/local/lib/gcc/avr/4.9.1/avr51/libgcc.a(_divmodsi4.o)
 .text          0x0000000000005ea6        0x0 /opt/local/lib/gcc/avr/4.9.1/avr51/libgcc.a(_udivdi3.o)
 .text          0x0000000000005ea6        0x0 /opt/local/lib/gcc/avr/4.9.1/avr51/libgcc.a(_udivmod64.o)
 .text          0x0000000000005ea6        0x0 /opt/local/lib/gcc/avr/4.9.1/avr51/libgcc.a(_negsi2.o)
 .text          0x0000000000005ea6        0x0 /opt/local/lib/gcc/avr/4.9.1/avr51/libgcc.a(_exit.o)
 .text          0x0000000000005ea6        0x0 /opt/local/lib/gcc/avr/4.9.1/avr51/libgcc.a(_tablejump.o)
 .text          0x0000000000005ea6        0x0 /opt/local/lib/gcc/avr/4.9.1/avr51/libgcc.a(_copy_data.o)
 .text          0x0000000000005ea6        0x0 /opt/local/lib/gcc/avr/4.9.1/avr51/libgcc.a(_clear_bss.o)
 .text          0x0000000000005ea6        0x0 /opt/local/lib/gcc/avr/4.9.1/avr51/libgcc.a(_umulhisi3.o)
 .text          0x0000000000005ea6        0x0 /opt/local/lib/gcc/avr/4.9.1/../../../../avr/lib/avr51/libc.a(rand.o)
 .text          0x0000000000005ea6        0x0 /opt/local/lib/gcc/avr/4.9.1/../../../../avr/lib/avr51/libc.a(strchr_P.o)
 .text          0x0000000000005ea6        0x0 /opt/local/lib/gcc/avr/4.9.1/../../../../avr/lib/avr51/libc.a(memcpy.o)
 .text          0x0000000000005ea6        0x0 /opt/local/lib/gcc/avr/4.9.1/../../../../avr/lib/avr51/libc.a(fdevopen.o)
 .text          0x0000000000005ea6        0x0 /opt/local/lib/gcc/avr/4.9.1/../../../../avr/lib/avr51/libc.a(fputc.o)
 .text          0x0000000000005ea6        0x0 /opt/local/lib/gcc/avr/4.9.1/../../../../avr/lib/avr51/libc.a(iob.o)
 .text          0x0000000000005ea6        0x0 /opt/local/lib/gcc/avr/4.9.1/../../../../avr/lib/avr51/libc.a(printf.o)
 .text          0x0000000000005ea6        0x0 /opt/local/lib/gcc/avr/4.9.1/../../../../avr/lib/avr51/libc.a(putchar.o)
 .text          0x0000000000005ea6        0x0 /opt/local/lib/gcc/avr/4.9.1/../../../../avr/lib/avr51/libc.a(puts.o)
 .text          0x0000000000005ea6        0x0 /opt/local/lib/gcc/avr/4.9.1/../../../../avr/lib/avr51/libc.a(sprintf.o)
 .text          0x0000000000005ea6        0x0 /opt/local/lib/gcc/avr/4.9.1/../../../../avr/lib/avr51/libc.a(ultoa_invert.o)
 .text          0x0000000000005ea6        0x0 /opt/local/lib/gcc/avr/4.9.1/../../../../avr/lib/avr51/libc.a(eerd_byte_atmega128rfa1.o)
 .text          0x0000000000005ea6        0x0 /opt/local/lib/gcc/avr/4.9.1/../../../../avr/lib/avr51/libc.a(eewr_byte_atmega128rfa1.o)
 .text          0x0000000000005ea6        0x0 /opt/local/lib/gcc/avr/4.9.1/../../../../avr/lib/avr51/libc.a(calloc.o)
 .text          0x0000000000005ea6        0x0 /opt/local/lib/gcc/avr/4.9.1/../../../../avr/lib/avr51/libc.a(malloc.o)
 .text          0x0000000000005ea6        0x0 /opt/local/lib/gcc/avr/4.9.1/../../../../avr/lib/avr51/libc.a(memset.o)
                0x0000000000005ea6                . = ALIGN (0x2)
 *(.text.*)
 .text.startup  0x0000000000005ea6       0x56 main.o
                0x0000000000005ea6                main
 .text.avr-libc
                0x0000000000005efc      0x28e /opt/local/lib/gcc/avr/4.9.1/../../../../avr/lib/avr51/libprintf_min.a(vfprintf_min.o)
                0x0000000000005efc                vfprintf
 .text.libgcc.mul
                0x000000000000618a       0x16 /opt/local/lib/gcc/avr/4.9.1/avr51/libgcc.a(_muluhisi3.o)
                0x000000000000618a                __muluhisi3
 .text.libgcc.div
                0x00000000000061a0        0x0 /opt/local/lib/gcc/avr/4.9.1/avr51/libgcc.a(_muluhisi3.o)
 .text.libgcc   0x00000000000061a0        0x0 /opt/local/lib/gcc/avr/4.9.1/avr51/libgcc.a(_muluhisi3.o)
 .text.libgcc.prologue
                0x00000000000061a0        0x0 /opt/local/lib/gcc/avr/4.9.1/avr51/libgcc.a(_muluhisi3.o)
 .text.libgcc.builtins
                0x00000000000061a0        0x0 /opt/local/lib/gcc/avr/4.9.1/avr51/libgcc.a(_muluhisi3.o)
 .text.libgcc.fmul
                0x00000000000061a0        0x0 /opt/local/lib/gcc/avr/4.9.1/avr51/libgcc.a(_muluhisi3.o)
 .text.libgcc.fixed
                0x00000000000061a0        0x0 /opt/local/lib/gcc/avr/4.9.1/avr51/libgcc.a(_muluhisi3.o)
 .text.libgcc.mul
                0x00000000000061a0       0x10 /opt/local/lib/gcc/avr/4.9.1/avr51/libgcc.a(_mulshisi3.o)
                0x00000000000061a0                __mulshisi3
                0x00000000000061a6                __mulohisi3
 .text.libgcc.div
                0x00000000000061b0        0x0 /opt/local/lib/gcc/avr/4.9.1/avr51/libgcc.a(_mulshisi3.o)
 .text.libgcc   0x00000000000061b0        0x0 /opt/local/lib/gcc/avr/4.9.1/avr51/libgcc.a(_mulshisi3.o)
 .text.libgcc.prologue
                0x00000000000061b0        0x0 /opt/local/lib/gcc/avr/4.9.1/avr51/libgcc.a(_mulshisi3.o)
 .text.libgcc.builtins
                0x00000000000061b0        0x0 /opt/local/lib/gcc/avr/4.9.1/avr51/libgcc.a(_mulshisi3.o)
 .text.libgcc.fmul
                0x00000000000061b0        0x0 /opt/local/lib/gcc/avr/4.9.1/avr51/libgcc.a(_mulshisi3.o)
 .text.libgcc.fixed
                0x00000000000061b0        0x0 /opt/local/lib/gcc/avr/4.9.1/avr51/libgcc.a(_mulshisi3.o)
 .text.libgcc.mul
                0x00000000000061b0       0x20 /opt/local/lib/gcc/avr/4.9.1/avr51/libgcc.a(_mulsi3.o)
                0x00000000000061b0                __mulsi3
 .text.libgcc.div
                0x00000000000061d0        0x0 /opt/local/lib/gcc/avr/4.9.1/avr51/libgcc.a(_mulsi3.o)
 .text.libgcc   0x00000000000061d0        0x0 /opt/local/lib/gcc/avr/4.9.1/avr51/libgcc.a(_mulsi3.o)
 .text.libgcc.prologue
                0x00000000000061d0        0x0 /opt/local/lib/gcc/avr/4.9.1/avr51/libgcc.a(_mulsi3.o)
 .text.libgcc.builtins
                0x00000000000061d0        0x0 /opt/local/lib/gcc/avr/4.9.1/avr51/libgcc.a(_mulsi3.o)
 .text.libgcc.fmul
                0x00000000000061d0        0x0 /opt/local/lib/gcc/avr/4.9.1/avr51/libgcc.a(_mulsi3.o)
 .text.libgcc.fixed
                0x00000000000061d0        0x0 /opt/local/lib/gcc/avr/4.9.1/avr51/libgcc.a(_mulsi3.o)
 .text.libgcc.mul
                0x00000000000061d0        0x0 /opt/local/lib/gcc/avr/4.9.1/avr51/libgcc.a(_udivmodhi4.o)
 .text.libgcc.div
                0x00000000000061d0       0x28 /opt/local/lib/gcc/avr/4.9.1/avr51/libgcc.a(_udivmodhi4.o)
                0x00000000000061d0                __udivmodhi4
 .text.libgcc   0x00000000000061f8        0x0 /opt/local/lib/gcc/avr/4.9.1/avr51/libgcc.a(_udivmodhi4.o)
 .text.libgcc.prologue
                0x00000000000061f8        0x0 /opt/local/lib/gcc/avr/4.9.1/avr51/libgcc.a(_udivmodhi4.o)
 .text.libgcc.builtins
                0x00000000000061f8        0x0 /opt/local/lib/gcc/avr/4.9.1/avr51/libgcc.a(_udivmodhi4.o)
 .text.libgcc.fmul
                0x00000000000061f8        0x0 /opt/local/lib/gcc/avr/4.9.1/avr51/libgcc.a(_udivmodhi4.o)
 .text.libgcc.fixed
                0x00000000000061f8        0x0 /opt/local/lib/gcc/avr/4.9.1/avr51/libgcc.a(_udivmodhi4.o)
 .text.libgcc.mul
                0x00000000000061f8        0x0 /opt/local/lib/gcc/avr/4.9.1/avr51/libgcc.a(_divmodhi4.o)
 .text.libgcc.div
                0x00000000000061f8       0x28 /opt/local/lib/gcc/avr/4.9.1/avr51/libgcc.a(_divmodhi4.o)
                0x00000000000061f8                __divmodhi4
                0x00000000000061f8                _div
 .text.libgcc   0x0000000000006220        0x0 /opt/local/lib/gcc/avr/4.9.1/avr51/libgcc.a(_divmodhi4.o)
 .text.libgcc.prologue
                0x0000000000006220        0x0 /opt/local/lib/gcc/avr/4.9.1/avr51/libgcc.a(_divmodhi4.o)
 .text.libgcc.builtins
                0x0000000000006220        0x0 /opt/local/lib/gcc/avr/4.9.1/avr51/libgcc.a(_divmodhi4.o)
 .text.libgcc.fmul
                0x0000000000006220        0x0 /opt/local/lib/gcc/avr/4.9.1/avr51/libgcc.a(_divmodhi4.o)
 .text.libgcc.fixed
                0x0000000000006220        0x0 /opt/local/lib/gcc/avr/4.9.1/avr51/libgcc.a(_divmodhi4.o)
 .text.libgcc.mul
                0x0000000000006220        0x0 /opt/local/lib/gcc/avr/4.9.1/avr51/libgcc.a(_udivmodsi4.o)
 .text.libgcc.div
                0x0000000000006220       0x44 /opt/local/lib/gcc/avr/4.9.1/avr51/libgcc.a(_udivmodsi4.o)
                0x0000000000006220                __udivmodsi4
 .text.libgcc   0x0000000000006264        0x0 /opt/local/lib/gcc/avr/4.9.1/avr51/libgcc.a(_udivmodsi4.o)
 .text.libgcc.prologue
                0x0000000000006264        0x0 /opt/local/lib/gcc/avr/4.9.1/avr51/libgcc.a(_udivmodsi4.o)
 .text.libgcc.builtins
                0x0000000000006264        0x0 /opt/local/lib/gcc/avr/4.9.1/avr51/libgcc.a(_udivmodsi4.o)
 .text.libgcc.fmul
                0x0000000000006264        0x0 /opt/local/lib/gcc/avr/4.9.1/avr51/libgcc.a(_udivmodsi4.o)
 .text.libgcc.fixed
                0x0000000000006264        0x0 /opt/local/lib/gcc/avr/4.9.1/avr51/libgcc.a(_udivmodsi4.o)
 .text.libgcc.mul
                0x0000000000006264        0x0 /opt/local/lib/gcc/avr/4.9.1/avr51/libgcc.a(_divmodsi4.o)
 .text.libgcc.div
                0x0000000000006264       0x2e /opt/local/lib/gcc/avr/4.9.1/avr51/libgcc.a(_divmodsi4.o)
                0x0000000000006264                __divmodsi4
 .text.libgcc   0x0000000000006292        0x0 /opt/local/lib/gcc/avr/4.9.1/avr51/libgcc.a(_divmodsi4.o)
 .text.libgcc.prologue
                0x0000000000006292        0x0 /opt/local/lib/gcc/avr/4.9.1/avr51/libgcc.a(_divmodsi4.o)
 .text.libgcc.builtins
                0x0000000000006292        0x0 /opt/local/lib/gcc/avr/4.9.1/avr51/libgcc.a(_divmodsi4.o)
 .text.libgcc.fmul
                0x0000000000006292        0x0 /opt/local/lib/gcc/avr/4.9.1/avr51/libgcc.a(_divmodsi4.o)
 .text.libgcc.fixed
                0x0000000000006292        0x0 /opt/local/lib/gcc/avr/4.9.1/avr51/libgcc.a(_divmodsi4.o)
 .text.libgcc.mul
                0x0000000000006292        0x0 /opt/local/lib/gcc/avr/4.9.1/avr51/libgcc.a(_udivdi3.o)
 .text.libgcc.div
                0x0000000000006292       0x1c /opt/local/lib/gcc/avr/4.9.1/avr51/libgcc.a(_udivdi3.o)
                0x0000000000006292                __umoddi3
                0x0000000000006296                __udivdi3
                0x0000000000006298                __udivdi3_umoddi3
 .text.libgcc   0x00000000000062ae        0x0 /opt/local/lib/gcc/avr/4.9.1/avr51/libgcc.a(_udivdi3.o)
 .text.libgcc.prologue
                0x00000000000062ae        0x0 /opt/local/lib/gcc/avr/4.9.1/avr51/libgcc.a(_udivdi3.o)
 .text.libgcc.builtins
                0x00000000000062ae        0x0 /opt/local/lib/gcc/avr/4.9.1/avr51/libgcc.a(_udivdi3.o)
 .text.libgcc.fmul
                0x00000000000062ae        0x0 /opt/local/lib/gcc/avr/4.9.1/avr51/libgcc.a(_udivdi3.o)
 .text.libgcc.fixed
                0x00000000000062ae        0x0 /opt/local/lib/gcc/avr/4.9.1/avr51/libgcc.a(_udivdi3.o)
 .text.libgcc.mul
                0x00000000000062ae        0x0 /opt/local/lib/gcc/avr/4.9.1/avr51/libgcc.a(_udivmod64.o)
 .text.libgcc.div
                0x00000000000062ae       0xa2 /opt/local/lib/gcc/avr/4.9.1/avr51/libgcc.a(_udivmod64.o)
                0x00000000000062ae                __udivmod64
 .text.libgcc   0x0000000000006350        0x0 /opt/local/lib/gcc/avr/4.9.1/avr51/libgcc.a(_udivmod64.o)
 .text.libgcc.prologue
                0x0000000000006350        0x0 /opt/local/lib/gcc/avr/4.9.1/avr51/libgcc.a(_udivmod64.o)
 .text.libgcc.builtins
                0x0000000000006350        0x0 /opt/local/lib/gcc/avr/4.9.1/avr51/libgcc.a(_udivmod64.o)
 .text.libgcc.fmul
                0x0000000000006350        0x0 /opt/local/lib/gcc/avr/4.9.1/avr51/libgcc.a(_udivmod64.o)
 .text.libgcc.fixed
                0x0000000000006350        0x0 /opt/local/lib/gcc/avr/4.9.1/avr51/libgcc.a(_udivmod64.o)
 .text.libgcc.mul
                0x0000000000006350        0x0 /opt/local/lib/gcc/avr/4.9.1/avr51/libgcc.a(_negsi2.o)
 .text.libgcc.div
                0x0000000000006350       0x10 /opt/local/lib/gcc/avr/4.9.1/avr51/libgcc.a(_negsi2.o)
                0x0000000000006350                __negsi2
 .text.libgcc   0x0000000000006360        0x0 /opt/local/lib/gcc/avr/4.9.1/avr51/libgcc.a(_negsi2.o)
 .text.libgcc.prologue
                0x0000000000006360        0x0 /opt/local/lib/gcc/avr/4.9.1/avr51/libgcc.a(_negsi2.o)
 .text.libgcc.builtins
                0x0000000000006360        0x0 /opt/local/lib/gcc/avr/4.9.1/avr51/libgcc.a(_negsi2.o)
 .text.libgcc.fmul
                0x0000000000006360        0x0 /opt/local/lib/gcc/avr/4.9.1/avr51/libgcc.a(_negsi2.o)
 .text.libgcc.fixed
                0x0000000000006360        0x0 /opt/local/lib/gcc/avr/4.9.1/avr51/libgcc.a(_negsi2.o)
 .text.libgcc.mul
                0x0000000000006360        0x0 /opt/local/lib/gcc/avr/4.9.1/avr51/libgcc.a(_exit.o)
 .text.libgcc.div
                0x0000000000006360        0x0 /opt/local/lib/gcc/avr/4.9.1/avr51/libgcc.a(_exit.o)
 .text.libgcc   0x0000000000006360        0x0 /opt/local/lib/gcc/avr/4.9.1/avr51/libgcc.a(_exit.o)
 .text.libgcc.prologue
                0x0000000000006360        0x0 /opt/local/lib/gcc/avr/4.9.1/avr51/libgcc.a(_exit.o)
 .text.libgcc.builtins
                0x0000000000006360        0x0 /opt/local/lib/gcc/avr/4.9.1/avr51/libgcc.a(_exit.o)
 .text.libgcc.fmul
                0x0000000000006360        0x0 /opt/local/lib/gcc/avr/4.9.1/avr51/libgcc.a(_exit.o)
 .text.libgcc.fixed
                0x0000000000006360        0x0 /opt/local/lib/gcc/avr/4.9.1/avr51/libgcc.a(_exit.o)
 .text.libgcc.mul
                0x0000000000006360        0x0 /opt/local/lib/gcc/avr/4.9.1/avr51/libgcc.a(_tablejump.o)
 .text.libgcc.div
                0x0000000000006360        0x0 /opt/local/lib/gcc/avr/4.9.1/avr51/libgcc.a(_tablejump.o)
 .text.libgcc   0x0000000000006360        0xc /opt/local/lib/gcc/avr/4.9.1/avr51/libgcc.a(_tablejump.o)
                0x0000000000006360                __tablejump2__
                0x0000000000006364                __tablejump__
 .text.libgcc.prologue
                0x000000000000636c        0x0 /opt/local/lib/gcc/avr/4.9.1/avr51/libgcc.a(_tablejump.o)
 .text.libgcc.builtins
                0x000000000000636c        0x0 /opt/local/lib/gcc/avr/4.9.1/avr51/libgcc.a(_tablejump.o)
 .text.libgcc.fmul
                0x000000000000636c        0x0 /opt/local/lib/gcc/avr/4.9.1/avr51/libgcc.a(_tablejump.o)
 .text.libgcc.fixed
                0x000000000000636c        0x0 /opt/local/lib/gcc/avr/4.9.1/avr51/libgcc.a(_tablejump.o)
 .text.libgcc.mul
                0x000000000000636c        0x0 /opt/local/lib/gcc/avr/4.9.1/avr51/libgcc.a(_copy_data.o)
 .text.libgcc.div
                0x000000000000636c        0x0 /opt/local/lib/gcc/avr/4.9.1/avr51/libgcc.a(_copy_data.o)
 .text.libgcc   0x000000000000636c        0x0 /opt/local/lib/gcc/avr/4.9.1/avr51/libgcc.a(_copy_data.o)
 .text.libgcc.prologue
                0x000000000000636c        0x0 /opt/local/lib/gcc/avr/4.9.1/avr51/libgcc.a(_copy_data.o)
 .text.libgcc.builtins
                0x000000000000636c        0x0 /opt/local/lib/gcc/avr/4.9.1/avr51/libgcc.a(_copy_data.o)
 .text.libgcc.fmul
                0x000000000000636c        0x0 /opt/local/lib/gcc/avr/4.9.1/avr51/libgcc.a(_copy_data.o)
 .text.libgcc.fixed
                0x000000000000636c        0x0 /opt/local/lib/gcc/avr/4.9.1/avr51/libgcc.a(_copy_data.o)
 .text.libgcc.mul
                0x000000000000636c        0x0 /opt/local/lib/gcc/avr/4.9.1/avr51/libgcc.a(_clear_bss.o)
 .text.libgcc.div
                0x000000000000636c        0x0 /opt/local/lib/gcc/avr/4.9.1/avr51/libgcc.a(_clear_bss.o)
 .text.libgcc   0x000000000000636c        0x0 /opt/local/lib/gcc/avr/4.9.1/avr51/libgcc.a(_clear_bss.o)
 .text.libgcc.prologue
                0x000000000000636c        0x0 /opt/local/lib/gcc/avr/4.9.1/avr51/libgcc.a(_clear_bss.o)
 .text.libgcc.builtins
                0x000000000000636c        0x0 /opt/local/lib/gcc/avr/4.9.1/avr51/libgcc.a(_clear_bss.o)
 .text.libgcc.fmul
                0x000000000000636c        0x0 /opt/local/lib/gcc/avr/4.9.1/avr51/libgcc.a(_clear_bss.o)
 .text.libgcc.fixed
                0x000000000000636c        0x0 /opt/local/lib/gcc/avr/4.9.1/avr51/libgcc.a(_clear_bss.o)
 .text.libgcc.mul
                0x000000000000636c       0x1e /opt/local/lib/gcc/avr/4.9.1/avr51/libgcc.a(_umulhisi3.o)
                0x000000000000636c                __umulhisi3
 .text.libgcc.div
                0x000000000000638a        0x0 /opt/local/lib/gcc/avr/4.9.1/avr51/libgcc.a(_umulhisi3.o)
 .text.libgcc   0x000000000000638a        0x0 /opt/local/lib/gcc/avr/4.9.1/avr51/libgcc.a(_umulhisi3.o)
 .text.libgcc.prologue
                0x000000000000638a        0x0 /opt/local/lib/gcc/avr/4.9.1/avr51/libgcc.a(_umulhisi3.o)
 .text.libgcc.builtins
                0x000000000000638a        0x0 /opt/local/lib/gcc/avr/4.9.1/avr51/libgcc.a(_umulhisi3.o)
 .text.libgcc.fmul
                0x000000000000638a        0x0 /opt/local/lib/gcc/avr/4.9.1/avr51/libgcc.a(_umulhisi3.o)
 .text.libgcc.fixed
                0x000000000000638a        0x0 /opt/local/lib/gcc/avr/4.9.1/avr51/libgcc.a(_umulhisi3.o)
 .text.avr-libc
                0x000000000000638a       0xb4 /opt/local/lib/gcc/avr/4.9.1/../../../../avr/lib/avr51/libc.a(rand.o)
                0x000000000000641c                rand_r
                0x0000000000006420                rand
                0x0000000000006428                srand
 .text.avr-libc
                0x000000000000643e       0x16 /opt/local/lib/gcc/avr/4.9.1/../../../../avr/lib/avr51/libc.a(strchr_P.o)
                0x000000000000643e                strchr_P
 .text.avr-libc
                0x0000000000006454       0x12 /opt/local/lib/gcc/avr/4.9.1/../../../../avr/lib/avr51/libc.a(memcpy.o)
                0x0000000000006454                memcpy
 .text.avr-libc
                0x0000000000006466       0x96 /opt/local/lib/gcc/avr/4.9.1/../../../../avr/lib/avr51/libc.a(fdevopen.o)
                0x0000000000006466                fdevopen
 .text.avr-libc
                0x00000000000064fc       0x70 /opt/local/lib/gcc/avr/4.9.1/../../../../avr/lib/avr51/libc.a(fputc.o)
                0x00000000000064fc                fputc
 .text.avr-libc
                0x000000000000656c       0x28 /opt/local/lib/gcc/avr/4.9.1/../../../../avr/lib/avr51/libc.a(printf.o)
                0x000000000000656c                printf
 .text.avr-libc
                0x0000000000006594        0xc /opt/local/lib/gcc/avr/4.9.1/../../../../avr/lib/avr51/libc.a(putchar.o)
                0x0000000000006594                putchar
 .text.avr-libc
                0x00000000000065a0       0x60 /opt/local/lib/gcc/avr/4.9.1/../../../../avr/lib/avr51/libc.a(puts.o)
                0x00000000000065a0                puts
 .text.avr-libc
                0x0000000000006600       0x60 /opt/local/lib/gcc/avr/4.9.1/../../../../avr/lib/avr51/libc.a(sprintf.o)
                0x0000000000006600                sprintf
 .text.avr-libc
                0x0000000000006660       0xbc /opt/local/lib/gcc/avr/4.9.1/../../../../avr/lib/avr51/libc.a(ultoa_invert.o)
                0x0000000000006660                __ultoa_invert
 .text.avr-libc
                0x000000000000671c       0x10 /opt/local/lib/gcc/avr/4.9.1/../../../../avr/lib/avr51/libc.a(eerd_byte_atmega128rfa1.o)
                0x000000000000671c                __eerd_byte_m128rfa1
 .text.avr-libc
                0x000000000000672c       0x1c /opt/local/lib/gcc/avr/4.9.1/../../../../avr/lib/avr51/libc.a(eewr_byte_atmega128rfa1.o)
                0x000000000000672c                __eewr_byte_m128rfa1
                0x000000000000672e                __eewr_r18_m128rfa1
 .text.avr-libc
                0x0000000000006748       0x38 /opt/local/lib/gcc/avr/4.9.1/../../../../avr/lib/avr51/libc.a(calloc.o)
                0x0000000000006748                calloc
 .text.avr-libc
                0x0000000000006780      0x25a /opt/local/lib/gcc/avr/4.9.1/../../../../avr/lib/avr51/libc.a(malloc.o)
                0x0000000000006780                malloc
                0x00000000000068aa                free
 .text.avr-libc
                0x00000000000069da        0xe /opt/local/lib/gcc/avr/4.9.1/../../../../avr/lib/avr51/libc.a(memset.o)
                0x00000000000069da                memset
                0x00000000000069e8                . = ALIGN (0x2)
 *(.fini9)
 .fini9         0x00000000000069e8        0x0 /opt/local/lib/gcc/avr/4.9.1/avr51/libgcc.a(_exit.o)
                0x00000000000069e8                exit
                0x00000000000069e8                _exit
 *(.fini9)
 *(.fini8)
 *(.fini8)
 *(.fini7)
 *(.fini7)
 *(.fini6)
 *(.fini6)
 *(.fini5)
 *(.fini5)
 *(.fini4)
 *(.fini4)
 *(.fini3)
 *(.fini3)
 *(.fini2)
 *(.fini2)
 *(.fini1)
 *(.fini1)
 *(.fini0)
 .fini0         0x00000000000069e8        0x4 /opt/local/lib/gcc/avr/4.9.1/avr51/libgcc.a(_exit.o)
 *(.fini0)
                0x00000000000069ec                _etext = .

.data           0x0000000000800200      0x1de load address 0x00000000000069ec
                0x0000000000800200                PROVIDE (__data_start, .)
 *(.data)
 .data          0x0000000000800200        0x0 /opt/local/lib/gcc/avr/4.9.1/../../../../avr/lib/avr51/crtm128rfa1.o
 .data          0x0000000000800200        0x0 main.o
 .data          0x0000000000800200        0x0 ../../../src/net/bmac/rf231_soc/bmac.o
 .data          0x0000000000800200        0x0 ../../../src/drivers/platform/firefly3/source/ff_basic_sensor.o
 .data          0x0000000000800200        0x0 ../../../src/drivers/platform/firefly3/source/twi_base_calls.o
 .data          0x0000000000800200        0x0 ../../../src/radio/rf231_soc/source/basic_rf.o
 .data          0x0000000000800200        0x0 ../../../src/platform/firefly3/source/ulib.o
 .data          0x0000000000800200        0x0 ../../../src/platform/firefly3/source/hal_wait.o
 .data          0x0000000000800200        0x0 ../../../src/platform/firefly3/source/nrk_eeprom.o
 .data          0x0000000000800200        0x0 ../../../src/kernel/source/nrk.o
 .data          0x0000000000800200        0x0 ../../../src/kernel/source/nrk_stats.o
 .data          0x0000000000800200        0x0 ../../../src/kernel/source/nrk_error.o
 .data          0x0000000000800200        0x0 ../../../src/kernel/source/nrk_stack_check.o
 .data          0x0000000000800200        0x0 ../../../src/kernel/source/nrk_events.o
 .data          0x0000000000800200        0x0 ../../../src/kernel/source/nrk_task.o
 .data          0x0000000000800200        0x0 ../../../src/kernel/source/nrk_time.o
 .data          0x0000000000800200        0x0 ../../../src/kernel/source/nrk_idle_task.o
 .data          0x0000000000800200        0x0 ../../../src/kernel/source/nrk_scheduler.o
 .data          0x0000000000800200        0x0 ../../../src/kernel/source/nrk_driver.o
 .data          0x0000000000800200        0x0 ../../../src/kernel/source/nrk_reserve.o
 .data          0x0000000000800200        0x0 ../../../src/kernel/source/nrk_sw_wdt.o
 .data          0x0000000000800200        0x0 ../../../src/kernel/hal/atmega128rfa1/nrk_timer.o
 .data          0x0000000000800200        0x0 ../../../src/kernel/hal/atmega128rfa1/nrk_status.o
 .data          0x0000000000800200        0x0 ../../../src/kernel/hal/atmega128rfa1/nrk_ext_int.o
 .data          0x0000000000800200        0x0 ../../../src/kernel/hal/atmega128rfa1/nrk_watchdog.o
 .data          0x0000000000800200        0x0 ../../../src/kernel/hal/atmega128rfa1/nrk_cpu.o
 .data          0x0000000000800200        0x0 ../../../src/kernel/hal/atmega128rfa1/atmel_hw_specific.o
 .data          0x0000000000800200        0x0 /opt/local/lib/gcc/avr/4.9.1/../../../../avr/lib/avr51/libprintf_min.a(vfprintf_min.o)
 .data          0x0000000000800200        0x0 /opt/local/lib/gcc/avr/4.9.1/avr51/libgcc.a(_muluhisi3.o)
 .data          0x0000000000800200        0x0 /opt/local/lib/gcc/avr/4.9.1/avr51/libgcc.a(_mulshisi3.o)
 .data          0x0000000000800200        0x0 /opt/local/lib/gcc/avr/4.9.1/avr51/libgcc.a(_mulsi3.o)
 .data          0x0000000000800200        0x0 /opt/local/lib/gcc/avr/4.9.1/avr51/libgcc.a(_udivmodhi4.o)
 .data          0x0000000000800200        0x0 /opt/local/lib/gcc/avr/4.9.1/avr51/libgcc.a(_divmodhi4.o)
 .data          0x0000000000800200        0x0 /opt/local/lib/gcc/avr/4.9.1/avr51/libgcc.a(_udivmodsi4.o)
 .data          0x0000000000800200        0x0 /opt/local/lib/gcc/avr/4.9.1/avr51/libgcc.a(_divmodsi4.o)
 .data          0x0000000000800200        0x0 /opt/local/lib/gcc/avr/4.9.1/avr51/libgcc.a(_udivdi3.o)
 .data          0x0000000000800200        0x0 /opt/local/lib/gcc/avr/4.9.1/avr51/libgcc.a(_udivmod64.o)
 .data          0x0000000000800200        0x0 /opt/local/lib/gcc/avr/4.9.1/avr51/libgcc.a(_negsi2.o)
 .data          0x0000000000800200        0x0 /opt/local/lib/gcc/avr/4.9.1/avr51/libgcc.a(_exit.o)
 .data          0x0000000000800200        0x0 /opt/local/lib/gcc/avr/4.9.1/avr51/libgcc.a(_tablejump.o)
 .data          0x0000000000800200        0x0 /opt/local/lib/gcc/avr/4.9.1/avr51/libgcc.a(_copy_data.o)
 .data          0x0000000000800200        0x0 /opt/local/lib/gcc/avr/4.9.1/avr51/libgcc.a(_clear_bss.o)
 .data          0x0000000000800200        0x0 /opt/local/lib/gcc/avr/4.9.1/avr51/libgcc.a(_umulhisi3.o)
 .data          0x0000000000800200        0x4 /opt/local/lib/gcc/avr/4.9.1/../../../../avr/lib/avr51/libc.a(rand.o)
 .data          0x0000000000800204        0x0 /opt/local/lib/gcc/avr/4.9.1/../../../../avr/lib/avr51/libc.a(strchr_P.o)
 .data          0x0000000000800204        0x0 /opt/local/lib/gcc/avr/4.9.1/../../../../avr/lib/avr51/libc.a(memcpy.o)
 .data          0x0000000000800204        0x0 /opt/local/lib/gcc/avr/4.9.1/../../../../avr/lib/avr51/libc.a(fdevopen.o)
 .data          0x0000000000800204        0x0 /opt/local/lib/gcc/avr/4.9.1/../../../../avr/lib/avr51/libc.a(fputc.o)
 .data          0x0000000000800204        0x0 /opt/local/lib/gcc/avr/4.9.1/../../../../avr/lib/avr51/libc.a(iob.o)
 .data          0x0000000000800204        0x0 /opt/local/lib/gcc/avr/4.9.1/../../../../avr/lib/avr51/libc.a(printf.o)
 .data          0x0000000000800204        0x0 /opt/local/lib/gcc/avr/4.9.1/../../../../avr/lib/avr51/libc.a(putchar.o)
 .data          0x0000000000800204        0x0 /opt/local/lib/gcc/avr/4.9.1/../../../../avr/lib/avr51/libc.a(puts.o)
 .data          0x0000000000800204        0x0 /opt/local/lib/gcc/avr/4.9.1/../../../../avr/lib/avr51/libc.a(sprintf.o)
 .data          0x0000000000800204        0x0 /opt/local/lib/gcc/avr/4.9.1/../../../../avr/lib/avr51/libc.a(ultoa_invert.o)
 .data          0x0000000000800204        0x0 /opt/local/lib/gcc/avr/4.9.1/../../../../avr/lib/avr51/libc.a(eerd_byte_atmega128rfa1.o)
 .data          0x0000000000800204        0x0 /opt/local/lib/gcc/avr/4.9.1/../../../../avr/lib/avr51/libc.a(eewr_byte_atmega128rfa1.o)
 .data          0x0000000000800204        0x0 /opt/local/lib/gcc/avr/4.9.1/../../../../avr/lib/avr51/libc.a(calloc.o)
 .data          0x0000000000800204        0x6 /opt/local/lib/gcc/avr/4.9.1/../../../../avr/lib/avr51/libc.a(malloc.o)
                0x0000000000800204                __malloc_heap_end
                0x0000000000800206                __malloc_heap_start
                0x0000000000800208                __malloc_margin
 .data          0x000000000080020a        0x0 /opt/local/lib/gcc/avr/4.9.1/../../../../avr/lib/avr51/libc.a(memset.o)
 *(.data*)
 *(.rodata)
 .rodata        0x000000000080020a       0x51 ../../../src/platform/firefly3/source/ulib.o
                0x000000000080020a                NRK_ADC_INPUT_7
                0x000000000080020b                NRK_ADC_INPUT_6
                0x000000000080020c                NRK_ADC_INPUT_5
                0x000000000080020d                NRK_ADC_INPUT_4
                0x000000000080020e                NRK_ADC_INPUT_3
                0x000000000080020f                NRK_ADC_INPUT_2
                0x0000000000800210                NRK_ADC_INPUT_1
                0x0000000000800211                NRK_ADC_INPUT_0
                0x0000000000800212                NRK_PORTF_7
                0x0000000000800213                NRK_PORTF_6
                0x0000000000800214                NRK_PORTF_5
                0x0000000000800215                NRK_PORTF_4
                0x0000000000800216                NRK_PORTF_3
                0x0000000000800217                NRK_PORTF_2
                0x0000000000800218                NRK_PORTF_1
                0x0000000000800219                NRK_PORTF_0
                0x000000000080021a                NRK_PORTG_5
                0x000000000080021b                NRK_PORTG_4
                0x000000000080021c                NRK_PORTG_3
                0x000000000080021d                NRK_PORTG_2
                0x000000000080021e                NRK_PORTG_1
                0x000000000080021f                NRK_PORTG_0
                0x0000000000800220                NRK_ANT_1
                0x0000000000800221                NRK_ANT_0
                0x0000000000800222                NRK_UART0_TXD
                0x0000000000800223                NRK_UART0_RXD
                0x0000000000800224                NRK_PORTE_7
                0x0000000000800225                NRK_PORTE_6
                0x0000000000800226                NRK_PORTE_5
                0x0000000000800227                NRK_PORTE_4
                0x0000000000800228                NRK_PORTE_3
                0x0000000000800229                NRK_PORTE_2
                0x000000000080022a                NRK_PORTE_1
                0x000000000080022b                NRK_PORTE_0
                0x000000000080022c                NRK_LED_3
                0x000000000080022d                NRK_LED_2
                0x000000000080022e                NRK_LED_1
                0x000000000080022f                NRK_LED_0
                0x0000000000800230                NRK_UART1_TXD
                0x0000000000800231                NRK_UART1_RXD
                0x0000000000800232                NRK_BUTTON
                0x0000000000800233                NRK_PORTD_7
                0x0000000000800234                NRK_PORTD_6
                0x0000000000800235                NRK_PORTD_5
                0x0000000000800236                NRK_PORTD_4
                0x0000000000800237                NRK_PORTD_3
                0x0000000000800238                NRK_PORTD_2
                0x0000000000800239                NRK_PORTD_1
                0x000000000080023a                NRK_PORTD_0
                0x000000000080023b                NRK_PORTC_7
                0x000000000080023c                NRK_PORTC_6
                0x000000000080023d                NRK_PORTC_5
                0x000000000080023e                NRK_PORTC_4
                0x000000000080023f                NRK_PORTC_3
                0x0000000000800240                NRK_PORTC_2
                0x0000000000800241                NRK_PORTC_1
                0x0000000000800242                NRK_PORTC_0
                0x0000000000800243                NRK_PORTB_7
                0x0000000000800244                NRK_PORTB_6
                0x0000000000800245                NRK_PORTB_5
                0x0000000000800246                NRK_PORTB_4
                0x0000000000800247                NRK_PORTB_3
                0x0000000000800248                NRK_PORTB_2
                0x0000000000800249                NRK_PORTB_1
                0x000000000080024a                NRK_PORTB_0
                0x000000000080024b                NRK_MISO
                0x000000000080024c                NRK_MOSI
                0x000000000080024d                NRK_SCK
                0x000000000080024e                NRK_SPI_SS
                0x000000000080024f                NRK_DEBUG_3
                0x0000000000800250                NRK_DEBUG_2
                0x0000000000800251                NRK_DEBUG_1
                0x0000000000800252                NRK_DEBUG_0
                0x0000000000800253                NRK_PORTA_7
                0x0000000000800254                NRK_PORTA_6
                0x0000000000800255                NRK_PORTA_5
                0x0000000000800256                NRK_PORTA_4
                0x0000000000800257                NRK_PORTA_3
                0x0000000000800258                NRK_PORTA_2
                0x0000000000800259                NRK_PORTA_1
                0x000000000080025a                NRK_PORTA_0
 *(.rodata*)
 .rodata.str1.1
                0x000000000080025b       0xa8 main.o
 .rodata.str1.1
                0x0000000000800303       0x17 ../../../src/drivers/platform/firefly3/source/twi_base_calls.o
 .rodata.str1.1
                0x000000000080031a       0x83 ../../../src/radio/rf231_soc/source/basic_rf.o
 .rodata.str1.1
                0x000000000080039d       0x83 ../../../src/kernel/source/nrk_error.o
                                          0x3 (size before relaxing)
 .rodata.str1.1
                0x000000000080039d       0x41 ../../../src/kernel/source/nrk_stack_check.o
                                         0x4e (size before relaxing)
 *(.gnu.linkonce.d*)
                0x0000000000800420                . = ALIGN (0x2)
                0x0000000000800420                _edata = .
                0x0000000000800420                PROVIDE (__data_end, .)

.bss            0x00000000008003de      0x58d
                0x00000000008003de                PROVIDE (__bss_start, .)
 *(.bss)
 .bss           0x00000000008003de        0x0 /opt/local/lib/gcc/avr/4.9.1/../../../../avr/lib/avr51/crtm128rfa1.o
 .bss           0x00000000008003de        0x0 main.o
 .bss           0x00000000008003de       0xbf ../../../src/net/bmac/rf231_soc/bmac.o
 .bss           0x000000000080049d        0x0 ../../../src/drivers/platform/firefly3/source/ff_basic_sensor.o
 .bss           0x000000000080049d        0x0 ../../../src/drivers/platform/firefly3/source/twi_base_calls.o
 .bss           0x000000000080049d        0x4 ../../../src/radio/rf231_soc/source/basic_rf.o
                0x000000000080049d                rx_end_func
                0x000000000080049f                rx_start_func
 .bss           0x00000000008004a1       0x15 ../../../src/platform/firefly3/source/ulib.o
 .bss           0x00000000008004b6        0x0 ../../../src/platform/firefly3/source/hal_wait.o
 .bss           0x00000000008004b6        0x0 ../../../src/platform/firefly3/source/nrk_eeprom.o
 .bss           0x00000000008004b6        0x0 ../../../src/kernel/source/nrk.o
 .bss           0x00000000008004b6        0x0 ../../../src/kernel/source/nrk_stats.o
 .bss           0x00000000008004b6        0x0 ../../../src/kernel/source/nrk_error.o
 .bss           0x00000000008004b6        0x0 ../../../src/kernel/source/nrk_stack_check.o
 .bss           0x00000000008004b6        0x0 ../../../src/kernel/source/nrk_events.o
 .bss           0x00000000008004b6        0x0 ../../../src/kernel/source/nrk_task.o
 .bss           0x00000000008004b6        0x0 ../../../src/kernel/source/nrk_time.o
 .bss           0x00000000008004b6        0x0 ../../../src/kernel/source/nrk_idle_task.o
 .bss           0x00000000008004b6        0x0 ../../../src/kernel/source/nrk_scheduler.o
 .bss           0x00000000008004b6        0x0 ../../../src/kernel/source/nrk_driver.o
 .bss           0x00000000008004b6        0x0 ../../../src/kernel/source/nrk_reserve.o
 .bss           0x00000000008004b6        0x0 ../../../src/kernel/source/nrk_sw_wdt.o
 .bss           0x00000000008004b6        0x0 ../../../src/kernel/hal/atmega128rfa1/nrk_timer.o
 .bss           0x00000000008004b6        0x0 ../../../src/kernel/hal/atmega128rfa1/nrk_status.o
 .bss           0x00000000008004b6        0x0 ../../../src/kernel/hal/atmega128rfa1/nrk_ext_int.o
 .bss           0x00000000008004b6        0x0 ../../../src/kernel/hal/atmega128rfa1/nrk_watchdog.o
 .bss           0x00000000008004b6        0x0 ../../../src/kernel/hal/atmega128rfa1/nrk_cpu.o
 .bss           0x00000000008004b6        0x0 ../../../src/kernel/hal/atmega128rfa1/atmel_hw_specific.o
 .bss           0x00000000008004b6        0x0 /opt/local/lib/gcc/avr/4.9.1/../../../../avr/lib/avr51/libprintf_min.a(vfprintf_min.o)
 .bss           0x00000000008004b6        0x0 /opt/local/lib/gcc/avr/4.9.1/avr51/libgcc.a(_muluhisi3.o)
 .bss           0x00000000008004b6        0x0 /opt/local/lib/gcc/avr/4.9.1/avr51/libgcc.a(_mulshisi3.o)
 .bss           0x00000000008004b6        0x0 /opt/local/lib/gcc/avr/4.9.1/avr51/libgcc.a(_mulsi3.o)
 .bss           0x00000000008004b6        0x0 /opt/local/lib/gcc/avr/4.9.1/avr51/libgcc.a(_udivmodhi4.o)
 .bss           0x00000000008004b6        0x0 /opt/local/lib/gcc/avr/4.9.1/avr51/libgcc.a(_divmodhi4.o)
 .bss           0x00000000008004b6        0x0 /opt/local/lib/gcc/avr/4.9.1/avr51/libgcc.a(_udivmodsi4.o)
 .bss           0x00000000008004b6        0x0 /opt/local/lib/gcc/avr/4.9.1/avr51/libgcc.a(_divmodsi4.o)
 .bss           0x00000000008004b6        0x0 /opt/local/lib/gcc/avr/4.9.1/avr51/libgcc.a(_udivdi3.o)
 .bss           0x00000000008004b6        0x0 /opt/local/lib/gcc/avr/4.9.1/avr51/libgcc.a(_udivmod64.o)
 .bss           0x00000000008004b6        0x0 /opt/local/lib/gcc/avr/4.9.1/avr51/libgcc.a(_negsi2.o)
 .bss           0x00000000008004b6        0x0 /opt/local/lib/gcc/avr/4.9.1/avr51/libgcc.a(_exit.o)
 .bss           0x00000000008004b6        0x0 /opt/local/lib/gcc/avr/4.9.1/avr51/libgcc.a(_tablejump.o)
 .bss           0x00000000008004b6        0x0 /opt/local/lib/gcc/avr/4.9.1/avr51/libgcc.a(_copy_data.o)
 .bss           0x00000000008004b6        0x0 /opt/local/lib/gcc/avr/4.9.1/avr51/libgcc.a(_clear_bss.o)
 .bss           0x00000000008004b6        0x0 /opt/local/lib/gcc/avr/4.9.1/avr51/libgcc.a(_umulhisi3.o)
 .bss           0x00000000008004b6        0x0 /opt/local/lib/gcc/avr/4.9.1/../../../../avr/lib/avr51/libc.a(rand.o)
 .bss           0x00000000008004b6        0x0 /opt/local/lib/gcc/avr/4.9.1/../../../../avr/lib/avr51/libc.a(strchr_P.o)
 .bss           0x00000000008004b6        0x0 /opt/local/lib/gcc/avr/4.9.1/../../../../avr/lib/avr51/libc.a(memcpy.o)
 .bss           0x00000000008004b6        0x0 /opt/local/lib/gcc/avr/4.9.1/../../../../avr/lib/avr51/libc.a(fdevopen.o)
 .bss           0x00000000008004b6        0x0 /opt/local/lib/gcc/avr/4.9.1/../../../../avr/lib/avr51/libc.a(fputc.o)
 .bss           0x00000000008004b6        0x0 /opt/local/lib/gcc/avr/4.9.1/../../../../avr/lib/avr51/libc.a(iob.o)
 .bss           0x00000000008004b6        0x0 /opt/local/lib/gcc/avr/4.9.1/../../../../avr/lib/avr51/libc.a(printf.o)
 .bss           0x00000000008004b6        0x0 /opt/local/lib/gcc/avr/4.9.1/../../../../avr/lib/avr51/libc.a(putchar.o)
 .bss           0x00000000008004b6        0x0 /opt/local/lib/gcc/avr/4.9.1/../../../../avr/lib/avr51/libc.a(puts.o)
 .bss           0x00000000008004b6        0x0 /opt/local/lib/gcc/avr/4.9.1/../../../../avr/lib/avr51/libc.a(sprintf.o)
 .bss           0x00000000008004b6        0x0 /opt/local/lib/gcc/avr/4.9.1/../../../../avr/lib/avr51/libc.a(ultoa_invert.o)
 .bss           0x00000000008004b6        0x0 /opt/local/lib/gcc/avr/4.9.1/../../../../avr/lib/avr51/libc.a(eerd_byte_atmega128rfa1.o)
 .bss           0x00000000008004b6        0x0 /opt/local/lib/gcc/avr/4.9.1/../../../../avr/lib/avr51/libc.a(eewr_byte_atmega128rfa1.o)
 .bss           0x00000000008004b6        0x0 /opt/local/lib/gcc/avr/4.9.1/../../../../avr/lib/avr51/libc.a(calloc.o)
 .bss           0x00000000008004b6        0x0 /opt/local/lib/gcc/avr/4.9.1/../../../../avr/lib/avr51/libc.a(malloc.o)
 .bss           0x00000000008004b6        0x0 /opt/local/lib/gcc/avr/4.9.1/../../../../avr/lib/avr51/libc.a(memset.o)
 *(.bss*)
 *(COMMON)
 COMMON         0x00000000008004b6      0x311 main.o
                0x00000000008004b6                WHACKY_TASK
                0x00000000008004d9                error_task
                0x00000000008004da                bmac_enable_signal
                0x00000000008004db                bmac_rfTxInfo
                0x00000000008004e2                _nrk_signal_list
                0x00000000008004e6                bmac_rx_pkt_signal
                0x00000000008004e7                rx_buf
                0x000000000080055b                nrk_kernel_stk_ptr
                0x000000000080055d                tx_buf
                0x00000000008005d1                bmac_rfRxInfo
                0x00000000008005dd                error_num
                0x00000000008005de                whacky_buf
                0x0000000000800652                nrk_idle_task_stk
                0x00000000008006d2                bmac_tx_pkt_done_signal
                0x00000000008006d3                whacky_task_stack
                0x0000000000800753                cmd
 COMMON         0x00000000008007c7        0x5 ../../../src/net/bmac/rf231_soc/bmac.o
                0x00000000008007c7                app_timer0_callback
                0x00000000008007c9                _nrk_time_trigger
                0x00000000008007ca                app_timer0_prescale
                0x00000000008007cb                _nrk_prev_timer_val
 COMMON         0x00000000008007cc       0x49 ../../../src/drivers/platform/firefly3/source/ff_basic_sensor.o
                0x00000000008007cc                eeprom_values
                0x00000000008007e2                B6
                0x00000000008007e6                UT
                0x00000000008007ea                X2
                0x00000000008007ee                T
                0x00000000008007f2                B5
                0x00000000008007f6                is_open
                0x00000000008007f7                X1
                0x00000000008007fb                channel
                0x00000000008007fc                X3
                0x0000000000800800                B4
                0x0000000000800804                h_cnt
                0x0000000000800805                B7
                0x0000000000800809                UP
                0x000000000080080d                P
                0x0000000000800811                B3
 COMMON         0x0000000000800815        0x2 ../../../src/drivers/platform/firefly3/source/twi_base_calls.o
                0x0000000000800815                twst
                0x0000000000800816                i2c_address
 COMMON         0x0000000000800817       0x53 ../../../src/radio/rf231_soc/source/basic_rf.o
                0x0000000000800817                rx_ctr
                0x000000000080081b                radio_sem
                0x000000000080081d                use_glossy
                0x000000000080081e                mdmctrl0
                0x0000000000800820                rfSettings
                0x0000000000800829                curr_t
                0x0000000000800831                tx_done
                0x0000000000800832                ekey
                0x0000000000800842                rf_ready
                0x0000000000800843                target_t
                0x000000000080084b                dkey
                0x000000000080085b                tx_ctr
                0x0000000000800861                rx_ready
                0x0000000000800862                dummy_t
 COMMON         0x000000000080086a       0xe3 ../../../src/kernel/source/nrk.o
                0x000000000080086a                _free_node
                0x000000000080086c                nrk_task_TCB
                0x0000000000800918                next_next_wakeup
                0x000000000080091a                nrk_sem_list
                0x0000000000800920                nrk_task_init_cnt
                0x0000000000800921                nrk_wakeup_signal
                0x0000000000800922                nrk_high_ready_TCB
                0x0000000000800924                nrk_cur_task_prio
                0x0000000000800925                _nrk_cpu_state
                0x0000000000800926                _head_node
                0x0000000000800928                nrk_system_time
                0x0000000000800930                _nrk_resource_cnt
                0x0000000000800931                nrk_cur_task_TCB
                0x0000000000800933                nrk_high_ready_prio
                0x0000000000800934                _nrk_readyQ
 COMMON         0x000000000080094d        0x1 ../../../src/kernel/source/nrk_scheduler.o
                0x000000000080094d                t
 COMMON         0x000000000080094e        0xb ../../../src/kernel/source/nrk_driver.o
                0x000000000080094e                _nrk_driver_count
                0x000000000080094f                nrk_drivers
                0x0000000000800957                nrk_driver_init
 COMMON         0x0000000000800959        0x8 ../../../src/kernel/hal/atmega128rfa1/nrk_ext_int.o
                0x0000000000800959                ext_int1_callback
                0x000000000080095b                ext_int0_callback
                0x000000000080095d                ext_int2_callback
                0x000000000080095f                pc_int0_callback
 COMMON         0x0000000000800961        0x6 /opt/local/lib/gcc/avr/4.9.1/../../../../avr/lib/avr51/libc.a(iob.o)
                0x0000000000800961                __iob
 COMMON         0x0000000000800967        0x4 /opt/local/lib/gcc/avr/4.9.1/../../../../avr/lib/avr51/libc.a(malloc.o)
                0x0000000000800967                __brkval
                0x0000000000800969                __flp
                0x000000000080096b                PROVIDE (__bss_end, .)
                0x00000000000069ec                __data_load_start = LOADADDR (.data)
                0x0000000000006bca                __data_load_end = (__data_load_start + SIZEOF (.data))

.noinit         0x000000000080096b        0x0
                0x000000000080096b                PROVIDE (__noinit_start, .)
 *(.noinit*)
                0x000000000080096b                PROVIDE (__noinit_end, .)
                0x000000000080096b                _end = .
                0x000000000080096b                PROVIDE (__heap_start, .)

.eeprom         0x0000000000810000        0x0
 *(.eeprom*)
                0x0000000000810000                __eeprom_end = .

.fuse
 *(.fuse)
 *(.lfuse)
 *(.hfuse)
 *(.efuse)

.lock
 *(.lock*)

.signature
 *(.signature*)

.stab           0x0000000000000000    0x13e00
 *(.stab)
 .stab          0x0000000000000000     0x1734 main.o
 .stab          0x0000000000001734     0x1b60 ../../../src/net/bmac/rf231_soc/bmac.o
                                       0x26c4 (size before relaxing)
 .stab          0x0000000000003294     0x12c0 ../../../src/drivers/platform/firefly3/source/ff_basic_sensor.o
                                       0x1e3c (size before relaxing)
 .stab          0x0000000000004554      0xac8 ../../../src/drivers/platform/firefly3/source/twi_base_calls.o
                                       0x165c (size before relaxing)
 .stab          0x000000000000501c     0x225c ../../../src/radio/rf231_soc/source/basic_rf.o
                                       0x2d0c (size before relaxing)
 .stab          0x0000000000007278     0x174c ../../../src/platform/firefly3/source/ulib.o
                                       0x21f0 (size before relaxing)
 .stab          0x00000000000089c4      0x378 ../../../src/platform/firefly3/source/hal_wait.o
                                        0xd50 (size before relaxing)
 .stab          0x0000000000008d3c      0x7ec ../../../src/platform/firefly3/source/nrk_eeprom.o
                                       0x1278 (size before relaxing)
 .stab          0x0000000000009528      0xba0 ../../../src/kernel/source/nrk.o
                                       0x16b0 (size before relaxing)
 .stab          0x000000000000a0c8      0x420 ../../../src/kernel/source/nrk_stats.o
                                        0xf54 (size before relaxing)
 .stab          0x000000000000a4e8      0xba0 ../../../src/kernel/source/nrk_error.o
                                       0x16e0 (size before relaxing)
 .stab          0x000000000000b088      0x624 ../../../src/kernel/source/nrk_stack_check.o
                                       0x1158 (size before relaxing)
 .stab          0x000000000000b6ac     0x1068 ../../../src/kernel/source/nrk_events.o
                                       0x1bb4 (size before relaxing)
 .stab          0x000000000000c714     0x10e0 ../../../src/kernel/source/nrk_task.o
                                       0x1c2c (size before relaxing)
 .stab          0x000000000000d7f4      0x93c ../../../src/kernel/source/nrk_time.o
                                       0x1488 (size before relaxing)
 .stab          0x000000000000e130      0x4bc ../../../src/kernel/source/nrk_idle_task.o
                                       0x1008 (size before relaxing)
 .stab          0x000000000000e5ec      0x9c0 ../../../src/kernel/source/nrk_scheduler.o
                                       0x150c (size before relaxing)
 .stab          0x000000000000efac      0x870 ../../../src/kernel/source/nrk_driver.o
                                       0x13e0 (size before relaxing)
 .stab          0x000000000000f81c      0x264 ../../../src/kernel/source/nrk_reserve.o
                                        0x270 (size before relaxing)
 .stab          0x000000000000fa80      0x390 ../../../src/kernel/source/nrk_sw_wdt.o
                                        0xec4 (size before relaxing)
 .stab          0x000000000000fe10     0x111c ../../../src/kernel/hal/atmega128rfa1/nrk_timer.o
                                       0x1c5c (size before relaxing)
 .stab          0x0000000000010f2c      0x474 ../../../src/kernel/hal/atmega128rfa1/nrk_status.o
                                        0xf18 (size before relaxing)
 .stab          0x00000000000113a0      0xa14 ../../../src/kernel/hal/atmega128rfa1/nrk_ext_int.o
                                       0x14b8 (size before relaxing)
 .stab          0x0000000000011db4      0x540 ../../../src/kernel/hal/atmega128rfa1/nrk_watchdog.o
                                       0x1068 (size before relaxing)
 .stab          0x00000000000122f4      0x894 ../../../src/kernel/hal/atmega128rfa1/nrk_cpu.o
                                       0x13d4 (size before relaxing)
 .stab          0x0000000000012b88      0x204 ../../../src/kernel/hal/atmega128rfa1/atmel_hw_specific.o
                                        0x210 (size before relaxing)
 .stab          0x0000000000012d8c       0xcc /opt/local/lib/gcc/avr/4.9.1/avr51/libgcc.a(_muluhisi3.o)
                                         0xd8 (size before relaxing)
 .stab          0x0000000000012e58       0xcc /opt/local/lib/gcc/avr/4.9.1/avr51/libgcc.a(_mulshisi3.o)
                                         0xd8 (size before relaxing)
 .stab          0x0000000000012f24      0x108 /opt/local/lib/gcc/avr/4.9.1/avr51/libgcc.a(_mulsi3.o)
                                        0x114 (size before relaxing)
 .stab          0x000000000001302c      0x15c /opt/local/lib/gcc/avr/4.9.1/avr51/libgcc.a(_udivmodhi4.o)
                                        0x168 (size before relaxing)
 .stab          0x0000000000013188      0x138 /opt/local/lib/gcc/avr/4.9.1/avr51/libgcc.a(_divmodhi4.o)
                                        0x144 (size before relaxing)
 .stab          0x00000000000132c0      0x228 /opt/local/lib/gcc/avr/4.9.1/avr51/libgcc.a(_udivmodsi4.o)
                                        0x234 (size before relaxing)
 .stab          0x00000000000134e8      0x144 /opt/local/lib/gcc/avr/4.9.1/avr51/libgcc.a(_divmodsi4.o)
                                        0x150 (size before relaxing)
 .stab          0x000000000001362c      0x150 /opt/local/lib/gcc/avr/4.9.1/avr51/libgcc.a(_udivdi3.o)
                                        0x15c (size before relaxing)
 .stab          0x000000000001377c      0x234 /opt/local/lib/gcc/avr/4.9.1/avr51/libgcc.a(_udivmod64.o)
                                        0x240 (size before relaxing)
 .stab          0x00000000000139b0       0x6c /opt/local/lib/gcc/avr/4.9.1/avr51/libgcc.a(_negsi2.o)
                                         0x78 (size before relaxing)
 .stab          0x0000000000013a1c       0x6c /opt/local/lib/gcc/avr/4.9.1/avr51/libgcc.a(_exit.o)
                                         0x78 (size before relaxing)
 .stab          0x0000000000013a88       0xcc /opt/local/lib/gcc/avr/4.9.1/avr51/libgcc.a(_tablejump.o)
                                         0xd8 (size before relaxing)
 .stab          0x0000000000013b54       0xf0 /opt/local/lib/gcc/avr/4.9.1/avr51/libgcc.a(_copy_data.o)
                                         0xfc (size before relaxing)
 .stab          0x0000000000013c44       0xb4 /opt/local/lib/gcc/avr/4.9.1/avr51/libgcc.a(_clear_bss.o)
                                         0xc0 (size before relaxing)
 .stab          0x0000000000013cf8      0x108 /opt/local/lib/gcc/avr/4.9.1/avr51/libgcc.a(_umulhisi3.o)
                                        0x114 (size before relaxing)

.stabstr        0x0000000000000000     0x9892
 *(.stabstr)
 .stabstr       0x0000000000000000     0x9892 main.o

.stab.excl
 *(.stab.excl)

.stab.exclstr
 *(.stab.exclstr)

.stab.index
 *(.stab.index)

.stab.indexstr
 *(.stab.indexstr)

.comment        0x0000000000000000       0x11
 *(.comment)
 .comment       0x0000000000000000       0x11 main.o
                                         0x12 (size before relaxing)
 .comment       0x0000000000000011       0x12 ../../../src/net/bmac/rf231_soc/bmac.o
 .comment       0x0000000000000011       0x12 ../../../src/drivers/platform/firefly3/source/ff_basic_sensor.o
 .comment       0x0000000000000011       0x12 ../../../src/drivers/platform/firefly3/source/twi_base_calls.o
 .comment       0x0000000000000011       0x12 ../../../src/radio/rf231_soc/source/basic_rf.o
 .comment       0x0000000000000011       0x12 ../../../src/platform/firefly3/source/ulib.o
 .comment       0x0000000000000011       0x12 ../../../src/platform/firefly3/source/hal_wait.o
 .comment       0x0000000000000011       0x12 ../../../src/platform/firefly3/source/nrk_eeprom.o
 .comment       0x0000000000000011       0x12 ../../../src/kernel/source/nrk.o
 .comment       0x0000000000000011       0x12 ../../../src/kernel/source/nrk_stats.o
 .comment       0x0000000000000011       0x12 ../../../src/kernel/source/nrk_error.o
 .comment       0x0000000000000011       0x12 ../../../src/kernel/source/nrk_stack_check.o
 .comment       0x0000000000000011       0x12 ../../../src/kernel/source/nrk_events.o
 .comment       0x0000000000000011       0x12 ../../../src/kernel/source/nrk_task.o
 .comment       0x0000000000000011       0x12 ../../../src/kernel/source/nrk_time.o
 .comment       0x0000000000000011       0x12 ../../../src/kernel/source/nrk_idle_task.o
 .comment       0x0000000000000011       0x12 ../../../src/kernel/source/nrk_scheduler.o
 .comment       0x0000000000000011       0x12 ../../../src/kernel/source/nrk_driver.o
 .comment       0x0000000000000011       0x12 ../../../src/kernel/source/nrk_reserve.o
 .comment       0x0000000000000011       0x12 ../../../src/kernel/source/nrk_sw_wdt.o
 .comment       0x0000000000000011       0x12 ../../../src/kernel/hal/atmega128rfa1/nrk_timer.o
 .comment       0x0000000000000011       0x12 ../../../src/kernel/hal/atmega128rfa1/nrk_status.o
 .comment       0x0000000000000011       0x12 ../../../src/kernel/hal/atmega128rfa1/nrk_ext_int.o
 .comment       0x0000000000000011       0x12 ../../../src/kernel/hal/atmega128rfa1/nrk_watchdog.o
 .comment       0x0000000000000011       0x12 ../../../src/kernel/hal/atmega128rfa1/nrk_cpu.o
 .comment       0x0000000000000011       0x12 /opt/local/lib/gcc/avr/4.9.1/../../../../avr/lib/avr51/libprintf_min.a(vfprintf_min.o)
 .comment       0x0000000000000011       0x12 /opt/local/lib/gcc/avr/4.9.1/../../../../avr/lib/avr51/libc.a(rand.o)
 .comment       0x0000000000000011       0x12 /opt/local/lib/gcc/avr/4.9.1/../../../../avr/lib/avr51/libc.a(fdevopen.o)
 .comment       0x0000000000000011       0x12 /opt/local/lib/gcc/avr/4.9.1/../../../../avr/lib/avr51/libc.a(fputc.o)
 .comment       0x0000000000000011       0x12 /opt/local/lib/gcc/avr/4.9.1/../../../../avr/lib/avr51/libc.a(iob.o)
 .comment       0x0000000000000011       0x12 /opt/local/lib/gcc/avr/4.9.1/../../../../avr/lib/avr51/libc.a(printf.o)
 .comment       0x0000000000000011       0x12 /opt/local/lib/gcc/avr/4.9.1/../../../../avr/lib/avr51/libc.a(putchar.o)
 .comment       0x0000000000000011       0x12 /opt/local/lib/gcc/avr/4.9.1/../../../../avr/lib/avr51/libc.a(puts.o)
 .comment       0x0000000000000011       0x12 /opt/local/lib/gcc/avr/4.9.1/../../../../avr/lib/avr51/libc.a(sprintf.o)
 .comment       0x0000000000000011       0x12 /opt/local/lib/gcc/avr/4.9.1/../../../../avr/lib/avr51/libc.a(calloc.o)
 .comment       0x0000000000000011       0x12 /opt/local/lib/gcc/avr/4.9.1/../../../../avr/lib/avr51/libc.a(malloc.o)

.note.gnu.build-id
 *(.note.gnu.build-id)

.debug
 *(.debug)

.line
 *(.line)

.debug_srcinfo
 *(.debug_srcinfo)

.debug_sfnames
 *(.debug_sfnames)

.debug_aranges
 *(.debug_aranges)

.debug_pubnames
 *(.debug_pubnames)

.debug_info     0x0000000000000000     0x1160
 *(.debug_info .gnu.linkonce.wi.*)
 .debug_info    0x0000000000000000     0x1160 /opt/local/lib/gcc/avr/4.9.1/../../../../avr/lib/avr51/crtm128rfa1.o

.debug_abbrev   0x0000000000000000     0x1072
 *(.debug_abbrev)
 .debug_abbrev  0x0000000000000000     0x1072 /opt/local/lib/gcc/avr/4.9.1/../../../../avr/lib/avr51/crtm128rfa1.o

.debug_line     0x0000000000000000       0x1d
 *(.debug_line .debug_line.* .debug_line_end)
 .debug_line    0x0000000000000000       0x1d /opt/local/lib/gcc/avr/4.9.1/../../../../avr/lib/avr51/crtm128rfa1.o

.debug_frame
 *(.debug_frame)

.debug_str      0x0000000000000000      0x6de
 *(.debug_str)
 .debug_str     0x0000000000000000      0x6de /opt/local/lib/gcc/avr/4.9.1/../../../../avr/lib/avr51/crtm128rfa1.o

.debug_loc
 *(.debug_loc)

.debug_macinfo
 *(.debug_macinfo)

.debug_weaknames
 *(.debug_weaknames)

.debug_funcnames
 *(.debug_funcnames)

.debug_typenames
 *(.debug_typenames)

.debug_varnames
 *(.debug_varnames)

.debug_pubtypes
 *(.debug_pubtypes)

.debug_ranges
 *(.debug_ranges)

.debug_macro
 *(.debug_macro)
OUTPUT(main.elf elf32-avr)
LOAD linker stubs

Cross Reference Table

Symbol                                            File
B3                                                ../../../src/drivers/platform/firefly3/source/ff_basic_sensor.o
B4                                                ../../../src/drivers/platform/firefly3/source/ff_basic_sensor.o
B5                                                ../../../src/drivers/platform/firefly3/source/ff_basic_sensor.o
B6                                                ../../../src/drivers/platform/firefly3/source/ff_basic_sensor.o
B7                                                ../../../src/drivers/platform/firefly3/source/ff_basic_sensor.o
NRK_ADC_INPUT_0                                   ../../../src/platform/firefly3/source/ulib.o
NRK_ADC_INPUT_1                                   ../../../src/platform/firefly3/source/ulib.o
NRK_ADC_INPUT_2                                   ../../../src/platform/firefly3/source/ulib.o
NRK_ADC_INPUT_3                                   ../../../src/platform/firefly3/source/ulib.o
NRK_ADC_INPUT_4                                   ../../../src/platform/firefly3/source/ulib.o
NRK_ADC_INPUT_5                                   ../../../src/platform/firefly3/source/ulib.o
NRK_ADC_INPUT_6                                   ../../../src/platform/firefly3/source/ulib.o
NRK_ADC_INPUT_7                                   ../../../src/platform/firefly3/source/ulib.o
NRK_ANT_0                                         ../../../src/platform/firefly3/source/ulib.o
NRK_ANT_1                                         ../../../src/platform/firefly3/source/ulib.o
NRK_BUTTON                                        ../../../src/platform/firefly3/source/ulib.o
NRK_DEBUG_0                                       ../../../src/platform/firefly3/source/ulib.o
NRK_DEBUG_1                                       ../../../src/platform/firefly3/source/ulib.o
NRK_DEBUG_2                                       ../../../src/platform/firefly3/source/ulib.o
NRK_DEBUG_3                                       ../../../src/platform/firefly3/source/ulib.o
NRK_LED_0                                         ../../../src/platform/firefly3/source/ulib.o
NRK_LED_1                                         ../../../src/platform/firefly3/source/ulib.o
NRK_LED_2                                         ../../../src/platform/firefly3/source/ulib.o
NRK_LED_3                                         ../../../src/platform/firefly3/source/ulib.o
NRK_MISO                                          ../../../src/platform/firefly3/source/ulib.o
NRK_MOSI                                          ../../../src/platform/firefly3/source/ulib.o
NRK_PORTA_0                                       ../../../src/platform/firefly3/source/ulib.o
NRK_PORTA_1                                       ../../../src/platform/firefly3/source/ulib.o
NRK_PORTA_2                                       ../../../src/platform/firefly3/source/ulib.o
NRK_PORTA_3                                       ../../../src/platform/firefly3/source/ulib.o
NRK_PORTA_4                                       ../../../src/platform/firefly3/source/ulib.o
NRK_PORTA_5                                       ../../../src/platform/firefly3/source/ulib.o
NRK_PORTA_6                                       ../../../src/platform/firefly3/source/ulib.o
NRK_PORTA_7                                       ../../../src/platform/firefly3/source/ulib.o
NRK_PORTB_0                                       ../../../src/platform/firefly3/source/ulib.o
NRK_PORTB_1                                       ../../../src/platform/firefly3/source/ulib.o
NRK_PORTB_2                                       ../../../src/platform/firefly3/source/ulib.o
NRK_PORTB_3                                       ../../../src/platform/firefly3/source/ulib.o
NRK_PORTB_4                                       ../../../src/platform/firefly3/source/ulib.o
NRK_PORTB_5                                       ../../../src/platform/firefly3/source/ulib.o
NRK_PORTB_6                                       ../../../src/platform/firefly3/source/ulib.o
NRK_PORTB_7                                       ../../../src/platform/firefly3/source/ulib.o
NRK_PORTC_0                                       ../../../src/platform/firefly3/source/ulib.o
NRK_PORTC_1                                       ../../../src/platform/firefly3/source/ulib.o
NRK_PORTC_2                                       ../../../src/platform/firefly3/source/ulib.o
NRK_PORTC_3                                       ../../../src/platform/firefly3/source/ulib.o
NRK_PORTC_4                                       ../../../src/platform/firefly3/source/ulib.o
NRK_PORTC_5                                       ../../../src/platform/firefly3/source/ulib.o
NRK_PORTC_6                                       ../../../src/platform/firefly3/source/ulib.o
NRK_PORTC_7                                       ../../../src/platform/firefly3/source/ulib.o
NRK_PORTD_0                                       ../../../src/platform/firefly3/source/ulib.o
NRK_PORTD_1                                       ../../../src/platform/firefly3/source/ulib.o
NRK_PORTD_2                                       ../../../src/platform/firefly3/source/ulib.o
NRK_PORTD_3                                       ../../../src/platform/firefly3/source/ulib.o
NRK_PORTD_4                                       ../../../src/platform/firefly3/source/ulib.o
NRK_PORTD_5                                       ../../../src/platform/firefly3/source/ulib.o
NRK_PORTD_6                                       ../../../src/platform/firefly3/source/ulib.o