Archive member included to satisfy reference by file (symbol)

/opt/local/lib/gcc/avr/4.9.1/../../../../avr/lib/avr51/libprintf_min.a(vfprintf_min.o)
                              (vfprintf)
/opt/local/lib/gcc/avr/4.9.1/avr51/libgcc.a(_muluhisi3.o)
                              main.o (__muluhisi3)
/opt/local/lib/gcc/avr/4.9.1/avr51/libgcc.a(_mulsi3.o)
                              ../../../src/kernel/source/nrk_time.o (__mulsi3)
/opt/local/lib/gcc/avr/4.9.1/avr51/libgcc.a(_udivmodhi4.o)
                              ../../../src/net/bmac/rf231_soc/bmac.o (__udivmodhi4)
/opt/local/lib/gcc/avr/4.9.1/avr51/libgcc.a(_divmodhi4.o)
                              main.o (__divmodhi4)
/opt/local/lib/gcc/avr/4.9.1/avr51/libgcc.a(_udivmodsi4.o)
                              main.o (__udivmodsi4)
/opt/local/lib/gcc/avr/4.9.1/avr51/libgcc.a(_udivdi3.o)
                              ../../../src/kernel/source/nrk_time.o (__udivdi3)
/opt/local/lib/gcc/avr/4.9.1/avr51/libgcc.a(_udivmod64.o)
                              /opt/local/lib/gcc/avr/4.9.1/avr51/libgcc.a(_udivdi3.o) (__udivmod64)
/opt/local/lib/gcc/avr/4.9.1/avr51/libgcc.a(_exit.o)
                              /opt/local/lib/gcc/avr/4.9.1/../../../../avr/lib/avr51/crtm128rfa1.o (exit)
/opt/local/lib/gcc/avr/4.9.1/avr51/libgcc.a(_tablejump.o)
                              ../../../src/platform/firefly3/source/ulib.o (__tablejump2__)
/opt/local/lib/gcc/avr/4.9.1/avr51/libgcc.a(_copy_data.o)
                              main.o (__do_copy_data)
/opt/local/lib/gcc/avr/4.9.1/avr51/libgcc.a(_clear_bss.o)
                              main.o (__do_clear_bss)
/opt/local/lib/gcc/avr/4.9.1/avr51/libgcc.a(_umulhisi3.o)
                              /opt/local/lib/gcc/avr/4.9.1/avr51/libgcc.a(_muluhisi3.o) (__umulhisi3)
/opt/local/lib/gcc/avr/4.9.1/../../../../avr/lib/avr51/libc.a(rand.o)
                              main.o (rand)
/opt/local/lib/gcc/avr/4.9.1/../../../../avr/lib/avr51/libc.a(atoi.o)
                              main.o (atoi)
/opt/local/lib/gcc/avr/4.9.1/../../../../avr/lib/avr51/libc.a(strchr_P.o)
                              /opt/local/lib/gcc/avr/4.9.1/../../../../avr/lib/avr51/libprintf_min.a(vfprintf_min.o) (strchr_P)
/opt/local/lib/gcc/avr/4.9.1/../../../../avr/lib/avr51/libc.a(strtok.o)
                              main.o (strtok)
/opt/local/lib/gcc/avr/4.9.1/../../../../avr/lib/avr51/libc.a(memcpy.o)
                              ../../../src/radio/rf231_soc/source/basic_rf.o (memcpy)
/opt/local/lib/gcc/avr/4.9.1/../../../../avr/lib/avr51/libc.a(strcmp.o)
                              main.o (strcmp)
/opt/local/lib/gcc/avr/4.9.1/../../../../avr/lib/avr51/libc.a(strtok_r.o)
                              /opt/local/lib/gcc/avr/4.9.1/../../../../avr/lib/avr51/libc.a(strtok.o) (strtok_r)
/opt/local/lib/gcc/avr/4.9.1/../../../../avr/lib/avr51/libc.a(mul10.o)
                              /opt/local/lib/gcc/avr/4.9.1/../../../../avr/lib/avr51/libc.a(atoi.o) (__mulhi_const_10)
/opt/local/lib/gcc/avr/4.9.1/../../../../avr/lib/avr51/libc.a(fdevopen.o)
                              ../../../src/platform/firefly3/source/ulib.o (fdevopen)
/opt/local/lib/gcc/avr/4.9.1/../../../../avr/lib/avr51/libc.a(fgetc.o)
                              main.o (fgetc)
/opt/local/lib/gcc/avr/4.9.1/../../../../avr/lib/avr51/libc.a(fputc.o)
                              ../../../src/platform/firefly3/source/ulib.o (fputc)
/opt/local/lib/gcc/avr/4.9.1/../../../../avr/lib/avr51/libc.a(iob.o)
                              main.o (__iob)
/opt/local/lib/gcc/avr/4.9.1/../../../../avr/lib/avr51/libc.a(printf.o)
                              main.o (printf)
/opt/local/lib/gcc/avr/4.9.1/../../../../avr/lib/avr51/libc.a(putchar.o)
                              ../../../src/radio/rf231_soc/source/basic_rf.o (putchar)
/opt/local/lib/gcc/avr/4.9.1/../../../../avr/lib/avr51/libc.a(puts.o)
                              ../../../src/radio/rf231_soc/source/basic_rf.o (puts)
/opt/local/lib/gcc/avr/4.9.1/../../../../avr/lib/avr51/libc.a(sprintf.o)
                              main.o (sprintf)
/opt/local/lib/gcc/avr/4.9.1/../../../../avr/lib/avr51/libc.a(ultoa_invert.o)
                              /opt/local/lib/gcc/avr/4.9.1/../../../../avr/lib/avr51/libprintf_min.a(vfprintf_min.o) (__ultoa_invert)
/opt/local/lib/gcc/avr/4.9.1/../../../../avr/lib/avr51/libc.a(time.o)
                              main.o (time)
/opt/local/lib/gcc/avr/4.9.1/../../../../avr/lib/avr51/libc.a(eerd_byte_atmega128rfa1.o)
                              ../../../src/platform/firefly3/source/nrk_eeprom.o (__eerd_byte_m128rfa1)
/opt/local/lib/gcc/avr/4.9.1/../../../../avr/lib/avr51/libc.a(eewr_byte_atmega128rfa1.o)
                              ../../../src/platform/firefly3/source/nrk_eeprom.o (__eewr_byte_m128rfa1)
/opt/local/lib/gcc/avr/4.9.1/../../../../avr/lib/avr51/libc.a(calloc.o)
                              /opt/local/lib/gcc/avr/4.9.1/../../../../avr/lib/avr51/libc.a(fdevopen.o) (calloc)
[...]
Memory Configuration

Name             Origin             Length             Attributes
text             0x0000000000000000 0x0000000000020000 xr
data             0x0000000000800100 0x000000000000ff00 rw !x
eeprom           0x0000000000810000 0x0000000000010000 rw !x
fuse             0x0000000000820000 0x0000000000000400 rw !x
lock             0x0000000000830000 0x0000000000000400 rw !x
signature        0x0000000000840000 0x0000000000000400 rw !x
*default*        0x0000000000000000 0xffffffffffffffff

Linker script and memory map

Address of section .data set to 0x800200
LOAD /opt/local/lib/gcc/avr/4.9.1/../../../../avr/lib/avr51/crtm128rfa1.o
LOAD main.o
LOAD ../../../src/net/bmac/rf231_soc/bmac.o
LOAD ../../../src/radio/rf231_soc/source/basic_rf.o
LOAD ../../../src/platform/firefly3/source/ulib.o
LOAD ../../../src/platform/firefly3/source/hal_wait.o
LOAD ../../../src/platform/firefly3/source/nrk_eeprom.o
LOAD ../../../src/kernel/source/nrk.o
LOAD ../../../src/kernel/source/nrk_stats.o
LOAD ../../../src/kernel/source/nrk_error.o
LOAD ../../../src/kernel/source/nrk_stack_check.o
LOAD ../../../src/kernel/source/nrk_events.o
LOAD ../../../src/kernel/source/nrk_task.o
LOAD ../../../src/kernel/source/nrk_time.o
LOAD ../../../src/kernel/source/nrk_idle_task.o
LOAD ../../../src/kernel/source/nrk_scheduler.o
LOAD ../../../src/kernel/source/nrk_driver.o
LOAD ../../../src/kernel/source/nrk_reserve.o
LOAD ../../../src/kernel/source/nrk_sw_wdt.o
LOAD ../../../src/kernel/hal/atmega128rfa1/nrk_timer.o
LOAD ../../../src/kernel/hal/atmega128rfa1/nrk_status.o
LOAD ../../../src/kernel/hal/atmega128rfa1/nrk_ext_int.o
LOAD ../../../src/kernel/hal/atmega128rfa1/nrk_watchdog.o
LOAD ../../../src/kernel/hal/atmega128rfa1/nrk_cpu.o
LOAD ../../../src/kernel/hal/atmega128rfa1/atmel_hw_specific.o
LOAD /opt/local/lib/gcc/avr/4.9.1/../../../../avr/lib/avr51/libprintf_min.a
LOAD /opt/local/lib/gcc/avr/4.9.1/../../../../avr/lib/avr51/libm.a
START GROUP
LOAD /opt/local/lib/gcc/avr/4.9.1/avr51/libgcc.a
LOAD /opt/local/lib/gcc/avr/4.9.1/../../../../avr/lib/avr51/libm.a
LOAD /opt/local/lib/gcc/avr/4.9.1/../../../../avr/lib/avr51/libc.a
END GROUP

.hash
 *(.hash)

.dynsym
 *(.dynsym)

.dynstr
 *(.dynstr)

.gnu.version
 *(.gnu.version)

.gnu.version_d
 *(.gnu.version_d)

.gnu.version_r
 *(.gnu.version_r)

.rel.init
 *(.rel.init)

.rela.init
 *(.rela.init)

.rel.text
 *(.rel.text)
 *(.rel.text.*)
 *(.rel.gnu.linkonce.t*)

.rela.text
 *(.rela.text)
 *(.rela.text.*)
 *(.rela.gnu.linkonce.t*)

.rel.fini
 *(.rel.fini)

.rela.fini
 *(.rela.fini)

.rel.rodata
 *(.rel.rodata)
 *(.rel.rodata.*)
 *(.rel.gnu.linkonce.r*)

.rela.rodata
 *(.rela.rodata)
 *(.rela.rodata.*)
 *(.rela.gnu.linkonce.r*)

.rel.data
 *(.rel.data)
 *(.rel.data.*)
 *(.rel.gnu.linkonce.d*)

.rela.data
 *(.rela.data)
 *(.rela.data.*)
 *(.rela.gnu.linkonce.d*)

.rel.ctors
 *(.rel.ctors)

.rela.ctors
 *(.rela.ctors)

.rel.dtors
 *(.rel.dtors)

.rela.dtors
 *(.rela.dtors)

.rel.got
 *(.rel.got)

.rela.got
 *(.rela.got)

.rel.bss
 *(.rel.bss)

.rela.bss
 *(.rela.bss)

.rel.plt
 *(.rel.plt)

.rela.plt
 *(.rela.plt)

.text           0x0000000000000000     0x609a
 *(.vectors)
 .vectors       0x0000000000000000      0x120 /opt/local/lib/gcc/avr/4.9.1/../../../../avr/lib/avr51/crtm128rfa1.o
                0x0000000000000000                __vectors
 *(.vectors)
 *(.progmem.gcc*)
 .progmem.gcc_sw_table
                0x0000000000000120       0x54 ../../../src/platform/firefly3/source/ulib.o
 .progmem.gcc_sw_table
                0x0000000000000174       0x40 ../../../src/kernel/source/nrk_error.o
                0x00000000000001b4                . = ALIGN (0x2)
                0x00000000000001b4                __trampolines_start = .
 *(.trampolines)
 .trampolines   0x00000000000001b4        0x0 linker stubs
 *(.trampolines*)
                0x00000000000001b4                __trampolines_end = .
 *(.progmem*)
 .progmem.data  0x00000000000001b4       0xfd main.o
 .progmem.data  0x00000000000002b1       0xdf ../../../src/net/bmac/rf231_soc/bmac.o
 .progmem.data  0x0000000000000390       0x15 ../../../src/platform/firefly3/source/ulib.o
 .progmem.data  0x00000000000003a5      0x238 ../../../src/kernel/source/nrk_error.o
 .progmem.data  0x00000000000005dd        0xf ../../../src/kernel/source/nrk_stack_check.o
 .progmem.data  0x00000000000005ec       0x17 /opt/local/lib/gcc/avr/4.9.1/../../../../avr/lib/avr51/libprintf_min.a(vfprintf_min.o)
                0x0000000000000604                . = ALIGN (0x2)
 *fill*         0x0000000000000603        0x1 
 *(.jumptables)
 *(.jumptables*)
 *(.lowtext)
 *(.lowtext*)
                0x0000000000000604                __ctors_start = .
 *(.ctors)
                0x0000000000000604                __ctors_end = .
                0x0000000000000604                __dtors_start = .
 *(.dtors)
                0x0000000000000604                __dtors_end = .
 SORT(*)(.ctors)
 SORT(*)(.dtors)
 *(.init0)
 .init0         0x0000000000000604        0x0 /opt/local/lib/gcc/avr/4.9.1/../../../../avr/lib/avr51/crtm128rfa1.o
                0x0000000000000604                __init
 *(.init0)
 *(.init1)
 *(.init1)
 *(.init2)
 .init2         0x0000000000000604        0xc /opt/local/lib/gcc/avr/4.9.1/../../../../avr/lib/avr51/crtm128rfa1.o
 *(.init2)
 *(.init3)
 *(.init3)
 *(.init4)
 .init4         0x0000000000000610       0x1a /opt/local/lib/gcc/avr/4.9.1/avr51/libgcc.a(_copy_data.o)
                0x0000000000000610                __do_copy_data
 .init4         0x000000000000062a       0x10 /opt/local/lib/gcc/avr/4.9.1/avr51/libgcc.a(_clear_bss.o)
                0x000000000000062a                __do_clear_bss
 *(.init4)
 *(.init5)
 *(.init5)
 *(.init6)
 *(.init6)
 *(.init7)
 *(.init7)
 *(.init8)
 *(.init8)
 *(.init9)
 .init9         0x000000000000063a        0x8 /opt/local/lib/gcc/avr/4.9.1/../../../../avr/lib/avr51/crtm128rfa1.o
 *(.init9)
 *(.text)
 .text          0x0000000000000642        0x4 /opt/local/lib/gcc/avr/4.9.1/../../../../avr/lib/avr51/crtm128rfa1.o
                0x0000000000000642                __vector_65
                0x0000000000000642                __vector_22
                0x0000000000000642                __vector_28
                0x0000000000000642                __vector_67
                0x0000000000000642                __vector_71
                0x0000000000000642                __vector_34
                0x0000000000000642                __vector_24
                0x0000000000000642                __vector_12
                0x0000000000000642                __vector_55
                0x0000000000000642                __vector_69
                0x0000000000000642                __vector_46
                0x0000000000000642                __bad_interrupt
                0x0000000000000642                __vector_6
                0x0000000000000642                __vector_31
                0x0000000000000642                __vector_35
                0x0000000000000642                __vector_39
                0x0000000000000642                __vector_23
                0x0000000000000642                __vector_68
                0x0000000000000642                __vector_30
                0x0000000000000642                __vector_45
                0x0000000000000642                __vector_11
                0x0000000000000642                __vector_54
                0x0000000000000642                __vector_17
                0x0000000000000642                __vector_19
                0x0000000000000642                __vector_56
                0x0000000000000642                __vector_7
                0x0000000000000642                __vector_49
                0x0000000000000642                __vector_41
                0x0000000000000642                __vector_43
                0x0000000000000642                __vector_27
                0x0000000000000642                __vector_5
                0x0000000000000642                __vector_33
                0x0000000000000642                __vector_47
                0x0000000000000642                __vector_52
                0x0000000000000642                __vector_37
                0x0000000000000642                __vector_4
                0x0000000000000642                __vector_44
                0x0000000000000642                __vector_51
                0x0000000000000642                __vector_21
                0x0000000000000642                __vector_66
                0x0000000000000642                __vector_36
                0x0000000000000642                __vector_70
                0x0000000000000642                __vector_29
                0x0000000000000642                __vector_40
                0x0000000000000642                __vector_8
                0x0000000000000642                __vector_26
                0x0000000000000642                __vector_48
                0x0000000000000642                __vector_14
                0x0000000000000642                __vector_53
                0x0000000000000642                __vector_10
                0x0000000000000642                __vector_50
                0x0000000000000642                __vector_16
                0x0000000000000642                __vector_18
                0x0000000000000642                __vector_20
                0x0000000000000642                __vector_42
                0x0000000000000642                __vector_38
 .text          0x0000000000000646      0x63a main.o
                0x0000000000000646                whacky_task
                0x0000000000000c04                nrk_create_taskset
 .text          0x0000000000000c80      0x724 ../../../src/net/bmac/rf231_soc/bmac.o
                0x0000000000000c80                rf_rx_callback
                0x0000000000000c82                bmac_encryption_set_ctr_counter
                0x0000000000000c92                bmac_tx_reserve_set
                0x0000000000000c96                bmac_tx_reserve_get
                0x0000000000000c9c                bmac_auto_ack_disable
                0x0000000000000ca4                bmac_auto_ack_enable
                0x0000000000000cac                bmac_addr_decode_disable
                0x0000000000000cb4                bmac_addr_decode_enable
                0x0000000000000cbc                bmac_addr_decode_set_my_mac
                0x0000000000000cc4                bmac_addr_decode_dest_mac
                0x0000000000000cd0                bmac_rx_pkt_is_encrypted
                0x0000000000000cd6                bmac_encryption_set_key
                0x0000000000000ce6                bmac_encryption_enable
                0x0000000000000cea                bmac_encryption_disable
                0x0000000000000cee                bmac_set_rf_power
                0x0000000000000cfe                bmac_set_cca_active
                0x0000000000000d04                bmac_set_cca_thresh
                0x0000000000000d12                bmac_set_channel
                0x0000000000000d4a                bmac_wait_until_rx_pkt
                0x0000000000000d9e                bmac_rx_pkt_set_buffer
                0x0000000000000dba                bmac_init
                0x0000000000000ea4                bmac_tx_pkt_nonblocking
                0x0000000000000ec6                bmac_get_rx_pkt_signal
                0x0000000000000ed4                bmac_get_tx_done_signal
                0x0000000000000ee2                bmac_tx_pkt
                0x0000000000000f7e                bmac_rx_pkt_get
                0x0000000000000fae                bmac_rx_pkt_ready
                0x0000000000000fba                bmac_rx_pkt_release
                0x0000000000000fc2                bmac_disable
                0x0000000000000fca                bmac_enable
                0x0000000000000fdc                bmac_set_rx_check_rate
                0x0000000000001062                bmac_started
                0x0000000000001068                _bmac_channel_check
                0x0000000000001090                _bmac_rx
                0x0000000000001120                bmac_rx_failure_count_get
                0x000000000000112a                bmac_rx_failure_count_reset
                0x000000000000113e                _b_pow
                0x000000000000115c                _bmac_tx
                0x000000000000126c                bmac_nw_task
                0x000000000000133a                bmac_task_config
 .text          0x00000000000013a4      0xb2c ../../../src/radio/rf231_soc/source/basic_rf.o
                0x00000000000013b4                rf_enable_glossy
                0x00000000000013bc                rf_disable_glossy
                0x00000000000013c2                rf_power_down
                0x000000000000140e                rf_power_up
                0x000000000000143a                rf_tx_power
                0x000000000000144e                rf_addr_decode_enable
                0x000000000000145a                rf_addr_decode_disable
                0x0000000000001466                rf_auto_ack_enable
                0x0000000000001472                rf_auto_ack_disable
                0x000000000000147e                rf_addr_decode_set_my_mac
                0x0000000000001490                rf_set_rx
                0x00000000000014aa                rx_start_callback
                0x00000000000014b4                rx_end_callback
                0x00000000000014be                rf_init
                0x000000000000159e                rf_rx_on
                0x00000000000015a4                rf_polling_rx_on
                0x00000000000015aa                rf_rx_off
                0x00000000000015b6                rf_tx_packet_repeat
                0x0000000000001856                rf_tx_packet
                0x000000000000185e                rf_cca_check
                0x00000000000018c2                rf_rx_packet_nonblock
                0x0000000000001a10                __vector_64
                0x0000000000001a2e                __vector_63
                0x0000000000001a52                __vector_62
                0x0000000000001a70                __vector_61
                0x0000000000001a8e                __vector_59
                0x0000000000001aee                __vector_58
                0x0000000000001b0c                __vector_57
                0x0000000000001b2a                rf_set_cca_thresh
                0x0000000000001b3e                rf_security_last_pkt_status
                0x0000000000001b42                rf_security_set_ctr_counter
                0x0000000000001b44                rf_security_set_key
                0x0000000000001b46                rf_security_disable
                0x0000000000001b48                rf_tx_tdma_packet
                0x0000000000001b4c                rf_get_sem
                0x0000000000001b56                rf_rx_packet
                0x0000000000001b5a                rf_flush_rx_fifo
                0x0000000000001b5c                rf_busy
                0x0000000000001b60                rf_rx_check_fifop
                0x0000000000001b64                rf_rx_check_sfd
                0x0000000000001b68                rf_carrier_on
                0x0000000000001b6a                rf_carrier_off
                0x0000000000001b6c                rf_test_mode
                0x0000000000001b6e                rf_data_mode
                0x0000000000001b70                rf_rx_set_serial
                0x0000000000001b72                rf_tx_set_serial
                0x0000000000001b74                rf_set_preamble_length
                0x0000000000001b76                rf_set_cca_mode
                0x0000000000001b78                rf_cc2591_tx_on
                0x0000000000001b94                rf_cc2591_rx_on
                0x0000000000001bb0                rf_glossy_interrupt
                0x0000000000001c8a                __vector_60
                0x0000000000001d22                aes_setkey
                0x0000000000001d66                aes_encrypt
                0x0000000000001e04                aes_decrypt
 .text          0x0000000000001ed0      0x90a ../../../src/platform/firefly3/source/ulib.o
                0x0000000000001ed0                putc0
                0x0000000000001ee8                __vector_25
                0x0000000000001f8e                nrk_uart_data_ready
                0x0000000000001fc0                nrk_uart_rx_signal_get
                0x0000000000001fd4                nrk_kprintf
                0x0000000000001ffe                getc0
                0x0000000000002068                PORT_INIT
                0x000000000000207c                nrk_setup_ports
                0x0000000000002080                nrk_gpio_set
                0x0000000000002162                nrk_gpio_clr
                0x0000000000002236                nrk_gpio_get
                0x000000000000228a                nrk_gpio_toggle
                0x00000000000024a0                nrk_gpio_direction
                0x0000000000002654                nrk_get_button
                0x0000000000002668                nrk_led_toggle
                0x0000000000002696                nrk_led_clr
                0x00000000000026c4                nrk_led_set
                0x00000000000026f2                nrk_gpio_pullups
                0x0000000000002706                putc1
                0x0000000000002714                setup_uart0
                0x000000000000273e                setup_uart1
                0x0000000000002768                nrk_setup_uart
                0x00000000000027c2                getc1
 .text          0x00000000000027da        0xe ../../../src/platform/firefly3/source/hal_wait.o
                0x00000000000027da                halWait
 .text          0x00000000000027e8      0x13e ../../../src/platform/firefly3/source/nrk_eeprom.o
                0x00000000000027e8                nrk_eeprom_read_byte
                0x00000000000027ec                nrk_eeprom_write_byte
                0x00000000000027f2                read_eeprom_mac_address
                0x000000000000285e                read_eeprom_channel
                0x0000000000002876                write_eeprom_load_img_pages
                0x0000000000002886                read_eeprom_load_img_pages
                0x000000000000289e                read_eeprom_aes_key
                0x00000000000028ce                write_eeprom_aes_key
                0x00000000000028fe                read_eeprom_current_image_checksum
                0x0000000000002916                write_eeprom_current_image_checksum
 .text          0x0000000000002926      0x394 ../../../src/kernel/source/nrk.o
                0x0000000000002926                nrk_int_disable
                0x000000000000292a                nrk_int_enable
                0x000000000000292e                nrk_halt
                0x0000000000002934                nrk_init
                0x0000000000002ac2                nrk_start
                0x0000000000002b44                nrk_TCB_init
                0x0000000000002cb0                _nrk_timer_tick
                0x0000000000002cb4                nrk_version
 .text          0x0000000000002cba        0x0 ../../../src/kernel/source/nrk_stats.o
 .text          0x0000000000002cba      0x2ea ../../../src/kernel/source/nrk_error.o
                0x0000000000002cba                _nrk_errno_set
                0x0000000000002cc6                nrk_errno_get
                0x0000000000002cd2                nrk_error_get
                0x0000000000002cea                nrk_error_print
                0x0000000000002e00                nrk_error_add
                0x0000000000002e16                nrk_kernel_error_add
                0x0000000000002e22                pause
                0x0000000000002e4c                blink_dash
                0x0000000000002e6c                blink_dot
                0x0000000000002e84                blink_morse_code_error
 .text          0x0000000000002fa4      0x1da ../../../src/kernel/source/nrk_stack_check.o
                0x0000000000002fa4                dump_stack_info
                0x00000000000030fe                nrk_stack_check
                0x0000000000003148                nrk_stack_check_pid
 .text          0x000000000000317e      0x5e4 ../../../src/kernel/source/nrk_events.o
                0x000000000000317e                nrk_signal_create
                0x00000000000031f0                nrk_signal_get_registered_mask
                0x0000000000003202                nrk_signal_delete
                0x0000000000003320                nrk_signal_unregister
                0x000000000000339e                nrk_signal_register
                0x0000000000003402                nrk_event_signal
                0x00000000000034e4                nrk_event_wait
                0x0000000000003558                nrk_sem_create
                0x000000000000355e                nrk_get_resource_index
                0x000000000000356e                nrk_sem_query
                0x00000000000035a2                nrk_sem_pend
                0x0000000000003660                nrk_sem_post
                0x000000000000371c                nrk_sem_delete
 .text          0x0000000000003762      0x6a4 ../../../src/kernel/source/nrk_task.o
                0x0000000000003762                nrk_get_high_ready_task_ID
                0x000000000000376e                nrk_print_readyQ
                0x0000000000003784                nrk_add_to_readyQ
                0x00000000000038e4                nrk_rem_from_readyQ
                0x0000000000003984                nrk_activate_task
                0x0000000000003a1a                nrk_set_next_wakeup
                0x0000000000003a94                _nrk_wait_for_scheduler
                0x0000000000003aa8                nrk_wait_until_next_period
                0x0000000000003afc                nrk_terminate_task
                0x0000000000003b1e                nrk_wait_until_next_n_periods
                0x0000000000003b7e                nrk_wait_ticks
                0x0000000000003bf6                nrk_wait_until_ticks
                0x0000000000003c54                nrk_wait_until_nw
                0x0000000000003ca0                nrk_wait
                0x0000000000003d4e                nrk_wait_until
                0x0000000000003dfa                nrk_get_pid
 .text          0x0000000000003e06      0x514 ../../../src/kernel/source/nrk_time.o
                0x0000000000003e06                nrk_time_get
                0x0000000000003ec0                nrk_time_sub
                0x0000000000003fd8                nrk_time_compact_nanos
                0x000000000000401a                nrk_time_add
                0x00000000000040d0                nrk_time_set
                0x00000000000040e6                _nrk_time_to_ticks
                0x00000000000041d0                _nrk_ticks_to_time
                0x000000000000423e                _nrk_time_to_ticks_long
 .text          0x000000000000431a       0x48 ../../../src/kernel/source/nrk_idle_task.o
                0x000000000000431a                nrk_idle_task
 .text          0x0000000000004362      0x576 ../../../src/kernel/source/nrk_scheduler.o
                0x0000000000004362                _nrk_scheduler
 .text          0x00000000000048d8      0x1dc ../../../src/kernel/source/nrk_driver.o
                0x00000000000048d8                nrk_register_driver
                0x0000000000004902                nrk_open
                0x0000000000004990                nrk_close
                0x00000000000049cc                nrk_write
                0x0000000000004a06                nrk_read
                0x0000000000004a40                nrk_set_status
                0x0000000000004a7a                nrk_get_status
 .text          0x0000000000004ab4        0x0 ../../../src/kernel/source/nrk_reserve.o
 .text          0x0000000000004ab4        0x0 ../../../src/kernel/source/nrk_sw_wdt.o
 .text          0x0000000000004ab4      0x394 ../../../src/kernel/hal/atmega128rfa1/nrk_timer.o
                0x0000000000004ab4                nrk_spin_wait_us
                0x0000000000004ad2                _nrk_precision_os_timer_stop
                0x0000000000004ad8                _nrk_precision_os_timer_start
                0x0000000000004aec                _nrk_precision_os_timer_reset
                0x0000000000004af6                _nrk_precision_os_timer_get
                0x0000000000004b1a                _nrk_high_speed_timer_stop
                0x0000000000004b20                _nrk_high_speed_timer_start
                0x0000000000004b28                _nrk_high_speed_timer_reset
                0x0000000000004b38                _nrk_high_speed_timer_get
                0x0000000000004b5c                nrk_high_speed_timer_wait
                0x0000000000004bbc                _nrk_os_timer_stop
                0x0000000000004bd2                _nrk_os_timer_set
                0x0000000000004bd8                _nrk_os_timer_start
                0x0000000000004bea                _nrk_os_timer_reset
                0x0000000000004bfe                _nrk_setup_timer
                0x0000000000004c84                _nrk_get_next_wakeup
                0x0000000000004c8c                _nrk_set_next_wakeup
                0x0000000000004c94                nrk_timer_int_stop
                0x0000000000004ca0                nrk_timer_int_reset
                0x0000000000004cb4                nrk_timer_int_read
                0x0000000000004cc8                nrk_timer_int_start
                0x0000000000004cda                nrk_timer_int_configure
                0x0000000000004d50                _nrk_os_timer_get
                0x0000000000004d56                __vector_default
                0x0000000000004d6a                __vector_13
                0x0000000000004d6a                __vector_15
                0x0000000000004dd0                __vector_32
                0x0000000000004e34                SIG_OUTPUT_COMPARE1A
 .text          0x0000000000004e48       0x4c ../../../src/kernel/hal/atmega128rfa1/nrk_status.o
                0x0000000000004e48                _nrk_startup_error
 .text          0x0000000000004e94      0x3a8 ../../../src/kernel/hal/atmega128rfa1/nrk_ext_int.o
                0x0000000000004e94                nrk_ext_int_enable
                0x0000000000004f16                nrk_ext_int_disable
                0x0000000000004f98                nrk_ext_int_configure
                0x00000000000050ac                __vector_9
                0x0000000000005110                __vector_1
                0x0000000000005174                __vector_2
                0x00000000000051d8                __vector_3
 .text          0x000000000000523c       0x4c ../../../src/kernel/hal/atmega128rfa1/nrk_watchdog.o
                0x000000000000523c                nrk_watchdog_disable
                0x0000000000005258                nrk_watchdog_enable
                0x0000000000005276                nrk_watchdog_check
                0x0000000000005284                nrk_watchdog_reset
 .text          0x0000000000005288      0x124 ../../../src/kernel/hal/atmega128rfa1/nrk_cpu.o
                0x0000000000005288                nrk_battery_save
                0x000000000000528a                nrk_sleep
                0x00000000000052a2                nrk_idle
                0x00000000000052b8                nrk_task_set_entry_function
                0x00000000000052c0                nrk_task_set_stk
                0x00000000000052fc                nrk_task_stk_init
                0x0000000000005378                nrk_stack_pointer_init
                0x0000000000005396                nrk_stack_pointer_restore
                0x00000000000053a4                nrk_target_start
 .text          0x00000000000053ac       0x56 ../../../src/kernel/hal/atmega128rfa1/atmel_hw_specific.o
                0x00000000000053ac                nrk_start_high_ready_task
 .text          0x0000000000005402        0x0 /opt/local/lib/gcc/avr/4.9.1/../../../../avr/lib/avr51/libprintf_min.a(vfprintf_min.o)
 .text          0x0000000000005402        0x0 /opt/local/lib/gcc/avr/4.9.1/avr51/libgcc.a(_muluhisi3.o)
 .text          0x0000000000005402        0x0 /opt/local/lib/gcc/avr/4.9.1/avr51/libgcc.a(_mulsi3.o)
 .text          0x0000000000005402        0x0 /opt/local/lib/gcc/avr/4.9.1/avr51/libgcc.a(_udivmodhi4.o)
 .text          0x0000000000005402        0x0 /opt/local/lib/gcc/avr/4.9.1/avr51/libgcc.a(_divmodhi4.o)
 .text          0x0000000000005402        0x0 /opt/local/lib/gcc/avr/4.9.1/avr51/libgcc.a(_udivmodsi4.o)
 .text          0x0000000000005402        0x0 /opt/local/lib/gcc/avr/4.9.1/avr51/libgcc.a(_udivdi3.o)
 .text          0x0000000000005402        0x0 /opt/local/lib/gcc/avr/4.9.1/avr51/libgcc.a(_udivmod64.o)
 .text          0x0000000000005402        0x0 /opt/local/lib/gcc/avr/4.9.1/avr51/libgcc.a(_exit.o)
 .text          0x0000000000005402        0x0 /opt/local/lib/gcc/avr/4.9.1/avr51/libgcc.a(_tablejump.o)
 .text          0x0000000000005402        0x0 /opt/local/lib/gcc/avr/4.9.1/avr51/libgcc.a(_copy_data.o)
 .text          0x0000000000005402        0x0 /opt/local/lib/gcc/avr/4.9.1/avr51/libgcc.a(_clear_bss.o)
 .text          0x0000000000005402        0x0 /opt/local/lib/gcc/avr/4.9.1/avr51/libgcc.a(_umulhisi3.o)
 .text          0x0000000000005402        0x0 /opt/local/lib/gcc/avr/4.9.1/../../../../avr/lib/avr51/libc.a(rand.o)
 .text          0x0000000000005402        0x0 /opt/local/lib/gcc/avr/4.9.1/../../../../avr/lib/avr51/libc.a(atoi.o)
 .text          0x0000000000005402        0x0 /opt/local/lib/gcc/avr/4.9.1/../../../../avr/lib/avr51/libc.a(strchr_P.o)
 .text          0x0000000000005402        0x0 /opt/local/lib/gcc/avr/4.9.1/../../../../avr/lib/avr51/libc.a(strtok.o)
 .text          0x0000000000005402        0x0 /opt/local/lib/gcc/avr/4.9.1/../../../../avr/lib/avr51/libc.a(memcpy.o)
 .text          0x0000000000005402        0x0 /opt/local/lib/gcc/avr/4.9.1/../../../../avr/lib/avr51/libc.a(strcmp.o)
 .text          0x0000000000005402        0x0 /opt/local/lib/gcc/avr/4.9.1/../../../../avr/lib/avr51/libc.a(strtok_r.o)
 .text          0x0000000000005402        0x0 /opt/local/lib/gcc/avr/4.9.1/../../../../avr/lib/avr51/libc.a(mul10.o)
 .text          0x0000000000005402        0x0 /opt/local/lib/gcc/avr/4.9.1/../../../../avr/lib/avr51/libc.a(fdevopen.o)
 .text          0x0000000000005402        0x0 /opt/local/lib/gcc/avr/4.9.1/../../../../avr/lib/avr51/libc.a(fgetc.o)
 .text          0x0000000000005402        0x0 /opt/local/lib/gcc/avr/4.9.1/../../../../avr/lib/avr51/libc.a(fputc.o)
 .text          0x0000000000005402        0x0 /opt/local/lib/gcc/avr/4.9.1/../../../../avr/lib/avr51/libc.a(iob.o)
 .text          0x0000000000005402        0x0 /opt/local/lib/gcc/avr/4.9.1/../../../../avr/lib/avr51/libc.a(printf.o)
 .text          0x0000000000005402        0x0 /opt/local/lib/gcc/avr/4.9.1/../../../../avr/lib/avr51/libc.a(putchar.o)
 .text          0x0000000000005402        0x0 /opt/local/lib/gcc/avr/4.9.1/../../../../avr/lib/avr51/libc.a(puts.o)
 .text          0x0000000000005402        0x0 /opt/local/lib/gcc/avr/4.9.1/../../../../avr/lib/avr51/libc.a(sprintf.o)
 .text          0x0000000000005402        0x0 /opt/local/lib/gcc/avr/4.9.1/../../../../avr/lib/avr51/libc.a(ultoa_invert.o)
 .text          0x0000000000005402       0x26 /opt/local/lib/gcc/avr/4.9.1/../../../../avr/lib/avr51/libc.a(time.o)
                0x0000000000005402                time
 .text          0x0000000000005428        0x0 /opt/local/lib/gcc/avr/4.9.1/../../../../avr/lib/avr51/libc.a(eerd_byte_atmega128rfa1.o)
 .text          0x0000000000005428        0x0 /opt/local/lib/gcc/avr/4.9.1/../../../../avr/lib/avr51/libc.a(eewr_byte_atmega128rfa1.o)
 .text          0x0000000000005428        0x0 /opt/local/lib/gcc/avr/4.9.1/../../../../avr/lib/avr51/libc.a(calloc.o)
 .text          0x0000000000005428        0x0 /opt/local/lib/gcc/avr/4.9.1/../../../../avr/lib/avr51/libc.a(malloc.o)
 .text          0x0000000000005428        0x0 /opt/local/lib/gcc/avr/4.9.1/../../../../avr/lib/avr51/libc.a(memset.o)
 .text          0x0000000000005428        0x0 /opt/local/lib/gcc/avr/4.9.1/../../../../avr/lib/avr51/libc.a(system_time.o)
 .text          0x0000000000005428        0x0 /opt/local/lib/gcc/avr/4.9.1/avr51/libgcc.a(_mulshisi3.o)
 .text          0x0000000000005428        0x0 /opt/local/lib/gcc/avr/4.9.1/avr51/libgcc.a(_divmodsi4.o)
 .text          0x0000000000005428        0x0 /opt/local/lib/gcc/avr/4.9.1/avr51/libgcc.a(_negsi2.o)
                0x0000000000005428                . = ALIGN (0x2)
 *(.text.*)
 .text.startup  0x0000000000005428       0x52 main.o
                0x0000000000005428                main
 .text.avr-libc
                0x000000000000547a      0x28e /opt/local/lib/gcc/avr/4.9.1/../../../../avr/lib/avr51/libprintf_min.a(vfprintf_min.o)
                0x000000000000547a                vfprintf
 .text.libgcc.mul
                0x0000000000005708       0x16 /opt/local/lib/gcc/avr/4.9.1/avr51/libgcc.a(_muluhisi3.o)
                0x0000000000005708                __muluhisi3
 .text.libgcc.div
                0x000000000000571e        0x0 /opt/local/lib/gcc/avr/4.9.1/avr51/libgcc.a(_muluhisi3.o)
 .text.libgcc   0x000000000000571e        0x0 /opt/local/lib/gcc/avr/4.9.1/avr51/libgcc.a(_muluhisi3.o)
 .text.libgcc.prologue
                0x000000000000571e        0x0 /opt/local/lib/gcc/avr/4.9.1/avr51/libgcc.a(_muluhisi3.o)
 .text.libgcc.builtins
                0x000000000000571e        0x0 /opt/local/lib/gcc/avr/4.9.1/avr51/libgcc.a(_muluhisi3.o)
 .text.libgcc.fmul
                0x000000000000571e        0x0 /opt/local/lib/gcc/avr/4.9.1/avr51/libgcc.a(_muluhisi3.o)
 .text.libgcc.fixed
                0x000000000000571e        0x0 /opt/local/lib/gcc/avr/4.9.1/avr51/libgcc.a(_muluhisi3.o)
 .text.libgcc.mul
                0x000000000000571e       0x20 /opt/local/lib/gcc/avr/4.9.1/avr51/libgcc.a(_mulsi3.o)
                0x000000000000571e                __mulsi3
 .text.libgcc.div
                0x000000000000573e        0x0 /opt/local/lib/gcc/avr/4.9.1/avr51/libgcc.a(_mulsi3.o)
 .text.libgcc   0x000000000000573e        0x0 /opt/local/lib/gcc/avr/4.9.1/avr51/libgcc.a(_mulsi3.o)
 .text.libgcc.prologue
                0x000000000000573e        0x0 /opt/local/lib/gcc/avr/4.9.1/avr51/libgcc.a(_mulsi3.o)
 .text.libgcc.builtins
                0x000000000000573e        0x0 /opt/local/lib/gcc/avr/4.9.1/avr51/libgcc.a(_mulsi3.o)
 .text.libgcc.fmul
                0x000000000000573e        0x0 /opt/local/lib/gcc/avr/4.9.1/avr51/libgcc.a(_mulsi3.o)
 .text.libgcc.fixed
                0x000000000000573e        0x0 /opt/local/lib/gcc/avr/4.9.1/avr51/libgcc.a(_mulsi3.o)
 .text.libgcc.mul
                0x000000000000573e        0x0 /opt/local/lib/gcc/avr/4.9.1/avr51/libgcc.a(_udivmodhi4.o)
 .text.libgcc.div
                0x000000000000573e       0x28 /opt/local/lib/gcc/avr/4.9.1/avr51/libgcc.a(_udivmodhi4.o)
                0x000000000000573e                __udivmodhi4
 .text.libgcc   0x0000000000005766        0x0 /opt/local/lib/gcc/avr/4.9.1/avr51/libgcc.a(_udivmodhi4.o)
 .text.libgcc.prologue
                0x0000000000005766        0x0 /opt/local/lib/gcc/avr/4.9.1/avr51/libgcc.a(_udivmodhi4.o)
 .text.libgcc.builtins
                0x0000000000005766        0x0 /opt/local/lib/gcc/avr/4.9.1/avr51/libgcc.a(_udivmodhi4.o)
 .text.libgcc.fmul
                0x0000000000005766        0x0 /opt/local/lib/gcc/avr/4.9.1/avr51/libgcc.a(_udivmodhi4.o)
 .text.libgcc.fixed
                0x0000000000005766        0x0 /opt/local/lib/gcc/avr/4.9.1/avr51/libgcc.a(_udivmodhi4.o)
 .text.libgcc.mul
                0x0000000000005766        0x0 /opt/local/lib/gcc/avr/4.9.1/avr51/libgcc.a(_divmodhi4.o)
 .text.libgcc.div
                0x0000000000005766       0x28 /opt/local/lib/gcc/avr/4.9.1/avr51/libgcc.a(_divmodhi4.o)
                0x0000000000005766                __divmodhi4
                0x0000000000005766                _div
 .text.libgcc   0x000000000000578e        0x0 /opt/local/lib/gcc/avr/4.9.1/avr51/libgcc.a(_divmodhi4.o)
 .text.libgcc.prologue
                0x000000000000578e        0x0 /opt/local/lib/gcc/avr/4.9.1/avr51/libgcc.a(_divmodhi4.o)
 .text.libgcc.builtins
                0x000000000000578e        0x0 /opt/local/lib/gcc/avr/4.9.1/avr51/libgcc.a(_divmodhi4.o)
 .text.libgcc.fmul
                0x000000000000578e        0x0 /opt/local/lib/gcc/avr/4.9.1/avr51/libgcc.a(_divmodhi4.o)
 .text.libgcc.fixed
                0x000000000000578e        0x0 /opt/local/lib/gcc/avr/4.9.1/avr51/libgcc.a(_divmodhi4.o)
 .text.libgcc.mul
                0x000000000000578e        0x0 /opt/local/lib/gcc/avr/4.9.1/avr51/libgcc.a(_udivmodsi4.o)
 .text.libgcc.div
                0x000000000000578e       0x44 /opt/local/lib/gcc/avr/4.9.1/avr51/libgcc.a(_udivmodsi4.o)
                0x000000000000578e                __udivmodsi4
 .text.libgcc   0x00000000000057d2        0x0 /opt/local/lib/gcc/avr/4.9.1/avr51/libgcc.a(_udivmodsi4.o)
 .text.libgcc.prologue
                0x00000000000057d2        0x0 /opt/local/lib/gcc/avr/4.9.1/avr51/libgcc.a(_udivmodsi4.o)
 .text.libgcc.builtins
                0x00000000000057d2        0x0 /opt/local/lib/gcc/avr/4.9.1/avr51/libgcc.a(_udivmodsi4.o)
 .text.libgcc.fmul
                0x00000000000057d2        0x0 /opt/local/lib/gcc/avr/4.9.1/avr51/libgcc.a(_udivmodsi4.o)
 .text.libgcc.fixed
                0x00000000000057d2        0x0 /opt/local/lib/gcc/avr/4.9.1/avr51/libgcc.a(_udivmodsi4.o)
 .text.libgcc.mul
                0x00000000000057d2        0x0 /opt/local/lib/gcc/avr/4.9.1/avr51/libgcc.a(_udivdi3.o)
 .text.libgcc.div
                0x00000000000057d2       0x1c /opt/local/lib/gcc/avr/4.9.1/avr51/libgcc.a(_udivdi3.o)
                0x00000000000057d2                __umoddi3
                0x00000000000057d6                __udivdi3
                0x00000000000057d8                __udivdi3_umoddi3
 .text.libgcc   0x00000000000057ee        0x0 /opt/local/lib/gcc/avr/4.9.1/avr51/libgcc.a(_udivdi3.o)
 .text.libgcc.prologue
                0x00000000000057ee        0x0 /opt/local/lib/gcc/avr/4.9.1/avr51/libgcc.a(_udivdi3.o)
 .text.libgcc.builtins
                0x00000000000057ee        0x0 /opt/local/lib/gcc/avr/4.9.1/avr51/libgcc.a(_udivdi3.o)
 .text.libgcc.fmul
                0x00000000000057ee        0x0 /opt/local/lib/gcc/avr/4.9.1/avr51/libgcc.a(_udivdi3.o)
 .text.libgcc.fixed
                0x00000000000057ee        0x0 /opt/local/lib/gcc/avr/4.9.1/avr51/libgcc.a(_udivdi3.o)
 .text.libgcc.mul
                0x00000000000057ee        0x0 /opt/local/lib/gcc/avr/4.9.1/avr51/libgcc.a(_udivmod64.o)
 .text.libgcc.div
                0x00000000000057ee       0xa2 /opt/local/lib/gcc/avr/4.9.1/avr51/libgcc.a(_udivmod64.o)
                0x00000000000057ee                __udivmod64
 .text.libgcc   0x0000000000005890        0x0 /opt/local/lib/gcc/avr/4.9.1/avr51/libgcc.a(_udivmod64.o)
 .text.libgcc.prologue
                0x0000000000005890        0x0 /opt/local/lib/gcc/avr/4.9.1/avr51/libgcc.a(_udivmod64.o)
 .text.libgcc.builtins
                0x0000000000005890        0x0 /opt/local/lib/gcc/avr/4.9.1/avr51/libgcc.a(_udivmod64.o)
 .text.libgcc.fmul
                0x0000000000005890        0x0 /opt/local/lib/gcc/avr/4.9.1/avr51/libgcc.a(_udivmod64.o)
 .text.libgcc.fixed
                0x0000000000005890        0x0 /opt/local/lib/gcc/avr/4.9.1/avr51/libgcc.a(_udivmod64.o)
 .text.libgcc.mul
                0x0000000000005890        0x0 /opt/local/lib/gcc/avr/4.9.1/avr51/libgcc.a(_exit.o)
 .text.libgcc.div
                0x0000000000005890        0x0 /opt/local/lib/gcc/avr/4.9.1/avr51/libgcc.a(_exit.o)
 .text.libgcc   0x0000000000005890        0x0 /opt/local/lib/gcc/avr/4.9.1/avr51/libgcc.a(_exit.o)
 .text.libgcc.prologue
                0x0000000000005890        0x0 /opt/local/lib/gcc/avr/4.9.1/avr51/libgcc.a(_exit.o)
 .text.libgcc.builtins
                0x0000000000005890        0x0 /opt/local/lib/gcc/avr/4.9.1/avr51/libgcc.a(_exit.o)
 .text.libgcc.fmul
                0x0000000000005890        0x0 /opt/local/lib/gcc/avr/4.9.1/avr51/libgcc.a(_exit.o)
 .text.libgcc.fixed
                0x0000000000005890        0x0 /opt/local/lib/gcc/avr/4.9.1/avr51/libgcc.a(_exit.o)
 .text.libgcc.mul
                0x0000000000005890        0x0 /opt/local/lib/gcc/avr/4.9.1/avr51/libgcc.a(_tablejump.o)
 .text.libgcc.div
                0x0000000000005890        0x0 /opt/local/lib/gcc/avr/4.9.1/avr51/libgcc.a(_tablejump.o)
 .text.libgcc   0x0000000000005890        0xc /opt/local/lib/gcc/avr/4.9.1/avr51/libgcc.a(_tablejump.o)
                0x0000000000005890                __tablejump2__
                0x0000000000005894                __tablejump__
 .text.libgcc.prologue
                0x000000000000589c        0x0 /opt/local/lib/gcc/avr/4.9.1/avr51/libgcc.a(_tablejump.o)
 .text.libgcc.builtins
                0x000000000000589c        0x0 /opt/local/lib/gcc/avr/4.9.1/avr51/libgcc.a(_tablejump.o)
 .text.libgcc.fmul
                0x000000000000589c        0x0 /opt/local/lib/gcc/avr/4.9.1/avr51/libgcc.a(_tablejump.o)
 .text.libgcc.fixed
                0x000000000000589c        0x0 /opt/local/lib/gcc/avr/4.9.1/avr51/libgcc.a(_tablejump.o)
 .text.libgcc.mul
                0x000000000000589c        0x0 /opt/local/lib/gcc/avr/4.9.1/avr51/libgcc.a(_copy_data.o)
 .text.libgcc.div
                0x000000000000589c        0x0 /opt/local/lib/gcc/avr/4.9.1/avr51/libgcc.a(_copy_data.o)
 .text.libgcc   0x000000000000589c        0x0 /opt/local/lib/gcc/avr/4.9.1/avr51/libgcc.a(_copy_data.o)
 .text.libgcc.prologue
                0x000000000000589c        0x0 /opt/local/lib/gcc/avr/4.9.1/avr51/libgcc.a(_copy_data.o)
 .text.libgcc.builtins
                0x000000000000589c        0x0 /opt/local/lib/gcc/avr/4.9.1/avr51/libgcc.a(_copy_data.o)
 .text.libgcc.fmul
                0x000000000000589c        0x0 /opt/local/lib/gcc/avr/4.9.1/avr51/libgcc.a(_copy_data.o)
 .text.libgcc.fixed
                0x000000000000589c        0x0 /opt/local/lib/gcc/avr/4.9.1/avr51/libgcc.a(_copy_data.o)
 .text.libgcc.mul
                0x000000000000589c        0x0 /opt/local/lib/gcc/avr/4.9.1/avr51/libgcc.a(_clear_bss.o)
 .text.libgcc.div
                0x000000000000589c        0x0 /opt/local/lib/gcc/avr/4.9.1/avr51/libgcc.a(_clear_bss.o)
 .text.libgcc   0x000000000000589c        0x0 /opt/local/lib/gcc/avr/4.9.1/avr51/libgcc.a(_clear_bss.o)
 .text.libgcc.prologue
                0x000000000000589c        0x0 /opt/local/lib/gcc/avr/4.9.1/avr51/libgcc.a(_clear_bss.o)
 .text.libgcc.builtins
                0x000000000000589c        0x0 /opt/local/lib/gcc/avr/4.9.1/avr51/libgcc.a(_clear_bss.o)
 .text.libgcc.fmul
                0x000000000000589c        0x0 /opt/local/lib/gcc/avr/4.9.1/avr51/libgcc.a(_clear_bss.o)
 .text.libgcc.fixed
                0x000000000000589c        0x0 /opt/local/lib/gcc/avr/4.9.1/avr51/libgcc.a(_clear_bss.o)
 .text.libgcc.mul
                0x000000000000589c       0x1e /opt/local/lib/gcc/avr/4.9.1/avr51/libgcc.a(_umulhisi3.o)
                0x000000000000589c                __umulhisi3
 .text.libgcc.div
                0x00000000000058ba        0x0 /opt/local/lib/gcc/avr/4.9.1/avr51/libgcc.a(_umulhisi3.o)
 .text.libgcc   0x00000000000058ba        0x0 /opt/local/lib/gcc/avr/4.9.1/avr51/libgcc.a(_umulhisi3.o)
 .text.libgcc.prologue
                0x00000000000058ba        0x0 /opt/local/lib/gcc/avr/4.9.1/avr51/libgcc.a(_umulhisi3.o)
 .text.libgcc.builtins
                0x00000000000058ba        0x0 /opt/local/lib/gcc/avr/4.9.1/avr51/libgcc.a(_umulhisi3.o)
 .text.libgcc.fmul
                0x00000000000058ba        0x0 /opt/local/lib/gcc/avr/4.9.1/avr51/libgcc.a(_umulhisi3.o)
 .text.libgcc.fixed
                0x00000000000058ba        0x0 /opt/local/lib/gcc/avr/4.9.1/avr51/libgcc.a(_umulhisi3.o)
 .text.avr-libc
                0x00000000000058ba       0xb4 /opt/local/lib/gcc/avr/4.9.1/../../../../avr/lib/avr51/libc.a(rand.o)
                0x000000000000594c                rand_r
                0x0000000000005950                rand
                0x0000000000005958                srand
 .text.avr-libc
                0x000000000000596e       0x3c /opt/local/lib/gcc/avr/4.9.1/../../../../avr/lib/avr51/libc.a(atoi.o)
                0x000000000000596e                atoi
 .text.avr-libc
                0x00000000000059aa       0x16 /opt/local/lib/gcc/avr/4.9.1/../../../../avr/lib/avr51/libc.a(strchr_P.o)
                0x00000000000059aa                strchr_P
 .text.avr-libc
                0x00000000000059c0        0x8 /opt/local/lib/gcc/avr/4.9.1/../../../../avr/lib/avr51/libc.a(strtok.o)
                0x00000000000059c0                strtok
 .text.avr-libc
                0x00000000000059c8       0x12 /opt/local/lib/gcc/avr/4.9.1/../../../../avr/lib/avr51/libc.a(memcpy.o)
                0x00000000000059c8                memcpy
 .text.avr-libc
                0x00000000000059da       0x12 /opt/local/lib/gcc/avr/4.9.1/../../../../avr/lib/avr51/libc.a(strcmp.o)
                0x00000000000059da                strcmp
 .text.avr-libc
                0x00000000000059ec       0x4e /opt/local/lib/gcc/avr/4.9.1/../../../../avr/lib/avr51/libc.a(strtok_r.o)
                0x00000000000059ec                strtok_r
 .text.avr-libc
                0x0000000000005a3a       0x10 /opt/local/lib/gcc/avr/4.9.1/../../../../avr/lib/avr51/libc.a(mul10.o)
                0x0000000000005a3a                __mulhi_const_10
 .text.avr-libc
                0x0000000000005a4a       0x96 /opt/local/lib/gcc/avr/4.9.1/../../../../avr/lib/avr51/libc.a(fdevopen.o)
                0x0000000000005a4a                fdevopen
 .text.avr-libc
                0x0000000000005ae0       0x7c /opt/local/lib/gcc/avr/4.9.1/../../../../avr/lib/avr51/libc.a(fgetc.o)
                0x0000000000005ae0                fgetc
 .text.avr-libc
                0x0000000000005b5c       0x70 /opt/local/lib/gcc/avr/4.9.1/../../../../avr/lib/avr51/libc.a(fputc.o)
                0x0000000000005b5c                fputc
 .text.avr-libc
                0x0000000000005bcc       0x28 /opt/local/lib/gcc/avr/4.9.1/../../../../avr/lib/avr51/libc.a(printf.o)
                0x0000000000005bcc                printf
 .text.avr-libc
                0x0000000000005bf4        0xc /opt/local/lib/gcc/avr/4.9.1/../../../../avr/lib/avr51/libc.a(putchar.o)
                0x0000000000005bf4                putchar
 .text.avr-libc
                0x0000000000005c00       0x60 /opt/local/lib/gcc/avr/4.9.1/../../../../avr/lib/avr51/libc.a(puts.o)
                0x0000000000005c00                puts
 .text.avr-libc
                0x0000000000005c60       0x60 /opt/local/lib/gcc/avr/4.9.1/../../../../avr/lib/avr51/libc.a(sprintf.o)
                0x0000000000005c60                sprintf
 .text.avr-libc
                0x0000000000005cc0       0xbc /opt/local/lib/gcc/avr/4.9.1/../../../../avr/lib/avr51/libc.a(ultoa_invert.o)
                0x0000000000005cc0                __ultoa_invert
 .text.avr-libc
                0x0000000000005d7c       0x10 /opt/local/lib/gcc/avr/4.9.1/../../../../avr/lib/avr51/libc.a(eerd_byte_atmega128rfa1.o)
                0x0000000000005d7c                __eerd_byte_m128rfa1
 .text.avr-libc
                0x0000000000005d8c       0x1c /opt/local/lib/gcc/avr/4.9.1/../../../../avr/lib/avr51/libc.a(eewr_byte_atmega128rfa1.o)
                0x0000000000005d8c                __eewr_byte_m128rfa1
                0x0000000000005d8e                __eewr_r18_m128rfa1
 .text.avr-libc
                0x0000000000005da8       0x38 /opt/local/lib/gcc/avr/4.9.1/../../../../avr/lib/avr51/libc.a(calloc.o)
                0x0000000000005da8                calloc
 .text.avr-libc
                0x0000000000005de0      0x25a /opt/local/lib/gcc/avr/4.9.1/../../../../avr/lib/avr51/libc.a(malloc.o)
                0x0000000000005de0                malloc
                0x0000000000005f0a                free
 .text.avr-libc
                0x000000000000603a        0xe /opt/local/lib/gcc/avr/4.9.1/../../../../avr/lib/avr51/libc.a(memset.o)
                0x000000000000603a                memset
 .text.libgcc.mul
                0x0000000000006048       0x10 /opt/local/lib/gcc/avr/4.9.1/avr51/libgcc.a(_mulshisi3.o)
                0x0000000000006048                __mulshisi3
                0x000000000000604e                __mulohisi3
 .text.libgcc.div
                0x0000000000006058        0x0 /opt/local/lib/gcc/avr/4.9.1/avr51/libgcc.a(_mulshisi3.o)
 .text.libgcc   0x0000000000006058        0x0 /opt/local/lib/gcc/avr/4.9.1/avr51/libgcc.a(_mulshisi3.o)
 .text.libgcc.prologue
                0x0000000000006058        0x0 /opt/local/lib/gcc/avr/4.9.1/avr51/libgcc.a(_mulshisi3.o)
 .text.libgcc.builtins
                0x0000000000006058        0x0 /opt/local/lib/gcc/avr/4.9.1/avr51/libgcc.a(_mulshisi3.o)
 .text.libgcc.fmul
                0x0000000000006058        0x0 /opt/local/lib/gcc/avr/4.9.1/avr51/libgcc.a(_mulshisi3.o)
 .text.libgcc.fixed
                0x0000000000006058        0x0 /opt/local/lib/gcc/avr/4.9.1/avr51/libgcc.a(_mulshisi3.o)
 .text.libgcc.mul
                0x0000000000006058        0x0 /opt/local/lib/gcc/avr/4.9.1/avr51/libgcc.a(_divmodsi4.o)
 .text.libgcc.div
                0x0000000000006058       0x2e /opt/local/lib/gcc/avr/4.9.1/avr51/libgcc.a(_divmodsi4.o)
                0x0000000000006058                __divmodsi4
 .text.libgcc   0x0000000000006086        0x0 /opt/local/lib/gcc/avr/4.9.1/avr51/libgcc.a(_divmodsi4.o)
 .text.libgcc.prologue
                0x0000000000006086        0x0 /opt/local/lib/gcc/avr/4.9.1/avr51/libgcc.a(_divmodsi4.o)
 .text.libgcc.builtins
                0x0000000000006086        0x0 /opt/local/lib/gcc/avr/4.9.1/avr51/libgcc.a(_divmodsi4.o)
 .text.libgcc.fmul
                0x0000000000006086        0x0 /opt/local/lib/gcc/avr/4.9.1/avr51/libgcc.a(_divmodsi4.o)
 .text.libgcc.fixed
                0x0000000000006086        0x0 /opt/local/lib/gcc/avr/4.9.1/avr51/libgcc.a(_divmodsi4.o)
 .text.libgcc.mul
                0x0000000000006086        0x0 /opt/local/lib/gcc/avr/4.9.1/avr51/libgcc.a(_negsi2.o)
 .text.libgcc.div
                0x0000000000006086       0x10 /opt/local/lib/gcc/avr/4.9.1/avr51/libgcc.a(_negsi2.o)
                0x0000000000006086                __negsi2
 .text.libgcc   0x0000000000006096        0x0 /opt/local/lib/gcc/avr/4.9.1/avr51/libgcc.a(_negsi2.o)
 .text.libgcc.prologue
                0x0000000000006096        0x0 /opt/local/lib/gcc/avr/4.9.1/avr51/libgcc.a(_negsi2.o)
 .text.libgcc.builtins
                0x0000000000006096        0x0 /opt/local/lib/gcc/avr/4.9.1/avr51/libgcc.a(_negsi2.o)
 .text.libgcc.fmul
                0x0000000000006096        0x0 /opt/local/lib/gcc/avr/4.9.1/avr51/libgcc.a(_negsi2.o)
 .text.libgcc.fixed
                0x0000000000006096        0x0 /opt/local/lib/gcc/avr/4.9.1/avr51/libgcc.a(_negsi2.o)
                0x0000000000006096                . = ALIGN (0x2)
 *(.fini9)
 .fini9         0x0000000000006096        0x0 /opt/local/lib/gcc/avr/4.9.1/avr51/libgcc.a(_exit.o)
                0x0000000000006096                exit
                0x0000000000006096                _exit
 *(.fini9)
 *(.fini8)
 *(.fini8)
 *(.fini7)
 *(.fini7)
 *(.fini6)
 *(.fini6)
 *(.fini5)
 *(.fini5)
 *(.fini4)
 *(.fini4)
 *(.fini3)
 *(.fini3)
 *(.fini2)
 *(.fini2)
 *(.fini1)
 *(.fini1)
 *(.fini0)
 .fini0         0x0000000000006096        0x4 /opt/local/lib/gcc/avr/4.9.1/avr51/libgcc.a(_exit.o)
 *(.fini0)
                0x000000000000609a                _etext = .

.data           0x0000000000800200      0x1da load address 0x000000000000609a
                0x0000000000800200                PROVIDE (__data_start, .)
 *(.data)
 .data          0x0000000000800200        0x0 /opt/local/lib/gcc/avr/4.9.1/../../../../avr/lib/avr51/crtm128rfa1.o
 .data          0x0000000000800200        0x0 main.o
 .data          0x0000000000800200        0x0 ../../../src/net/bmac/rf231_soc/bmac.o
 .data          0x0000000000800200        0x0 ../../../src/radio/rf231_soc/source/basic_rf.o
 .data          0x0000000000800200        0x0 ../../../src/platform/firefly3/source/ulib.o
 .data          0x0000000000800200        0x0 ../../../src/platform/firefly3/source/hal_wait.o
 .data          0x0000000000800200        0x0 ../../../src/platform/firefly3/source/nrk_eeprom.o
 .data          0x0000000000800200        0x0 ../../../src/kernel/source/nrk.o
 .data          0x0000000000800200        0x0 ../../../src/kernel/source/nrk_stats.o
 .data          0x0000000000800200        0x0 ../../../src/kernel/source/nrk_error.o
 .data          0x0000000000800200        0x0 ../../../src/kernel/source/nrk_stack_check.o
 .data          0x0000000000800200        0x0 ../../../src/kernel/source/nrk_events.o
 .data          0x0000000000800200        0x0 ../../../src/kernel/source/nrk_task.o
 .data          0x0000000000800200        0x0 ../../../src/kernel/source/nrk_time.o
 .data          0x0000000000800200        0x0 ../../../src/kernel/source/nrk_idle_task.o
 .data          0x0000000000800200        0x0 ../../../src/kernel/source/nrk_scheduler.o
 .data          0x0000000000800200        0x0 ../../../src/kernel/source/nrk_driver.o
 .data          0x0000000000800200        0x0 ../../../src/kernel/source/nrk_reserve.o
 .data          0x0000000000800200        0x0 ../../../src/kernel/source/nrk_sw_wdt.o
 .data          0x0000000000800200        0x0 ../../../src/kernel/hal/atmega128rfa1/nrk_timer.o
 .data          0x0000000000800200        0x0 ../../../src/kernel/hal/atmega128rfa1/nrk_status.o
 .data          0x0000000000800200        0x0 ../../../src/kernel/hal/atmega128rfa1/nrk_ext_int.o
 .data          0x0000000000800200        0x0 ../../../src/kernel/hal/atmega128rfa1/nrk_watchdog.o
 .data          0x0000000000800200        0x0 ../../../src/kernel/hal/atmega128rfa1/nrk_cpu.o
 .data          0x0000000000800200        0x0 ../../../src/kernel/hal/atmega128rfa1/atmel_hw_specific.o
 .data          0x0000000000800200        0x0 /opt/local/lib/gcc/avr/4.9.1/../../../../avr/lib/avr51/libprintf_min.a(vfprintf_min.o)
 .data          0x0000000000800200        0x0 /opt/local/lib/gcc/avr/4.9.1/avr51/libgcc.a(_muluhisi3.o)
 .data          0x0000000000800200        0x0 /opt/local/lib/gcc/avr/4.9.1/avr51/libgcc.a(_mulsi3.o)
 .data          0x0000000000800200        0x0 /opt/local/lib/gcc/avr/4.9.1/avr51/libgcc.a(_udivmodhi4.o)
 .data          0x0000000000800200        0x0 /opt/local/lib/gcc/avr/4.9.1/avr51/libgcc.a(_divmodhi4.o)
 .data          0x0000000000800200        0x0 /opt/local/lib/gcc/avr/4.9.1/avr51/libgcc.a(_udivmodsi4.o)
 .data          0x0000000000800200        0x0 /opt/local/lib/gcc/avr/4.9.1/avr51/libgcc.a(_udivdi3.o)
 .data          0x0000000000800200        0x0 /opt/local/lib/gcc/avr/4.9.1/avr51/libgcc.a(_udivmod64.o)
 .data          0x0000000000800200        0x0 /opt/local/lib/gcc/avr/4.9.1/avr51/libgcc.a(_exit.o)
 .data          0x0000000000800200        0x0 /opt/local/lib/gcc/avr/4.9.1/avr51/libgcc.a(_tablejump.o)
 .data          0x0000000000800200        0x0 /opt/local/lib/gcc/avr/4.9.1/avr51/libgcc.a(_copy_data.o)
 .data          0x0000000000800200        0x0 /opt/local/lib/gcc/avr/4.9.1/avr51/libgcc.a(_clear_bss.o)
 .data          0x0000000000800200        0x0 /opt/local/lib/gcc/avr/4.9.1/avr51/libgcc.a(_umulhisi3.o)
 .data          0x0000000000800200        0x4 /opt/local/lib/gcc/avr/4.9.1/../../../../avr/lib/avr51/libc.a(rand.o)
 .data          0x0000000000800204        0x0 /opt/local/lib/gcc/avr/4.9.1/../../../../avr/lib/avr51/libc.a(atoi.o)
 .data          0x0000000000800204        0x0 /opt/local/lib/gcc/avr/4.9.1/../../../../avr/lib/avr51/libc.a(strchr_P.o)
 .data          0x0000000000800204        0x0 /opt/local/lib/gcc/avr/4.9.1/../../../../avr/lib/avr51/libc.a(strtok.o)
 .data          0x0000000000800204        0x0 /opt/local/lib/gcc/avr/4.9.1/../../../../avr/lib/avr51/libc.a(memcpy.o)
 .data          0x0000000000800204        0x0 /opt/local/lib/gcc/avr/4.9.1/../../../../avr/lib/avr51/libc.a(strcmp.o)
 .data          0x0000000000800204        0x0 /opt/local/lib/gcc/avr/4.9.1/../../../../avr/lib/avr51/libc.a(strtok_r.o)
 .data          0x0000000000800204        0x0 /opt/local/lib/gcc/avr/4.9.1/../../../../avr/lib/avr51/libc.a(mul10.o)
 .data          0x0000000000800204        0x0 /opt/local/lib/gcc/avr/4.9.1/../../../../avr/lib/avr51/libc.a(fdevopen.o)
 .data          0x0000000000800204        0x0 /opt/local/lib/gcc/avr/4.9.1/../../../../avr/lib/avr51/libc.a(fgetc.o)
 .data          0x0000000000800204        0x0 /opt/local/lib/gcc/avr/4.9.1/../../../../avr/lib/avr51/libc.a(fputc.o)
 .data          0x0000000000800204        0x0 /opt/local/lib/gcc/avr/4.9.1/../../../../avr/lib/avr51/libc.a(iob.o)
 .data          0x0000000000800204        0x0 /opt/local/lib/gcc/avr/4.9.1/../../../../avr/lib/avr51/libc.a(printf.o)
 .data          0x0000000000800204        0x0 /opt/local/lib/gcc/avr/4.9.1/../../../../avr/lib/avr51/libc.a(putchar.o)
 .data          0x0000000000800204        0x0 /opt/local/lib/gcc/avr/4.9.1/../../../../avr/lib/avr51/libc.a(puts.o)
 .data          0x0000000000800204        0x0 /opt/local/lib/gcc/avr/4.9.1/../../../../avr/lib/avr51/libc.a(sprintf.o)
 .data          0x0000000000800204        0x0 /opt/local/lib/gcc/avr/4.9.1/../../../../avr/lib/avr51/libc.a(ultoa_invert.o)
 .data          0x0000000000800204        0x0 /opt/local/lib/gcc/avr/4.9.1/../../../../avr/lib/avr51/libc.a(time.o)
 .data          0x0000000000800204        0x0 /opt/local/lib/gcc/avr/4.9.1/../../../../avr/lib/avr51/libc.a(eerd_byte_atmega128rfa1.o)
 .data          0x0000000000800204        0x0 /opt/local/lib/gcc/avr/4.9.1/../../../../avr/lib/avr51/libc.a(eewr_byte_atmega128rfa1.o)
 .data          0x0000000000800204        0x0 /opt/local/lib/gcc/avr/4.9.1/../../../../avr/lib/avr51/libc.a(calloc.o)
 .data          0x0000000000800204        0x6 /opt/local/lib/gcc/avr/4.9.1/../../../../avr/lib/avr51/libc.a(malloc.o)
                0x0000000000800204                __malloc_heap_end
                0x0000000000800206                __malloc_heap_start
                0x0000000000800208                __malloc_margin
 .data          0x000000000080020a        0x0 /opt/local/lib/gcc/avr/4.9.1/../../../../avr/lib/avr51/libc.a(memset.o)
 .data          0x000000000080020a        0x0 /opt/local/lib/gcc/avr/4.9.1/../../../../avr/lib/avr51/libc.a(system_time.o)
 .data          0x000000000080020a        0x0 /opt/local/lib/gcc/avr/4.9.1/avr51/libgcc.a(_mulshisi3.o)
 .data          0x000000000080020a        0x0 /opt/local/lib/gcc/avr/4.9.1/avr51/libgcc.a(_divmodsi4.o)
 .data          0x000000000080020a        0x0 /opt/local/lib/gcc/avr/4.9.1/avr51/libgcc.a(_negsi2.o)
 *(.data*)
 *(.rodata)
 .rodata        0x000000000080020a       0x51 ../../../src/platform/firefly3/source/ulib.o
                0x000000000080020a                NRK_ADC_INPUT_7
                0x000000000080020b                NRK_ADC_INPUT_6
                0x000000000080020c                NRK_ADC_INPUT_5
                0x000000000080020d                NRK_ADC_INPUT_4
                0x000000000080020e                NRK_ADC_INPUT_3
                0x000000000080020f                NRK_ADC_INPUT_2
                0x0000000000800210                NRK_ADC_INPUT_1
                0x0000000000800211                NRK_ADC_INPUT_0
                0x0000000000800212                NRK_PORTF_7
                0x0000000000800213                NRK_PORTF_6
                0x0000000000800214                NRK_PORTF_5
                0x0000000000800215                NRK_PORTF_4
                0x0000000000800216                NRK_PORTF_3
                0x0000000000800217                NRK_PORTF_2
                0x0000000000800218                NRK_PORTF_1
                0x0000000000800219                NRK_PORTF_0
                0x000000000080021a                NRK_PORTG_5
                0x000000000080021b                NRK_PORTG_4
                0x000000000080021c                NRK_PORTG_3
                0x000000000080021d                NRK_PORTG_2
                0x000000000080021e                NRK_PORTG_1
                0x000000000080021f                NRK_PORTG_0
                0x0000000000800220                NRK_ANT_1
                0x0000000000800221                NRK_ANT_0
                0x0000000000800222                NRK_UART0_TXD
                0x0000000000800223                NRK_UART0_RXD
                0x0000000000800224                NRK_PORTE_7
                0x0000000000800225                NRK_PORTE_6
                0x0000000000800226                NRK_PORTE_5
                0x0000000000800227                NRK_PORTE_4
                0x0000000000800228                NRK_PORTE_3
                0x0000000000800229                NRK_PORTE_2
                0x000000000080022a                NRK_PORTE_1
                0x000000000080022b                NRK_PORTE_0
                0x000000000080022c                NRK_LED_3
                0x000000000080022d                NRK_LED_2
                0x000000000080022e                NRK_LED_1
                0x000000000080022f                NRK_LED_0
                0x0000000000800230                NRK_UART1_TXD
                0x0000000000800231                NRK_UART1_RXD
                0x0000000000800232                NRK_BUTTON
                0x0000000000800233                NRK_PORTD_7
                0x0000000000800234                NRK_PORTD_6
                0x0000000000800235                NRK_PORTD_5
                0x0000000000800236                NRK_PORTD_4
                0x0000000000800237                NRK_PORTD_3
                0x0000000000800238                NRK_PORTD_2
                0x0000000000800239                NRK_PORTD_1
                0x000000000080023a                NRK_PORTD_0
                0x000000000080023b                NRK_PORTC_7
                0x000000000080023c                NRK_PORTC_6
                0x000000000080023d                NRK_PORTC_5
                0x000000000080023e                NRK_PORTC_4
                0x000000000080023f                NRK_PORTC_3
                0x0000000000800240                NRK_PORTC_2
                0x0000000000800241                NRK_PORTC_1
                0x0000000000800242                NRK_PORTC_0
                0x0000000000800243                NRK_PORTB_7
                0x0000000000800244                NRK_PORTB_6
                0x0000000000800245                NRK_PORTB_5
                0x0000000000800246                NRK_PORTB_4
                0x0000000000800247                NRK_PORTB_3
                0x0000000000800248                NRK_PORTB_2
                0x0000000000800249                NRK_PORTB_1
                0x000000000080024a                NRK_PORTB_0
                0x000000000080024b                NRK_MISO
                0x000000000080024c                NRK_MOSI
                0x000000000080024d                NRK_SCK
                0x000000000080024e                NRK_SPI_SS
                0x000000000080024f                NRK_DEBUG_3
                0x0000000000800250                NRK_DEBUG_2
                0x0000000000800251                NRK_DEBUG_1
                0x0000000000800252                NRK_DEBUG_0
                0x0000000000800253                NRK_PORTA_7
                0x0000000000800254                NRK_PORTA_6
                0x0000000000800255                NRK_PORTA_5
                0x0000000000800256                NRK_PORTA_4
                0x0000000000800257                NRK_PORTA_3
                0x0000000000800258                NRK_PORTA_2
                0x0000000000800259                NRK_PORTA_1
                0x000000000080025a                NRK_PORTA_0
 *(.rodata*)
 .rodata.str1.1
                0x000000000080025b       0xb7 main.o
                                         0xce (size before relaxing)
 .rodata.str1.1
                0x0000000000800312       0x83 ../../../src/radio/rf231_soc/source/basic_rf.o
 .rodata.str1.1
                0x0000000000800395        0x3 ../../../src/kernel/source/nrk_error.o
 .rodata.str1.1
                0x0000000000800398       0x41 ../../../src/kernel/source/nrk_stack_check.o
                                         0x4e (size before relaxing)
 *(.gnu.linkonce.d*)
                0x00000000008003da                . = ALIGN (0x2)
 *fill*         0x00000000008003d9        0x1 
                0x00000000008003da                _edata = .
                0x00000000008003da                PROVIDE (__data_end, .)

.bss            0x00000000008003da      0x568
                0x00000000008003da                PROVIDE (__bss_start, .)
 *(.bss)
 .bss           0x00000000008003da        0x0 /opt/local/lib/gcc/avr/4.9.1/../../../../avr/lib/avr51/crtm128rfa1.o
 .bss           0x00000000008003da        0x4 main.o
                0x00000000008003da                state
                0x00000000008003db                score
                0x00000000008003dd                num_moles
 .bss           0x00000000008003de       0xbf ../../../src/net/bmac/rf231_soc/bmac.o
 .bss           0x000000000080049d        0x4 ../../../src/radio/rf231_soc/source/basic_rf.o
                0x000000000080049d                rx_end_func
                0x000000000080049f                rx_start_func
 .bss           0x00000000008004a1       0x15 ../../../src/platform/firefly3/source/ulib.o
 .bss           0x00000000008004b6        0x0 ../../../src/platform/firefly3/source/hal_wait.o
 .bss           0x00000000008004b6        0x0 ../../../src/platform/firefly3/source/nrk_eeprom.o
 .bss           0x00000000008004b6        0x0 ../../../src/kernel/source/nrk.o
 .bss           0x00000000008004b6        0x0 ../../../src/kernel/source/nrk_stats.o
 .bss           0x00000000008004b6        0x0 ../../../src/kernel/source/nrk_error.o
 .bss           0x00000000008004b6        0x0 ../../../src/kernel/source/nrk_stack_check.o
 .bss           0x00000000008004b6        0x0 ../../../src/kernel/source/nrk_events.o
 .bss           0x00000000008004b6        0x0 ../../../src/kernel/source/nrk_task.o
 .bss           0x00000000008004b6        0x0 ../../../src/kernel/source/nrk_time.o
 .bss           0x00000000008004b6        0x0 ../../../src/kernel/source/nrk_idle_task.o
 .bss           0x00000000008004b6        0x0 ../../../src/kernel/source/nrk_scheduler.o
 .bss           0x00000000008004b6        0x0 ../../../src/kernel/source/nrk_driver.o
 .bss           0x00000000008004b6        0x0 ../../../src/kernel/source/nrk_reserve.o
 .bss           0x00000000008004b6        0x0 ../../../src/kernel/source/nrk_sw_wdt.o
 .bss           0x00000000008004b6        0x0 ../../../src/kernel/hal/atmega128rfa1/nrk_timer.o
 .bss           0x00000000008004b6        0x0 ../../../src/kernel/hal/atmega128rfa1/nrk_status.o
 .bss           0x00000000008004b6        0x0 ../../../src/kernel/hal/atmega128rfa1/nrk_ext_int.o
 .bss           0x00000000008004b6        0x0 ../../../src/kernel/hal/atmega128rfa1/nrk_watchdog.o
 .bss           0x00000000008004b6        0x0 ../../../src/kernel/hal/atmega128rfa1/nrk_cpu.o
 .bss           0x00000000008004b6        0x0 ../../../src/kernel/hal/atmega128rfa1/atmel_hw_specific.o
 .bss           0x00000000008004b6        0x0 /opt/local/lib/gcc/avr/4.9.1/../../../../avr/lib/avr51/libprintf_min.a(vfprintf_min.o)
 .bss           0x00000000008004b6        0x0 /opt/local/lib/gcc/avr/4.9.1/avr51/libgcc.a(_muluhisi3.o)
 .bss           0x00000000008004b6        0x0 /opt/local/lib/gcc/avr/4.9.1/avr51/libgcc.a(_mulsi3.o)
 .bss           0x00000000008004b6        0x0 /opt/local/lib/gcc/avr/4.9.1/avr51/libgcc.a(_udivmodhi4.o)
 .bss           0x00000000008004b6        0x0 /opt/local/lib/gcc/avr/4.9.1/avr51/libgcc.a(_divmodhi4.o)
 .bss           0x00000000008004b6        0x0 /opt/local/lib/gcc/avr/4.9.1/avr51/libgcc.a(_udivmodsi4.o)
 .bss           0x00000000008004b6        0x0 /opt/local/lib/gcc/avr/4.9.1/avr51/libgcc.a(_udivdi3.o)
 .bss           0x00000000008004b6        0x0 /opt/local/lib/gcc/avr/4.9.1/avr51/libgcc.a(_udivmod64.o)
 .bss           0x00000000008004b6        0x0 /opt/local/lib/gcc/avr/4.9.1/avr51/libgcc.a(_exit.o)
 .bss           0x00000000008004b6        0x0 /opt/local/lib/gcc/avr/4.9.1/avr51/libgcc.a(_tablejump.o)
 .bss           0x00000000008004b6        0x0 /opt/local/lib/gcc/avr/4.9.1/avr51/libgcc.a(_copy_data.o)
 .bss           0x00000000008004b6        0x0 /opt/local/lib/gcc/avr/4.9.1/avr51/libgcc.a(_clear_bss.o)
 .bss           0x00000000008004b6        0x0 /opt/local/lib/gcc/avr/4.9.1/avr51/libgcc.a(_umulhisi3.o)
 .bss           0x00000000008004b6        0x0 /opt/local/lib/gcc/avr/4.9.1/../../../../avr/lib/avr51/libc.a(rand.o)
 .bss           0x00000000008004b6        0x0 /opt/local/lib/gcc/avr/4.9.1/../../../../avr/lib/avr51/libc.a(atoi.o)
 .bss           0x00000000008004b6        0x0 /opt/local/lib/gcc/avr/4.9.1/../../../../avr/lib/avr51/libc.a(strchr_P.o)
 .bss           0x00000000008004b6        0x2 /opt/local/lib/gcc/avr/4.9.1/../../../../avr/lib/avr51/libc.a(strtok.o)
 .bss           0x00000000008004b8        0x0 /opt/local/lib/gcc/avr/4.9.1/../../../../avr/lib/avr51/libc.a(memcpy.o)
 .bss           0x00000000008004b8        0x0 /opt/local/lib/gcc/avr/4.9.1/../../../../avr/lib/avr51/libc.a(strcmp.o)
 .bss           0x00000000008004b8        0x0 /opt/local/lib/gcc/avr/4.9.1/../../../../avr/lib/avr51/libc.a(strtok_r.o)
 .bss           0x00000000008004b8        0x0 /opt/local/lib/gcc/avr/4.9.1/../../../../avr/lib/avr51/libc.a(mul10.o)
 .bss           0x00000000008004b8        0x0 /opt/local/lib/gcc/avr/4.9.1/../../../../avr/lib/avr51/libc.a(fdevopen.o)
 .bss           0x00000000008004b8        0x0 /opt/local/lib/gcc/avr/4.9.1/../../../../avr/lib/avr51/libc.a(fgetc.o)
 .bss           0x00000000008004b8        0x0 /opt/local/lib/gcc/avr/4.9.1/../../../../avr/lib/avr51/libc.a(fputc.o)
 .bss           0x00000000008004b8        0x0 /opt/local/lib/gcc/avr/4.9.1/../../../../avr/lib/avr51/libc.a(iob.o)
 .bss           0x00000000008004b8        0x0 /opt/local/lib/gcc/avr/4.9.1/../../../../avr/lib/avr51/libc.a(printf.o)
 .bss           0x00000000008004b8        0x0 /opt/local/lib/gcc/avr/4.9.1/../../../../avr/lib/avr51/libc.a(putchar.o)
 .bss           0x00000000008004b8        0x0 /opt/local/lib/gcc/avr/4.9.1/../../../../avr/lib/avr51/libc.a(puts.o)
 .bss           0x00000000008004b8        0x0 /opt/local/lib/gcc/avr/4.9.1/../../../../avr/lib/avr51/libc.a(sprintf.o)
 .bss           0x00000000008004b8        0x0 /opt/local/lib/gcc/avr/4.9.1/../../../../avr/lib/avr51/libc.a(ultoa_invert.o)
 .bss           0x00000000008004b8        0x0 /opt/local/lib/gcc/avr/4.9.1/../../../../avr/lib/avr51/libc.a(time.o)
 .bss           0x00000000008004b8        0x0 /opt/local/lib/gcc/avr/4.9.1/../../../../avr/lib/avr51/libc.a(eerd_byte_atmega128rfa1.o)
 .bss           0x00000000008004b8        0x0 /opt/local/lib/gcc/avr/4.9.1/../../../../avr/lib/avr51/libc.a(eewr_byte_atmega128rfa1.o)
 .bss           0x00000000008004b8        0x0 /opt/local/lib/gcc/avr/4.9.1/../../../../avr/lib/avr51/libc.a(calloc.o)
 .bss           0x00000000008004b8        0x0 /opt/local/lib/gcc/avr/4.9.1/../../../../avr/lib/avr51/libc.a(malloc.o)
 .bss           0x00000000008004b8        0x0 /opt/local/lib/gcc/avr/4.9.1/../../../../avr/lib/avr51/libc.a(memset.o)
 .bss           0x00000000008004b8        0x0 /opt/local/lib/gcc/avr/4.9.1/../../../../avr/lib/avr51/libc.a(system_time.o)
 .bss           0x00000000008004b8        0x0 /opt/local/lib/gcc/avr/4.9.1/avr51/libgcc.a(_mulshisi3.o)
 .bss           0x00000000008004b8        0x0 /opt/local/lib/gcc/avr/4.9.1/avr51/libgcc.a(_divmodsi4.o)
 .bss           0x00000000008004b8        0x0 /opt/local/lib/gcc/avr/4.9.1/avr51/libgcc.a(_negsi2.o)
 *(.bss*)
 *(COMMON)
 COMMON         0x00000000008004b8      0x335 main.o
                0x00000000008004b8                previous_slave_id
                0x00000000008004ba                WHACKY_TASK
                0x00000000008004dd                error_task
                0x00000000008004de                bmac_enable_signal
                0x00000000008004df                bmac_rfTxInfo
                0x00000000008004e6                _nrk_signal_list
                0x00000000008004ea                buffer
                0x00000000008004fe                bmac_rx_pkt_signal
                0x00000000008004ff                rx_buf
                0x0000000000800573                nrk_kernel_stk_ptr
                0x0000000000800575                dead_devices
                0x0000000000800577                tx_buf
                0x00000000008005eb                bmac_rfRxInfo
                0x00000000008005f7                error_num
                0x00000000008005f8                whacky_buf
                0x000000000080066c                nrk_idle_task_stk
                0x00000000008006ec                bmac_tx_pkt_done_signal
                0x00000000008006ed                whacky_task_stack
 COMMON         0x00000000008007ed        0x5 ../../../src/net/bmac/rf231_soc/bmac.o
                0x00000000008007ed                app_timer0_callback
                0x00000000008007ef                _nrk_time_trigger
                0x00000000008007f0                app_timer0_prescale
                0x00000000008007f1                _nrk_prev_timer_val
 COMMON         0x00000000008007f2       0x53 ../../../src/radio/rf231_soc/source/basic_rf.o
                0x00000000008007f2                rx_ctr
                0x00000000008007f6                radio_sem
                0x00000000008007f8                use_glossy
                0x00000000008007f9                mdmctrl0
                0x00000000008007fb                rfSettings
                0x0000000000800804                curr_t
                0x000000000080080c                tx_done
                0x000000000080080d                ekey
                0x000000000080081d                rf_ready
                0x000000000080081e                target_t
                0x0000000000800826                dkey
                0x0000000000800836                tx_ctr
                0x000000000080083c                rx_ready
                0x000000000080083d                dummy_t
 COMMON         0x0000000000800845       0xe0 ../../../src/kernel/source/nrk.o
                0x0000000000800845                _free_node
                0x0000000000800847                nrk_task_TCB
                0x00000000008008f3                next_next_wakeup
                0x00000000008008f5                nrk_sem_list
                0x00000000008008f8                nrk_task_init_cnt
                0x00000000008008f9                nrk_wakeup_signal
                0x00000000008008fa                nrk_high_ready_TCB
                0x00000000008008fc                nrk_cur_task_prio
                0x00000000008008fd                _nrk_cpu_state
                0x00000000008008fe                _head_node
                0x0000000000800900                nrk_system_time
                0x0000000000800908                _nrk_resource_cnt
                0x0000000000800909                nrk_cur_task_TCB
                0x000000000080090b                nrk_high_ready_prio
                0x000000000080090c                _nrk_readyQ
 COMMON         0x0000000000800925        0x1 ../../../src/kernel/source/nrk_scheduler.o
                0x0000000000800925                t
 COMMON         0x0000000000800926        0x6 ../../../src/kernel/source/nrk_driver.o
                0x0000000000800926                _nrk_driver_count
                0x0000000000800927                nrk_drivers
                0x000000000080092b                nrk_driver_init
 COMMON         0x000000000080092c        0x8 ../../../src/kernel/hal/atmega128rfa1/nrk_ext_int.o
                0x000000000080092c                ext_int1_callback
                0x000000000080092e                ext_int0_callback
                0x0000000000800930                ext_int2_callback
                0x0000000000800932                pc_int0_callback
 COMMON         0x0000000000800934        0x6 /opt/local/lib/gcc/avr/4.9.1/../../../../avr/lib/avr51/libc.a(iob.o)
                0x0000000000800934                __iob
 COMMON         0x000000000080093a        0x4 /opt/local/lib/gcc/avr/4.9.1/../../../../avr/lib/avr51/libc.a(malloc.o)
                0x000000000080093a                __brkval
                0x000000000080093c                __flp
 COMMON         0x000000000080093e        0x4 /opt/local/lib/gcc/avr/4.9.1/../../../../avr/lib/avr51/libc.a(system_time.o)
                0x000000000080093e                __system_time
                0x0000000000800942                PROVIDE (__bss_end, .)
                0x000000000000609a                __data_load_start = LOADADDR (.data)
                0x0000000000006274                __data_load_end = (__data_load_start + SIZEOF (.data))

.noinit         0x0000000000800942        0x0
                0x0000000000800942                PROVIDE (__noinit_start, .)
 *(.noinit*)
                0x0000000000800942                PROVIDE (__noinit_end, .)
                0x0000000000800942                _end = .
                0x0000000000800942                PROVIDE (__heap_start, .)

.eeprom         0x0000000000810000        0x0
 *(.eeprom*)
                0x0000000000810000                __eeprom_end = .

.fuse
 *(.fuse)
 *(.lfuse)
 *(.hfuse)
 *(.efuse)

.lock
 *(.lock*)

.signature
 *(.signature*)

.stab           0x0000000000000000    0x120b4
 *(.stab)
 .stab          0x0000000000000000     0x18b4 main.o
 .stab          0x00000000000018b4     0x1b18 ../../../src/net/bmac/rf231_soc/bmac.o
                                       0x26c4 (size before relaxing)
 .stab          0x00000000000033cc     0x225c ../../../src/radio/rf231_soc/source/basic_rf.o
                                       0x2d0c (size before relaxing)
 .stab          0x0000000000005628     0x174c ../../../src/platform/firefly3/source/ulib.o
                                       0x21f0 (size before relaxing)
 .stab          0x0000000000006d74      0x378 ../../../src/platform/firefly3/source/hal_wait.o
                                        0xd50 (size before relaxing)
 .stab          0x00000000000070ec      0x7ec ../../../src/platform/firefly3/source/nrk_eeprom.o
                                       0x1278 (size before relaxing)
 .stab          0x00000000000078d8      0xb7c ../../../src/kernel/source/nrk.o
                                       0x168c (size before relaxing)
 .stab          0x0000000000008454      0x420 ../../../src/kernel/source/nrk_stats.o
                                        0xf54 (size before relaxing)
 .stab          0x0000000000008874      0xba0 ../../../src/kernel/source/nrk_error.o
                                       0x16e0 (size before relaxing)
 .stab          0x0000000000009414      0x624 ../../../src/kernel/source/nrk_stack_check.o
                                       0x1158 (size before relaxing)
 .stab          0x0000000000009a38      0xf6c ../../../src/kernel/source/nrk_events.o
                                       0x1ab8 (size before relaxing)
 .stab          0x000000000000a9a4     0x10e0 ../../../src/kernel/source/nrk_task.o
                                       0x1c2c (size before relaxing)
 .stab          0x000000000000ba84      0x93c ../../../src/kernel/source/nrk_time.o
                                       0x1488 (size before relaxing)
 .stab          0x000000000000c3c0      0x4bc ../../../src/kernel/source/nrk_idle_task.o
                                       0x1008 (size before relaxing)
 .stab          0x000000000000c87c      0x9c0 ../../../src/kernel/source/nrk_scheduler.o
                                       0x150c (size before relaxing)
 .stab          0x000000000000d23c      0x894 ../../../src/kernel/source/nrk_driver.o
                                       0x13e0 (size before relaxing)
 .stab          0x000000000000dad0      0x264 ../../../src/kernel/source/nrk_reserve.o
                                        0x270 (size before relaxing)
 .stab          0x000000000000dd34      0x390 ../../../src/kernel/source/nrk_sw_wdt.o
                                        0xec4 (size before relaxing)
 .stab          0x000000000000e0c4     0x111c ../../../src/kernel/hal/atmega128rfa1/nrk_timer.o
                                       0x1c5c (size before relaxing)
 .stab          0x000000000000f1e0      0x474 ../../../src/kernel/hal/atmega128rfa1/nrk_status.o
                                        0xf18 (size before relaxing)
 .stab          0x000000000000f654      0xa14 ../../../src/kernel/hal/atmega128rfa1/nrk_ext_int.o
                                       0x14b8 (size before relaxing)
 .stab          0x0000000000010068      0x540 ../../../src/kernel/hal/atmega128rfa1/nrk_watchdog.o
                                       0x1068 (size before relaxing)
 .stab          0x00000000000105a8      0x894 ../../../src/kernel/hal/atmega128rfa1/nrk_cpu.o
                                       0x13d4 (size before relaxing)
 .stab          0x0000000000010e3c      0x204 ../../../src/kernel/hal/atmega128rfa1/atmel_hw_specific.o
                                        0x210 (size before relaxing)
 .stab          0x0000000000011040       0xcc /opt/local/lib/gcc/avr/4.9.1/avr51/libgcc.a(_muluhisi3.o)
                                         0xd8 (size before relaxing)
 .stab          0x000000000001110c      0x108 /opt/local/lib/gcc/avr/4.9.1/avr51/libgcc.a(_mulsi3.o)
                                        0x114 (size before relaxing)
 .stab          0x0000000000011214      0x15c /opt/local/lib/gcc/avr/4.9.1/avr51/libgcc.a(_udivmodhi4.o)
                                        0x168 (size before relaxing)
 .stab          0x0000000000011370      0x138 /opt/local/lib/gcc/avr/4.9.1/avr51/libgcc.a(_divmodhi4.o)
                                        0x144 (size before relaxing)
 .stab          0x00000000000114a8      0x228 /opt/local/lib/gcc/avr/4.9.1/avr51/libgcc.a(_udivmodsi4.o)
                                        0x234 (size before relaxing)
 .stab          0x00000000000116d0      0x150 /opt/local/lib/gcc/avr/4.9.1/avr51/libgcc.a(_udivdi3.o)
                                        0x15c (size before relaxing)
 .stab          0x0000000000011820      0x234 /opt/local/lib/gcc/avr/4.9.1/avr51/libgcc.a(_udivmod64.o)
                                        0x240 (size before relaxing)
 .stab          0x0000000000011a54       0x6c /opt/local/lib/gcc/avr/4.9.1/avr51/libgcc.a(_exit.o)
                                         0x78 (size before relaxing)
 .stab          0x0000000000011ac0       0xcc /opt/local/lib/gcc/avr/4.9.1/avr51/libgcc.a(_tablejump.o)
                                         0xd8 (size before relaxing)
 .stab          0x0000000000011b8c       0xf0 /opt/local/lib/gcc/avr/4.9.1/avr51/libgcc.a(_copy_data.o)
                                         0xfc (size before relaxing)
 .stab          0x0000000000011c7c       0xb4 /opt/local/lib/gcc/avr/4.9.1/avr51/libgcc.a(_clear_bss.o)
                                         0xc0 (size before relaxing)
 .stab          0x0000000000011d30      0x108 /opt/local/lib/gcc/avr/4.9.1/avr51/libgcc.a(_umulhisi3.o)
                                        0x114 (size before relaxing)
 .stab          0x0000000000011e38       0xcc /opt/local/lib/gcc/avr/4.9.1/avr51/libgcc.a(_mulshisi3.o)
                                         0xd8 (size before relaxing)
 .stab          0x0000000000011f04      0x144 /opt/local/lib/gcc/avr/4.9.1/avr51/libgcc.a(_divmodsi4.o)
                                        0x150 (size before relaxing)
 .stab          0x0000000000012048       0x6c /opt/local/lib/gcc/avr/4.9.1/avr51/libgcc.a(_negsi2.o)
                                         0x78 (size before relaxing)

.stabstr        0x0000000000000000     0x9459
 *(.stabstr)
 .stabstr       0x0000000000000000     0x9459 main.o

.stab.excl
 *(.stab.excl)

.stab.exclstr
 *(.stab.exclstr)

.stab.index
 *(.stab.index)

.stab.indexstr
 *(.stab.indexstr)

.comment        0x0000000000000000       0x11
 *(.comment)
 .comment       0x0000000000000000       0x11 main.o
                                         0x12 (size before relaxing)
 .comment       0x0000000000000011       0x12 ../../../src/net/bmac/rf231_soc/bmac.o
 .comment       0x0000000000000011       0x12 ../../../src/radio/rf231_soc/source/basic_rf.o
 .comment       0x0000000000000011       0x12 ../../../src/platform/firefly3/source/ulib.o
 .comment       0x0000000000000011       0x12 ../../../src/platform/firefly3/source/hal_wait.o
 .comment       0x0000000000000011       0x12 ../../../src/platform/firefly3/source/nrk_eeprom.o
 .comment       0x0000000000000011       0x12 ../../../src/kernel/source/nrk.o
 .comment       0x0000000000000011       0x12 ../../../src/kernel/source/nrk_stats.o
 .comment       0x0000000000000011       0x12 ../../../src/kernel/source/nrk_error.o
 .comment       0x0000000000000011       0x12 ../../../src/kernel/source/nrk_stack_check.o
 .comment       0x0000000000000011       0x12 ../../../src/kernel/source/nrk_events.o
 .comment       0x0000000000000011       0x12 ../../../src/kernel/source/nrk_task.o
 .comment       0x0000000000000011       0x12 ../../../src/kernel/source/nrk_time.o
 .comment       0x0000000000000011       0x12 ../../../src/kernel/source/nrk_idle_task.o
 .comment       0x0000000000000011       0x12 ../../../src/kernel/source/nrk_scheduler.o
 .comment       0x0000000000000011       0x12 ../../../src/kernel/source/nrk_driver.o
 .comment       0x0000000000000011       0x12 ../../../src/kernel/source/nrk_reserve.o
 .comment       0x0000000000000011       0x12 ../../../src/kernel/source/nrk_sw_wdt.o
 .comment       0x0000000000000011       0x12 ../../../src/kernel/hal/atmega128rfa1/nrk_timer.o
 .comment       0x0000000000000011       0x12 ../../../src/kernel/hal/atmega128rfa1/nrk_status.o
 .comment       0x0000000000000011       0x12 ../../../src/kernel/hal/atmega128rfa1/nrk_ext_int.o
 .comment       0x0000000000000011       0x12 ../../../src/kernel/hal/atmega128rfa1/nrk_watchdog.o
 .comment       0x0000000000000011       0x12 ../../../src/kernel/hal/atmega128rfa1/nrk_cpu.o
 .comment       0x0000000000000011       0x12 /opt/local/lib/gcc/avr/4.9.1/../../../../avr/lib/avr51/libprintf_min.a(vfprintf_min.o)
 .comment       0x0000000000000011       0x12 /opt/local/lib/gcc/avr/4.9.1/../../../../avr/lib/avr51/libc.a(rand.o)
 .comment       0x0000000000000011       0x12 /opt/local/lib/gcc/avr/4.9.1/../../../../avr/lib/avr51/libc.a(strtok.o)
 .comment       0x0000000000000011       0x12 /opt/local/lib/gcc/avr/4.9.1/../../../../avr/lib/avr51/libc.a(fdevopen.o)
 .comment       0x0000000000000011       0x12 /opt/local/lib/gcc/avr/4.9.1/../../../../avr/lib/avr51/libc.a(fgetc.o)
 .comment       0x0000000000000011       0x12 /opt/local/lib/gcc/avr/4.9.1/../../../../avr/lib/avr51/libc.a(fputc.o)
 .comment       0x0000000000000011       0x12 /opt/local/lib/gcc/avr/4.9.1/../../../../avr/lib/avr51/libc.a(iob.o)
 .comment       0x0000000000000011       0x12 /opt/local/lib/gcc/avr/4.9.1/../../../../avr/lib/avr51/libc.a(printf.o)
 .comment       0x0000000000000011       0x12 /opt/local/lib/gcc/avr/4.9.1/../../../../avr/lib/avr51/libc.a(putchar.o)
 .comment       0x0000000000000011       0x12 /opt/local/lib/gcc/avr/4.9.1/../../../../avr/lib/avr51/libc.a(puts.o)
 .comment       0x0000000000000011       0x12 /opt/local/lib/gcc/avr/4.9.1/../../../../avr/lib/avr51/libc.a(sprintf.o)
 .comment       0x0000000000000011       0x12 /opt/local/lib/gcc/avr/4.9.1/../../../../avr/lib/avr51/libc.a(time.o)
 .comment       0x0000000000000011       0x12 /opt/local/lib/gcc/avr/4.9.1/../../../../avr/lib/avr51/libc.a(calloc.o)
 .comment       0x0000000000000011       0x12 /opt/local/lib/gcc/avr/4.9.1/../../../../avr/lib/avr51/libc.a(malloc.o)
 .comment       0x0000000000000011       0x12 /opt/local/lib/gcc/avr/4.9.1/../../../../avr/lib/avr51/libc.a(system_time.o)

.note.gnu.build-id
 *(.note.gnu.build-id)

.debug
 *(.debug)

.line
 *(.line)

.debug_srcinfo
 *(.debug_srcinfo)

.debug_sfnames
 *(.debug_sfnames)

.debug_aranges
 *(.debug_aranges)

.debug_pubnames
 *(.debug_pubnames)

.debug_info     0x0000000000000000     0x1160
 *(.debug_info .gnu.linkonce.wi.*)
 .debug_info    0x0000000000000000     0x1160 /opt/local/lib/gcc/avr/4.9.1/../../../../avr/lib/avr51/crtm128rfa1.o

.debug_abbrev   0x0000000000000000     0x1072
 *(.debug_abbrev)
 .debug_abbrev  0x0000000000000000     0x1072 /opt/local/lib/gcc/avr/4.9.1/../../../../avr/lib/avr51/crtm128rfa1.o

.debug_line     0x0000000000000000       0x1d
 *(.debug_line .debug_line.* .debug_line_end)
 .debug_line    0x0000000000000000       0x1d /opt/local/lib/gcc/avr/4.9.1/../../../../avr/lib/avr51/crtm128rfa1.o

.debug_frame
 *(.debug_frame)

.debug_str      0x0000000000000000      0x6de
 *(.debug_str)
 .debug_str     0x0000000000000000      0x6de /opt/local/lib/gcc/avr/4.9.1/../../../../avr/lib/avr51/crtm128rfa1.o

.debug_loc
 *(.debug_loc)

.debug_macinfo
 *(.debug_macinfo)

.debug_weaknames
 *(.debug_weaknames)

.debug_funcnames
 *(.debug_funcnames)

.debug_typenames
 *(.debug_typenames)

.debug_varnames
 *(.debug_varnames)

.debug_pubtypes
 *(.debug_pubtypes)

.debug_ranges
 *(.debug_ranges)

.debug_macro
 *(.debug_macro)
OUTPUT(main.elf elf32-avr)
LOAD linker stubs

Cross Reference Table

Symbol                                            File
NRK_ADC_INPUT_0                                   ../../../src/platform/firefly3/source/ulib.o
NRK_ADC_INPUT_1                                   ../../../src/platform/firefly3/source/ulib.o
NRK_ADC_INPUT_2                                   ../../../src/platform/firefly3/source/ulib.o
NRK_ADC_INPUT_3                                   ../../../src/platform/firefly3/source/ulib.o
NRK_ADC_INPUT_4                                   ../../../src/platform/firefly3/source/ulib.o
NRK_ADC_INPUT_5                                   ../../../src/platform/firefly3/source/ulib.o
NRK_ADC_INPUT_6                                   ../../../src/platform/firefly3/source/ulib.o
NRK_ADC_INPUT_7                                   ../../../src/platform/firefly3/source/ulib.o
NRK_ANT_0                                         ../../../src/platform/firefly3/source/ulib.o
NRK_ANT_1                                         ../../../src/platform/firefly3/source/ulib.o
NRK_BUTTON                                        ../../../src/platform/firefly3/source/ulib.o
NRK_DEBUG_0                                       ../../../src/platform/firefly3/source/ulib.o
NRK_DEBUG_1                                       ../../../src/platform/firefly3/source/ulib.o
NRK_DEBUG_2                                       ../../../src/platform/firefly3/source/ulib.o
NRK_DEBUG_3                                       ../../../src/platform/firefly3/source/ulib.o
NRK_LED_0                                         ../../../src/platform/firefly3/source/ulib.o
NRK_LED_1                                         ../../../src/platform/firefly3/source/ulib.o
NRK_LED_2                                         ../../../src/platform/firefly3/source/ulib.o
NRK_LED_3                                         ../../../src/platform/firefly3/source/ulib.o
NRK_MISO                                          ../../../src/platform/firefly3/source/ulib.o
NRK_MOSI                                          ../../../src/platform/firefly3/source/ulib.o
NRK_PORTA_0                                       ../../../src/platform/firefly3/source/ulib.o
NRK_PORTA_1                                       ../../../src/platform/firefly3/source/ulib.o
NRK_PORTA_2                                       ../../../src/platform/firefly3/source/ulib.o
NRK_PORTA_3                                       ../../../src/platform/firefly3/source/ulib.o
NRK_PORTA_4                                       ../../../src/platform/firefly3/source/ulib.o
NRK_PORTA_5                                       ../../../src/platform/firefly3/source/ulib.o
NRK_PORTA_6                                       ../../../src/platform/firefly3/source/ulib.o
NRK_PORTA_7                                       ../../../src/platform/firefly3/source/ulib.o
NRK_PORTB_0                                       ../../../src/platform/firefly3/source/ulib.o
NRK_PORTB_1                                       ../../../src/platform/firefly3/source/ulib.o
NRK_PORTB_2                                       ../../../src/platform/firefly3/source/ulib.o
NRK_PORTB_3                                       ../../../src/platform/firefly3/source/ulib.o
NRK_PORTB_4                                       ../../../src/platform/firefly3/source/ulib.o
NRK_PORTB_5                                       ../../../src/platform/firefly3/source/ulib.o
NRK_PORTB_6                                       ../../../src/platform/firefly3/source/ulib.o
NRK_PORTB_7                                       ../../../src/platform/firefly3/source/ulib.o
NRK_PORTC_0                                       ../../../src/platform/firefly3/source/ulib.o
NRK_PORTC_1                                       ../../../src/platform/firefly3/source/ulib.o
NRK_PORTC_2                                       ../../../src/platform/firefly3/source/ulib.o
NRK_PORTC_3                                       ../../../src/platform/firefly3/source/ulib.o
NRK_PORTC_4                                       ../../../src/platform/firefly3/source/ulib.o
NRK_PORTC_5                                       ../../../src/platform/firefly3/source/ulib.o
NRK_PORTC_6                                       ../../../src/platform/firefly3/source/ulib.o
NRK_PORTC_7                                       ../../../src/platform/firefly3/source/ulib.o
NRK_PORTD_0                                       ../../../src/platform/firefly3/source/ulib.o
NRK_PORTD_1                                       ../../../src/platform/firefly3/source/ulib.o
NRK_PORTD_2                                       ../../../src/platform/firefly3/source/ulib.o
NRK_PORTD_3                                       ../../../src/platform/firefly3/source/ulib.o
NRK_PORTD_4                                       ../../../src/platform/firefly3/source/ulib.o