Archive member included to satisfy reference by file (symbol)

/opt/local/lib/gcc/avr/4.9.1/../../../../avr/lib/avr51/libprintf_min.a(vfprintf_min.o)
                              (vfprintf)
/opt/local/lib/gcc/avr/4.9.1/../../../../avr/lib/avr51/libm.a(divsf3.o)
                              main.o (__divsf3)
/opt/local/lib/gcc/avr/4.9.1/../../../../avr/lib/avr51/libm.a(divsf3x.o)
                              /opt/local/lib/gcc/avr/4.9.1/../../../../avr/lib/avr51/libm.a(divsf3.o) (__divsf3x)
/opt/local/lib/gcc/avr/4.9.1/../../../../avr/lib/avr51/libm.a(fixsfsi.o)
                              main.o (__fixsfsi)
/opt/local/lib/gcc/avr/4.9.1/../../../../avr/lib/avr51/libm.a(fixunssfsi.o)
                              /opt/local/lib/gcc/avr/4.9.1/../../../../avr/lib/avr51/libm.a(fixsfsi.o) (__fixunssfsi)
/opt/local/lib/gcc/avr/4.9.1/../../../../avr/lib/avr51/libm.a(floatsisf.o)
                              main.o (__floatsisf)
/opt/local/lib/gcc/avr/4.9.1/../../../../avr/lib/avr51/libm.a(fp_inf.o)
                              /opt/local/lib/gcc/avr/4.9.1/../../../../avr/lib/avr51/libm.a(divsf3x.o) (__fp_inf)
/opt/local/lib/gcc/avr/4.9.1/../../../../avr/lib/avr51/libm.a(fp_nan.o)
                              /opt/local/lib/gcc/avr/4.9.1/../../../../avr/lib/avr51/libm.a(divsf3x.o) (__fp_nan)
/opt/local/lib/gcc/avr/4.9.1/../../../../avr/lib/avr51/libm.a(fp_pscA.o)
                              /opt/local/lib/gcc/avr/4.9.1/../../../../avr/lib/avr51/libm.a(divsf3x.o) (__fp_pscA)
/opt/local/lib/gcc/avr/4.9.1/../../../../avr/lib/avr51/libm.a(fp_pscB.o)
                              /opt/local/lib/gcc/avr/4.9.1/../../../../avr/lib/avr51/libm.a(divsf3x.o) (__fp_pscB)
/opt/local/lib/gcc/avr/4.9.1/../../../../avr/lib/avr51/libm.a(fp_round.o)
                              /opt/local/lib/gcc/avr/4.9.1/../../../../avr/lib/avr51/libm.a(divsf3.o) (__fp_round)
/opt/local/lib/gcc/avr/4.9.1/../../../../avr/lib/avr51/libm.a(fp_split3.o)
                              /opt/local/lib/gcc/avr/4.9.1/../../../../avr/lib/avr51/libm.a(divsf3x.o) (__fp_split3)
/opt/local/lib/gcc/avr/4.9.1/../../../../avr/lib/avr51/libm.a(fp_zero.o)
                              /opt/local/lib/gcc/avr/4.9.1/../../../../avr/lib/avr51/libm.a(fixunssfsi.o) (__fp_zero)
/opt/local/lib/gcc/avr/4.9.1/avr51/libgcc.a(_muluhisi3.o)
                              ../../../src/radio/rf231_soc/source/basic_rf.o (__muluhisi3)
/opt/local/lib/gcc/avr/4.9.1/avr51/libgcc.a(_mulsi3.o)
                              ../../../src/kernel/source/nrk_time.o (__mulsi3)
/opt/local/lib/gcc/avr/4.9.1/avr51/libgcc.a(_udivmodhi4.o)
                              ../../../src/net/bmac/rf231_soc/bmac.o (__udivmodhi4)
/opt/local/lib/gcc/avr/4.9.1/avr51/libgcc.a(_divmodhi4.o)
                              ../../../src/net/bmac/rf231_soc/bmac.o (__divmodhi4)
/opt/local/lib/gcc/avr/4.9.1/avr51/libgcc.a(_udivmodsi4.o)
                              ../../../src/net/bmac/rf231_soc/bmac.o (__udivmodsi4)
/opt/local/lib/gcc/avr/4.9.1/avr51/libgcc.a(_udivdi3.o)
                              ../../../src/kernel/source/nrk_time.o (__udivdi3)
/opt/local/lib/gcc/avr/4.9.1/avr51/libgcc.a(_udivmod64.o)
                              /opt/local/lib/gcc/avr/4.9.1/avr51/libgcc.a(_udivdi3.o) (__udivmod64)
/opt/local/lib/gcc/avr/4.9.1/avr51/libgcc.a(_exit.o)
                              /opt/local/lib/gcc/avr/4.9.1/../../../../avr/lib/avr51/crtm128rfa1.o (exit)
/opt/local/lib/gcc/avr/4.9.1/avr51/libgcc.a(_tablejump.o)
                              ../../../src/platform/firefly3/source/ulib.o (__tablejump2__)
/opt/local/lib/gcc/avr/4.9.1/avr51/libgcc.a(_copy_data.o)
                              main.o (__do_copy_data)
/opt/local/lib/gcc/avr/4.9.1/avr51/libgcc.a(_clear_bss.o)
                              main.o (__do_clear_bss)
/opt/local/lib/gcc/avr/4.9.1/avr51/libgcc.a(_umulhisi3.o)
                              /opt/local/lib/gcc/avr/4.9.1/avr51/libgcc.a(_muluhisi3.o) (__umulhisi3)
/opt/local/lib/gcc/avr/4.9.1/../../../../avr/lib/avr51/libc.a(rand.o)
                              ../../../src/net/bmac/rf231_soc/bmac.o (rand)
/opt/local/lib/gcc/avr/4.9.1/../../../../avr/lib/avr51/libc.a(strchr_P.o)
                              /opt/local/lib/gcc/avr/4.9.1/../../../../avr/lib/avr51/libprintf_min.a(vfprintf_min.o) (strchr_P)
/opt/local/lib/gcc/avr/4.9.1/../../../../avr/lib/avr51/libc.a(memcpy.o)
                              ../../../src/radio/rf231_soc/source/basic_rf.o (memcpy)
/opt/local/lib/gcc/avr/4.9.1/../../../../avr/lib/avr51/libc.a(fdevopen.o)
                              ../../../src/platform/firefly3/source/ulib.o (fdevopen)
/opt/local/lib/gcc/avr/4.9.1/../../../../avr/lib/avr51/libc.a(fputc.o)
                              ../../../src/platform/firefly3/source/ulib.o (fputc)
/opt/local/lib/gcc/avr/4.9.1/../../../../avr/lib/avr51/libc.a(iob.o)
                              ../../../src/platform/firefly3/source/ulib.o (__iob)
[...]
Memory Configuration

Name             Origin             Length             Attributes
text             0x0000000000000000 0x0000000000020000 xr
data             0x0000000000800100 0x000000000000ff00 rw !x
eeprom           0x0000000000810000 0x0000000000010000 rw !x
fuse             0x0000000000820000 0x0000000000000400 rw !x
lock             0x0000000000830000 0x0000000000000400 rw !x
signature        0x0000000000840000 0x0000000000000400 rw !x
*default*        0x0000000000000000 0xffffffffffffffff

Linker script and memory map

Address of section .data set to 0x800200
LOAD /opt/local/lib/gcc/avr/4.9.1/../../../../avr/lib/avr51/crtm128rfa1.o
LOAD main.o
LOAD ../../../src/net/bmac/rf231_soc/bmac.o
LOAD ../../../src/radio/rf231_soc/source/basic_rf.o
LOAD ../../../src/platform/firefly3/source/ulib.o
LOAD ../../../src/platform/firefly3/source/hal_wait.o
LOAD ../../../src/platform/firefly3/source/nrk_eeprom.o
LOAD ../../../src/kernel/source/nrk.o
LOAD ../../../src/kernel/source/nrk_stats.o
LOAD ../../../src/kernel/source/nrk_error.o
LOAD ../../../src/kernel/source/nrk_stack_check.o
LOAD ../../../src/kernel/source/nrk_events.o
LOAD ../../../src/kernel/source/nrk_task.o
LOAD ../../../src/kernel/source/nrk_time.o
LOAD ../../../src/kernel/source/nrk_idle_task.o
LOAD ../../../src/kernel/source/nrk_scheduler.o
LOAD ../../../src/kernel/source/nrk_driver.o
LOAD ../../../src/kernel/source/nrk_reserve.o
LOAD ../../../src/kernel/source/nrk_sw_wdt.o
LOAD ../../../src/kernel/hal/atmega128rfa1/nrk_timer.o
LOAD ../../../src/kernel/hal/atmega128rfa1/nrk_status.o
LOAD ../../../src/kernel/hal/atmega128rfa1/nrk_ext_int.o
LOAD ../../../src/kernel/hal/atmega128rfa1/nrk_watchdog.o
LOAD ../../../src/kernel/hal/atmega128rfa1/nrk_cpu.o
LOAD ../../../src/kernel/hal/atmega128rfa1/atmel_hw_specific.o
LOAD /opt/local/lib/gcc/avr/4.9.1/../../../../avr/lib/avr51/libprintf_min.a
LOAD /opt/local/lib/gcc/avr/4.9.1/../../../../avr/lib/avr51/libm.a
START GROUP
LOAD /opt/local/lib/gcc/avr/4.9.1/avr51/libgcc.a
LOAD /opt/local/lib/gcc/avr/4.9.1/../../../../avr/lib/avr51/libm.a
LOAD /opt/local/lib/gcc/avr/4.9.1/../../../../avr/lib/avr51/libc.a
END GROUP

.hash
 *(.hash)

.dynsym
 *(.dynsym)

.dynstr
 *(.dynstr)

.gnu.version
 *(.gnu.version)

.gnu.version_d
 *(.gnu.version_d)

.gnu.version_r
 *(.gnu.version_r)

.rel.init
 *(.rel.init)

.rela.init
 *(.rela.init)

.rel.text
 *(.rel.text)
 *(.rel.text.*)
 *(.rel.gnu.linkonce.t*)

.rela.text
 *(.rela.text)
 *(.rela.text.*)
 *(.rela.gnu.linkonce.t*)

.rel.fini
 *(.rel.fini)

.rela.fini
 *(.rela.fini)

.rel.rodata
 *(.rel.rodata)
 *(.rel.rodata.*)
 *(.rel.gnu.linkonce.r*)

.rela.rodata
 *(.rela.rodata)
 *(.rela.rodata.*)
 *(.rela.gnu.linkonce.r*)

.rel.data
 *(.rel.data)
 *(.rel.data.*)
 *(.rel.gnu.linkonce.d*)

.rela.data
 *(.rela.data)
 *(.rela.data.*)
 *(.rela.gnu.linkonce.d*)

.rel.ctors
 *(.rel.ctors)

.rela.ctors
 *(.rela.ctors)

.rel.dtors
 *(.rel.dtors)

.rela.dtors
 *(.rela.dtors)

.rel.got
 *(.rel.got)

.rela.got
 *(.rela.got)

.rel.bss
 *(.rel.bss)

.rela.bss
 *(.rela.bss)

.rel.plt
 *(.rel.plt)

.rela.plt
 *(.rela.plt)

.text           0x0000000000000000     0x5c3a
 *(.vectors)
 .vectors       0x0000000000000000      0x120 /opt/local/lib/gcc/avr/4.9.1/../../../../avr/lib/avr51/crtm128rfa1.o
                0x0000000000000000                __vectors
 *(.vectors)
 *(.progmem.gcc*)
 .progmem.gcc_sw_table
                0x0000000000000120       0x54 ../../../src/platform/firefly3/source/ulib.o
 .progmem.gcc_sw_table
                0x0000000000000174       0x40 ../../../src/kernel/source/nrk_error.o
                0x00000000000001b4                . = ALIGN (0x2)
                0x00000000000001b4                __trampolines_start = .
 *(.trampolines)
 .trampolines   0x00000000000001b4        0x0 linker stubs
 *(.trampolines*)
                0x00000000000001b4                __trampolines_end = .
 *(.progmem*)
 .progmem.data  0x00000000000001b4       0x5b main.o
 .progmem.data  0x000000000000020f       0xdf ../../../src/net/bmac/rf231_soc/bmac.o
 .progmem.data  0x00000000000002ee       0x15 ../../../src/platform/firefly3/source/ulib.o
 .progmem.data  0x0000000000000303      0x238 ../../../src/kernel/source/nrk_error.o
 .progmem.data  0x000000000000053b        0xf ../../../src/kernel/source/nrk_stack_check.o
 .progmem.data  0x000000000000054a       0x17 /opt/local/lib/gcc/avr/4.9.1/../../../../avr/lib/avr51/libprintf_min.a(vfprintf_min.o)
                0x0000000000000562                . = ALIGN (0x2)
 *fill*         0x0000000000000561        0x1 
 *(.jumptables)
 *(.jumptables*)
 *(.lowtext)
 *(.lowtext*)
                0x0000000000000562                __ctors_start = .
 *(.ctors)
                0x0000000000000562                __ctors_end = .
                0x0000000000000562                __dtors_start = .
 *(.dtors)
                0x0000000000000562                __dtors_end = .
 SORT(*)(.ctors)
 SORT(*)(.dtors)
 *(.init0)
 .init0         0x0000000000000562        0x0 /opt/local/lib/gcc/avr/4.9.1/../../../../avr/lib/avr51/crtm128rfa1.o
                0x0000000000000562                __init
 *(.init0)
 *(.init1)
 *(.init1)
 *(.init2)
 .init2         0x0000000000000562        0xc /opt/local/lib/gcc/avr/4.9.1/../../../../avr/lib/avr51/crtm128rfa1.o
 *(.init2)
 *(.init3)
 *(.init3)
 *(.init4)
 .init4         0x000000000000056e       0x1a /opt/local/lib/gcc/avr/4.9.1/avr51/libgcc.a(_copy_data.o)
                0x000000000000056e                __do_copy_data
 .init4         0x0000000000000588       0x10 /opt/local/lib/gcc/avr/4.9.1/avr51/libgcc.a(_clear_bss.o)
                0x0000000000000588                __do_clear_bss
 *(.init4)
 *(.init5)
 *(.init5)
 *(.init6)
 *(.init6)
 *(.init7)
 *(.init7)
 *(.init8)
 *(.init8)
 *(.init9)
 .init9         0x0000000000000598        0x8 /opt/local/lib/gcc/avr/4.9.1/../../../../avr/lib/avr51/crtm128rfa1.o
 *(.init9)
 *(.text)
 .text          0x00000000000005a0        0x4 /opt/local/lib/gcc/avr/4.9.1/../../../../avr/lib/avr51/crtm128rfa1.o
                0x00000000000005a0                __vector_65
                0x00000000000005a0                __vector_22
                0x00000000000005a0                __vector_28
                0x00000000000005a0                __vector_67
                0x00000000000005a0                __vector_71
                0x00000000000005a0                __vector_34
                0x00000000000005a0                __vector_24
                0x00000000000005a0                __vector_12
                0x00000000000005a0                __vector_55
                0x00000000000005a0                __vector_69
                0x00000000000005a0                __vector_46
                0x00000000000005a0                __bad_interrupt
                0x00000000000005a0                __vector_6
                0x00000000000005a0                __vector_31
                0x00000000000005a0                __vector_35
                0x00000000000005a0                __vector_39
                0x00000000000005a0                __vector_23
                0x00000000000005a0                __vector_68
                0x00000000000005a0                __vector_30
                0x00000000000005a0                __vector_45
                0x00000000000005a0                __vector_11
                0x00000000000005a0                __vector_54
                0x00000000000005a0                __vector_17
                0x00000000000005a0                __vector_19
                0x00000000000005a0                __vector_56
                0x00000000000005a0                __vector_7
                0x00000000000005a0                __vector_49
                0x00000000000005a0                __vector_41
                0x00000000000005a0                __vector_43
                0x00000000000005a0                __vector_27
                0x00000000000005a0                __vector_5
                0x00000000000005a0                __vector_33
                0x00000000000005a0                __vector_47
                0x00000000000005a0                __vector_52
                0x00000000000005a0                __vector_37
                0x00000000000005a0                __vector_4
                0x00000000000005a0                __vector_44
                0x00000000000005a0                __vector_51
                0x00000000000005a0                __vector_21
                0x00000000000005a0                __vector_66
                0x00000000000005a0                __vector_36
                0x00000000000005a0                __vector_70
                0x00000000000005a0                __vector_29
                0x00000000000005a0                __vector_40
                0x00000000000005a0                __vector_8
                0x00000000000005a0                __vector_26
                0x00000000000005a0                __vector_48
                0x00000000000005a0                __vector_14
                0x00000000000005a0                __vector_53
                0x00000000000005a0                __vector_10
                0x00000000000005a0                __vector_50
                0x00000000000005a0                __vector_16
                0x00000000000005a0                __vector_18
                0x00000000000005a0                __vector_20
                0x00000000000005a0                __vector_42
                0x00000000000005a0                __vector_38
 .text          0x00000000000005a4      0x310 main.o
                0x00000000000005a4                tx_task
                0x0000000000000680                display_rssi
                0x000000000000070e                rx_task
                0x00000000000007b6                nrk_create_taskset
 .text          0x00000000000008b4      0x724 ../../../src/net/bmac/rf231_soc/bmac.o
                0x00000000000008b4                rf_rx_callback
                0x00000000000008b6                bmac_encryption_set_ctr_counter
                0x00000000000008c6                bmac_tx_reserve_set
                0x00000000000008ca                bmac_tx_reserve_get
                0x00000000000008d0                bmac_auto_ack_disable
                0x00000000000008d8                bmac_auto_ack_enable
                0x00000000000008e0                bmac_addr_decode_disable
                0x00000000000008e8                bmac_addr_decode_enable
                0x00000000000008f0                bmac_addr_decode_set_my_mac
                0x00000000000008f8                bmac_addr_decode_dest_mac
                0x0000000000000904                bmac_rx_pkt_is_encrypted
                0x000000000000090a                bmac_encryption_set_key
                0x000000000000091a                bmac_encryption_enable
                0x000000000000091e                bmac_encryption_disable
                0x0000000000000922                bmac_set_rf_power
                0x0000000000000932                bmac_set_cca_active
                0x0000000000000938                bmac_set_cca_thresh
                0x0000000000000946                bmac_set_channel
                0x000000000000097e                bmac_wait_until_rx_pkt
                0x00000000000009d2                bmac_rx_pkt_set_buffer
                0x00000000000009ee                bmac_init
                0x0000000000000ad8                bmac_tx_pkt_nonblocking
                0x0000000000000afa                bmac_get_rx_pkt_signal
                0x0000000000000b08                bmac_get_tx_done_signal
                0x0000000000000b16                bmac_tx_pkt
                0x0000000000000bb2                bmac_rx_pkt_get
                0x0000000000000be2                bmac_rx_pkt_ready
                0x0000000000000bee                bmac_rx_pkt_release
                0x0000000000000bf6                bmac_disable
                0x0000000000000bfe                bmac_enable
                0x0000000000000c10                bmac_set_rx_check_rate
                0x0000000000000c96                bmac_started
                0x0000000000000c9c                _bmac_channel_check
                0x0000000000000cc4                _bmac_rx
                0x0000000000000d54                bmac_rx_failure_count_get
                0x0000000000000d5e                bmac_rx_failure_count_reset
                0x0000000000000d72                _b_pow
                0x0000000000000d90                _bmac_tx
                0x0000000000000ea0                bmac_nw_task
                0x0000000000000f6e                bmac_task_config
 .text          0x0000000000000fd8      0xb2c ../../../src/radio/rf231_soc/source/basic_rf.o
                0x0000000000000fe8                rf_enable_glossy
                0x0000000000000ff0                rf_disable_glossy
                0x0000000000000ff6                rf_power_down
                0x0000000000001042                rf_power_up
                0x000000000000106e                rf_tx_power
                0x0000000000001082                rf_addr_decode_enable
                0x000000000000108e                rf_addr_decode_disable
                0x000000000000109a                rf_auto_ack_enable
                0x00000000000010a6                rf_auto_ack_disable
                0x00000000000010b2                rf_addr_decode_set_my_mac
                0x00000000000010c4                rf_set_rx
                0x00000000000010de                rx_start_callback
                0x00000000000010e8                rx_end_callback
                0x00000000000010f2                rf_init
                0x00000000000011d2                rf_rx_on
                0x00000000000011d8                rf_polling_rx_on
                0x00000000000011de                rf_rx_off
                0x00000000000011ea                rf_tx_packet_repeat
                0x000000000000148a                rf_tx_packet
                0x0000000000001492                rf_cca_check
                0x00000000000014f6                rf_rx_packet_nonblock
                0x0000000000001644                __vector_64
                0x0000000000001662                __vector_63
                0x0000000000001686                __vector_62
                0x00000000000016a4                __vector_61
                0x00000000000016c2                __vector_59
                0x0000000000001722                __vector_58
                0x0000000000001740                __vector_57
                0x000000000000175e                rf_set_cca_thresh
                0x0000000000001772                rf_security_last_pkt_status
                0x0000000000001776                rf_security_set_ctr_counter
                0x0000000000001778                rf_security_set_key
                0x000000000000177a                rf_security_disable
                0x000000000000177c                rf_tx_tdma_packet
                0x0000000000001780                rf_get_sem
                0x000000000000178a                rf_rx_packet
                0x000000000000178e                rf_flush_rx_fifo
                0x0000000000001790                rf_busy
                0x0000000000001794                rf_rx_check_fifop
                0x0000000000001798                rf_rx_check_sfd
                0x000000000000179c                rf_carrier_on
                0x000000000000179e                rf_carrier_off
                0x00000000000017a0                rf_test_mode
                0x00000000000017a2                rf_data_mode
                0x00000000000017a4                rf_rx_set_serial
                0x00000000000017a6                rf_tx_set_serial
                0x00000000000017a8                rf_set_preamble_length
                0x00000000000017aa                rf_set_cca_mode
                0x00000000000017ac                rf_cc2591_tx_on
                0x00000000000017c8                rf_cc2591_rx_on
                0x00000000000017e4                rf_glossy_interrupt
                0x00000000000018be                __vector_60
                0x0000000000001956                aes_setkey
                0x000000000000199a                aes_encrypt
                0x0000000000001a38                aes_decrypt
 .text          0x0000000000001b04      0x90a ../../../src/platform/firefly3/source/ulib.o
                0x0000000000001b04                putc0
                0x0000000000001b1c                __vector_25
                0x0000000000001bc2                nrk_uart_data_ready
                0x0000000000001bf4                nrk_uart_rx_signal_get
                0x0000000000001c08                nrk_kprintf
                0x0000000000001c32                getc0
                0x0000000000001c9c                PORT_INIT
                0x0000000000001cb0                nrk_setup_ports
                0x0000000000001cb4                nrk_gpio_set
                0x0000000000001d96                nrk_gpio_clr
                0x0000000000001e6a                nrk_gpio_get
                0x0000000000001ebe                nrk_gpio_toggle
                0x00000000000020d4                nrk_gpio_direction
                0x0000000000002288                nrk_get_button
                0x000000000000229c                nrk_led_toggle
                0x00000000000022ca                nrk_led_clr
                0x00000000000022f8                nrk_led_set
                0x0000000000002326                nrk_gpio_pullups
                0x000000000000233a                putc1
                0x0000000000002348                setup_uart0
                0x0000000000002372                setup_uart1
                0x000000000000239c                nrk_setup_uart
                0x00000000000023f6                getc1
 .text          0x000000000000240e        0xe ../../../src/platform/firefly3/source/hal_wait.o
                0x000000000000240e                halWait
 .text          0x000000000000241c      0x13e ../../../src/platform/firefly3/source/nrk_eeprom.o
                0x000000000000241c                nrk_eeprom_read_byte
                0x0000000000002420                nrk_eeprom_write_byte
                0x0000000000002426                read_eeprom_mac_address
                0x0000000000002492                read_eeprom_channel
                0x00000000000024aa                write_eeprom_load_img_pages
                0x00000000000024ba                read_eeprom_load_img_pages
                0x00000000000024d2                read_eeprom_aes_key
                0x0000000000002502                write_eeprom_aes_key
                0x0000000000002532                read_eeprom_current_image_checksum
                0x000000000000254a                write_eeprom_current_image_checksum
 .text          0x000000000000255a      0x3a0 ../../../src/kernel/source/nrk.o
                0x000000000000255a                nrk_int_disable
                0x000000000000255e                nrk_int_enable
                0x0000000000002562                nrk_halt
                0x0000000000002568                nrk_init
                0x0000000000002702                nrk_start
                0x0000000000002784                nrk_TCB_init
                0x00000000000028f0                _nrk_timer_tick
                0x00000000000028f4                nrk_version
 .text          0x00000000000028fa        0x0 ../../../src/kernel/source/nrk_stats.o
 .text          0x00000000000028fa      0x2ea ../../../src/kernel/source/nrk_error.o
                0x00000000000028fa                _nrk_errno_set
                0x0000000000002906                nrk_errno_get
                0x0000000000002912                nrk_error_get
                0x000000000000292a                nrk_error_print
                0x0000000000002a40                nrk_error_add
                0x0000000000002a56                nrk_kernel_error_add
                0x0000000000002a62                pause
                0x0000000000002a8c                blink_dash
                0x0000000000002aac                blink_dot
                0x0000000000002ac4                blink_morse_code_error
 .text          0x0000000000002be4      0x1da ../../../src/kernel/source/nrk_stack_check.o
                0x0000000000002be4                dump_stack_info
                0x0000000000002d3e                nrk_stack_check
                0x0000000000002d88                nrk_stack_check_pid
 .text          0x0000000000002dbe      0x628 ../../../src/kernel/source/nrk_events.o
                0x0000000000002dbe                nrk_signal_create
                0x0000000000002e30                nrk_signal_get_registered_mask
                0x0000000000002e42                nrk_signal_delete
                0x0000000000002f60                nrk_signal_unregister
                0x0000000000002fde                nrk_signal_register
                0x0000000000003042                nrk_event_signal
                0x0000000000003124                nrk_event_wait
                0x0000000000003198                nrk_sem_create
                0x00000000000031e0                nrk_get_resource_index
                0x00000000000031fa                nrk_sem_query
                0x000000000000322c                nrk_sem_pend
                0x00000000000032e8                nrk_sem_post
                0x00000000000033a2                nrk_sem_delete
 .text          0x00000000000033e6      0x6a4 ../../../src/kernel/source/nrk_task.o
                0x00000000000033e6                nrk_get_high_ready_task_ID
                0x00000000000033f2                nrk_print_readyQ
                0x0000000000003408                nrk_add_to_readyQ
                0x0000000000003568                nrk_rem_from_readyQ
                0x0000000000003608                nrk_activate_task
                0x000000000000369e                nrk_set_next_wakeup
                0x0000000000003718                _nrk_wait_for_scheduler
                0x000000000000372c                nrk_wait_until_next_period
                0x0000000000003780                nrk_terminate_task
                0x00000000000037a2                nrk_wait_until_next_n_periods
                0x0000000000003802                nrk_wait_ticks
                0x000000000000387a                nrk_wait_until_ticks
                0x00000000000038d8                nrk_wait_until_nw
                0x0000000000003924                nrk_wait
                0x00000000000039d2                nrk_wait_until
                0x0000000000003a7e                nrk_get_pid
 .text          0x0000000000003a8a      0x514 ../../../src/kernel/source/nrk_time.o
                0x0000000000003a8a                nrk_time_get
                0x0000000000003b44                nrk_time_sub
                0x0000000000003c5c                nrk_time_compact_nanos
                0x0000000000003c9e                nrk_time_add
                0x0000000000003d54                nrk_time_set
                0x0000000000003d6a                _nrk_time_to_ticks
                0x0000000000003e54                _nrk_ticks_to_time
                0x0000000000003ec2                _nrk_time_to_ticks_long
 .text          0x0000000000003f9e       0x48 ../../../src/kernel/source/nrk_idle_task.o
                0x0000000000003f9e                nrk_idle_task
 .text          0x0000000000003fe6      0x576 ../../../src/kernel/source/nrk_scheduler.o
                0x0000000000003fe6                _nrk_scheduler
 .text          0x000000000000455c        0x0 ../../../src/kernel/source/nrk_driver.o
 .text          0x000000000000455c        0x0 ../../../src/kernel/source/nrk_reserve.o
 .text          0x000000000000455c        0x0 ../../../src/kernel/source/nrk_sw_wdt.o
 .text          0x000000000000455c      0x394 ../../../src/kernel/hal/atmega128rfa1/nrk_timer.o
                0x000000000000455c                nrk_spin_wait_us
                0x000000000000457a                _nrk_precision_os_timer_stop
                0x0000000000004580                _nrk_precision_os_timer_start
                0x0000000000004594                _nrk_precision_os_timer_reset
                0x000000000000459e                _nrk_precision_os_timer_get
                0x00000000000045c2                _nrk_high_speed_timer_stop
                0x00000000000045c8                _nrk_high_speed_timer_start
                0x00000000000045d0                _nrk_high_speed_timer_reset
                0x00000000000045e0                _nrk_high_speed_timer_get
                0x0000000000004604                nrk_high_speed_timer_wait
                0x0000000000004664                _nrk_os_timer_stop
                0x000000000000467a                _nrk_os_timer_set
                0x0000000000004680                _nrk_os_timer_start
                0x0000000000004692                _nrk_os_timer_reset
                0x00000000000046a6                _nrk_setup_timer
                0x000000000000472c                _nrk_get_next_wakeup
                0x0000000000004734                _nrk_set_next_wakeup
                0x000000000000473c                nrk_timer_int_stop
                0x0000000000004748                nrk_timer_int_reset
                0x000000000000475c                nrk_timer_int_read
                0x0000000000004770                nrk_timer_int_start
                0x0000000000004782                nrk_timer_int_configure
                0x00000000000047f8                _nrk_os_timer_get
                0x00000000000047fe                __vector_default
                0x0000000000004812                __vector_13
                0x0000000000004812                __vector_15
                0x0000000000004878                __vector_32
                0x00000000000048dc                SIG_OUTPUT_COMPARE1A
 .text          0x00000000000048f0       0x4c ../../../src/kernel/hal/atmega128rfa1/nrk_status.o
                0x00000000000048f0                _nrk_startup_error
 .text          0x000000000000493c      0x3a8 ../../../src/kernel/hal/atmega128rfa1/nrk_ext_int.o
                0x000000000000493c                nrk_ext_int_enable
                0x00000000000049be                nrk_ext_int_disable
                0x0000000000004a40                nrk_ext_int_configure
                0x0000000000004b54                __vector_9
                0x0000000000004bb8                __vector_1
                0x0000000000004c1c                __vector_2
                0x0000000000004c80                __vector_3
 .text          0x0000000000004ce4       0x4c ../../../src/kernel/hal/atmega128rfa1/nrk_watchdog.o
                0x0000000000004ce4                nrk_watchdog_disable
                0x0000000000004d00                nrk_watchdog_enable
                0x0000000000004d1e                nrk_watchdog_check
                0x0000000000004d2c                nrk_watchdog_reset
 .text          0x0000000000004d30      0x124 ../../../src/kernel/hal/atmega128rfa1/nrk_cpu.o
                0x0000000000004d30                nrk_battery_save
                0x0000000000004d32                nrk_sleep
                0x0000000000004d4a                nrk_idle
                0x0000000000004d60                nrk_task_set_entry_function
                0x0000000000004d68                nrk_task_set_stk
                0x0000000000004da4                nrk_task_stk_init
                0x0000000000004e20                nrk_stack_pointer_init
                0x0000000000004e3e                nrk_stack_pointer_restore
                0x0000000000004e4c                nrk_target_start
 .text          0x0000000000004e54       0x56 ../../../src/kernel/hal/atmega128rfa1/atmel_hw_specific.o
                0x0000000000004e54                nrk_start_high_ready_task
 .text          0x0000000000004eaa        0x0 /opt/local/lib/gcc/avr/4.9.1/../../../../avr/lib/avr51/libprintf_min.a(vfprintf_min.o)
 .text          0x0000000000004eaa        0x0 /opt/local/lib/gcc/avr/4.9.1/../../../../avr/lib/avr51/libm.a(divsf3.o)
 .text          0x0000000000004eaa        0x0 /opt/local/lib/gcc/avr/4.9.1/../../../../avr/lib/avr51/libm.a(divsf3x.o)
 .text          0x0000000000004eaa        0x0 /opt/local/lib/gcc/avr/4.9.1/../../../../avr/lib/avr51/libm.a(fixsfsi.o)
 .text          0x0000000000004eaa        0x0 /opt/local/lib/gcc/avr/4.9.1/../../../../avr/lib/avr51/libm.a(fixunssfsi.o)
 .text          0x0000000000004eaa        0x0 /opt/local/lib/gcc/avr/4.9.1/../../../../avr/lib/avr51/libm.a(floatsisf.o)
 .text          0x0000000000004eaa        0x0 /opt/local/lib/gcc/avr/4.9.1/../../../../avr/lib/avr51/libm.a(fp_inf.o)
 .text          0x0000000000004eaa        0x0 /opt/local/lib/gcc/avr/4.9.1/../../../../avr/lib/avr51/libm.a(fp_nan.o)
 .text          0x0000000000004eaa        0x0 /opt/local/lib/gcc/avr/4.9.1/../../../../avr/lib/avr51/libm.a(fp_pscA.o)
 .text          0x0000000000004eaa        0x0 /opt/local/lib/gcc/avr/4.9.1/../../../../avr/lib/avr51/libm.a(fp_pscB.o)
 .text          0x0000000000004eaa        0x0 /opt/local/lib/gcc/avr/4.9.1/../../../../avr/lib/avr51/libm.a(fp_round.o)
 .text          0x0000000000004eaa        0x0 /opt/local/lib/gcc/avr/4.9.1/../../../../avr/lib/avr51/libm.a(fp_split3.o)
 .text          0x0000000000004eaa        0x0 /opt/local/lib/gcc/avr/4.9.1/../../../../avr/lib/avr51/libm.a(fp_zero.o)
 .text          0x0000000000004eaa        0x0 /opt/local/lib/gcc/avr/4.9.1/avr51/libgcc.a(_muluhisi3.o)
 .text          0x0000000000004eaa        0x0 /opt/local/lib/gcc/avr/4.9.1/avr51/libgcc.a(_mulsi3.o)
 .text          0x0000000000004eaa        0x0 /opt/local/lib/gcc/avr/4.9.1/avr51/libgcc.a(_udivmodhi4.o)
 .text          0x0000000000004eaa        0x0 /opt/local/lib/gcc/avr/4.9.1/avr51/libgcc.a(_divmodhi4.o)
 .text          0x0000000000004eaa        0x0 /opt/local/lib/gcc/avr/4.9.1/avr51/libgcc.a(_udivmodsi4.o)
 .text          0x0000000000004eaa        0x0 /opt/local/lib/gcc/avr/4.9.1/avr51/libgcc.a(_udivdi3.o)
 .text          0x0000000000004eaa        0x0 /opt/local/lib/gcc/avr/4.9.1/avr51/libgcc.a(_udivmod64.o)
 .text          0x0000000000004eaa        0x0 /opt/local/lib/gcc/avr/4.9.1/avr51/libgcc.a(_exit.o)
 .text          0x0000000000004eaa        0x0 /opt/local/lib/gcc/avr/4.9.1/avr51/libgcc.a(_tablejump.o)
 .text          0x0000000000004eaa        0x0 /opt/local/lib/gcc/avr/4.9.1/avr51/libgcc.a(_copy_data.o)
 .text          0x0000000000004eaa        0x0 /opt/local/lib/gcc/avr/4.9.1/avr51/libgcc.a(_clear_bss.o)
 .text          0x0000000000004eaa        0x0 /opt/local/lib/gcc/avr/4.9.1/avr51/libgcc.a(_umulhisi3.o)
 .text          0x0000000000004eaa        0x0 /opt/local/lib/gcc/avr/4.9.1/../../../../avr/lib/avr51/libc.a(rand.o)
 .text          0x0000000000004eaa        0x0 /opt/local/lib/gcc/avr/4.9.1/../../../../avr/lib/avr51/libc.a(strchr_P.o)
 .text          0x0000000000004eaa        0x0 /opt/local/lib/gcc/avr/4.9.1/../../../../avr/lib/avr51/libc.a(memcpy.o)
 .text          0x0000000000004eaa        0x0 /opt/local/lib/gcc/avr/4.9.1/../../../../avr/lib/avr51/libc.a(fdevopen.o)
 .text          0x0000000000004eaa        0x0 /opt/local/lib/gcc/avr/4.9.1/../../../../avr/lib/avr51/libc.a(fputc.o)
 .text          0x0000000000004eaa        0x0 /opt/local/lib/gcc/avr/4.9.1/../../../../avr/lib/avr51/libc.a(iob.o)
 .text          0x0000000000004eaa        0x0 /opt/local/lib/gcc/avr/4.9.1/../../../../avr/lib/avr51/libc.a(printf.o)
 .text          0x0000000000004eaa        0x0 /opt/local/lib/gcc/avr/4.9.1/../../../../avr/lib/avr51/libc.a(putchar.o)
 .text          0x0000000000004eaa        0x0 /opt/local/lib/gcc/avr/4.9.1/../../../../avr/lib/avr51/libc.a(puts.o)
 .text          0x0000000000004eaa        0x0 /opt/local/lib/gcc/avr/4.9.1/../../../../avr/lib/avr51/libc.a(sprintf.o)
 .text          0x0000000000004eaa        0x0 /opt/local/lib/gcc/avr/4.9.1/../../../../avr/lib/avr51/libc.a(ultoa_invert.o)
 .text          0x0000000000004eaa        0x0 /opt/local/lib/gcc/avr/4.9.1/../../../../avr/lib/avr51/libc.a(eerd_byte_atmega128rfa1.o)
 .text          0x0000000000004eaa        0x0 /opt/local/lib/gcc/avr/4.9.1/../../../../avr/lib/avr51/libc.a(eewr_byte_atmega128rfa1.o)
 .text          0x0000000000004eaa        0x0 /opt/local/lib/gcc/avr/4.9.1/../../../../avr/lib/avr51/libc.a(calloc.o)
 .text          0x0000000000004eaa        0x0 /opt/local/lib/gcc/avr/4.9.1/../../../../avr/lib/avr51/libc.a(malloc.o)
 .text          0x0000000000004eaa        0x0 /opt/local/lib/gcc/avr/4.9.1/../../../../avr/lib/avr51/libc.a(memset.o)
 .text          0x0000000000004eaa        0x0 /opt/local/lib/gcc/avr/4.9.1/avr51/libgcc.a(_mulshisi3.o)
 .text          0x0000000000004eaa        0x0 /opt/local/lib/gcc/avr/4.9.1/avr51/libgcc.a(_divmodsi4.o)
 .text          0x0000000000004eaa        0x0 /opt/local/lib/gcc/avr/4.9.1/avr51/libgcc.a(_negsi2.o)
                0x0000000000004eaa                . = ALIGN (0x2)
 *(.text.*)
 .text.startup  0x0000000000004eaa       0x52 main.o
                0x0000000000004eaa                main
 .text.avr-libc
                0x0000000000004efc      0x28e /opt/local/lib/gcc/avr/4.9.1/../../../../avr/lib/avr51/libprintf_min.a(vfprintf_min.o)
                0x0000000000004efc                vfprintf
 .text.avr-libc.fplib
                0x000000000000518a        0x4 /opt/local/lib/gcc/avr/4.9.1/../../../../avr/lib/avr51/libm.a(divsf3.o)
                0x000000000000518a                __divsf3
 .text.avr-libc.fplib
                0x000000000000518e       0xcc /opt/local/lib/gcc/avr/4.9.1/../../../../avr/lib/avr51/libm.a(divsf3x.o)
                0x00000000000051a4                __divsf3x
                0x00000000000051a8                __divsf3_pse
 .text.avr-libc.fplib
                0x000000000000525a        0xa /opt/local/lib/gcc/avr/4.9.1/../../../../avr/lib/avr51/libm.a(fixsfsi.o)
                0x000000000000525a                __fixsfsi
 .text.avr-libc.fplib
                0x0000000000005264       0x58 /opt/local/lib/gcc/avr/4.9.1/../../../../avr/lib/avr51/libm.a(fixunssfsi.o)
                0x0000000000005264                __fixunssfsi
 .text.avr-libc.fplib
                0x00000000000052bc       0x7a /opt/local/lib/gcc/avr/4.9.1/../../../../avr/lib/avr51/libm.a(floatsisf.o)
                0x00000000000052bc                __floatunsisf
                0x00000000000052c0                __floatsisf
 .text.avr-libc.fplib
                0x0000000000005336        0xc /opt/local/lib/gcc/avr/4.9.1/../../../../avr/lib/avr51/libm.a(fp_inf.o)
                0x0000000000005336                __fp_inf
 .text.avr-libc.fplib
                0x0000000000005342        0x6 /opt/local/lib/gcc/avr/4.9.1/../../../../avr/lib/avr51/libm.a(fp_nan.o)
                0x0000000000005342                __fp_nan
 .text.avr-libc.fplib
                0x0000000000005348        0xe /opt/local/lib/gcc/avr/4.9.1/../../../../avr/lib/avr51/libm.a(fp_pscA.o)
                0x0000000000005348                __fp_pscA
 .text.avr-libc.fplib
                0x0000000000005356        0xe /opt/local/lib/gcc/avr/4.9.1/../../../../avr/lib/avr51/libm.a(fp_pscB.o)
                0x0000000000005356                __fp_pscB
 .text.avr-libc.fplib
                0x0000000000005364       0x22 /opt/local/lib/gcc/avr/4.9.1/../../../../avr/lib/avr51/libm.a(fp_round.o)
                0x0000000000005364                __fp_round
 .text.avr-libc.fplib
                0x0000000000005386       0x44 /opt/local/lib/gcc/avr/4.9.1/../../../../avr/lib/avr51/libm.a(fp_split3.o)
                0x0000000000005386                __fp_split3
                0x0000000000005396                __fp_splitA
 .text.avr-libc.fplib
                0x00000000000053ca        0xe /opt/local/lib/gcc/avr/4.9.1/../../../../avr/lib/avr51/libm.a(fp_zero.o)
                0x00000000000053ca                __fp_zero
                0x00000000000053cc                __fp_szero
 .text.libgcc.mul
                0x00000000000053d8       0x16 /opt/local/lib/gcc/avr/4.9.1/avr51/libgcc.a(_muluhisi3.o)
                0x00000000000053d8                __muluhisi3
 .text.libgcc.div
                0x00000000000053ee        0x0 /opt/local/lib/gcc/avr/4.9.1/avr51/libgcc.a(_muluhisi3.o)
 .text.libgcc   0x00000000000053ee        0x0 /opt/local/lib/gcc/avr/4.9.1/avr51/libgcc.a(_muluhisi3.o)
 .text.libgcc.prologue
                0x00000000000053ee        0x0 /opt/local/lib/gcc/avr/4.9.1/avr51/libgcc.a(_muluhisi3.o)
 .text.libgcc.builtins
                0x00000000000053ee        0x0 /opt/local/lib/gcc/avr/4.9.1/avr51/libgcc.a(_muluhisi3.o)
 .text.libgcc.fmul
                0x00000000000053ee        0x0 /opt/local/lib/gcc/avr/4.9.1/avr51/libgcc.a(_muluhisi3.o)
 .text.libgcc.fixed
                0x00000000000053ee        0x0 /opt/local/lib/gcc/avr/4.9.1/avr51/libgcc.a(_muluhisi3.o)
 .text.libgcc.mul
                0x00000000000053ee       0x20 /opt/local/lib/gcc/avr/4.9.1/avr51/libgcc.a(_mulsi3.o)
                0x00000000000053ee                __mulsi3
 .text.libgcc.div
                0x000000000000540e        0x0 /opt/local/lib/gcc/avr/4.9.1/avr51/libgcc.a(_mulsi3.o)
 .text.libgcc   0x000000000000540e        0x0 /opt/local/lib/gcc/avr/4.9.1/avr51/libgcc.a(_mulsi3.o)
 .text.libgcc.prologue
                0x000000000000540e        0x0 /opt/local/lib/gcc/avr/4.9.1/avr51/libgcc.a(_mulsi3.o)
 .text.libgcc.builtins
                0x000000000000540e        0x0 /opt/local/lib/gcc/avr/4.9.1/avr51/libgcc.a(_mulsi3.o)
 .text.libgcc.fmul
                0x000000000000540e        0x0 /opt/local/lib/gcc/avr/4.9.1/avr51/libgcc.a(_mulsi3.o)
 .text.libgcc.fixed
                0x000000000000540e        0x0 /opt/local/lib/gcc/avr/4.9.1/avr51/libgcc.a(_mulsi3.o)
 .text.libgcc.mul
                0x000000000000540e        0x0 /opt/local/lib/gcc/avr/4.9.1/avr51/libgcc.a(_udivmodhi4.o)
 .text.libgcc.div
                0x000000000000540e       0x28 /opt/local/lib/gcc/avr/4.9.1/avr51/libgcc.a(_udivmodhi4.o)
                0x000000000000540e                __udivmodhi4
 .text.libgcc   0x0000000000005436        0x0 /opt/local/lib/gcc/avr/4.9.1/avr51/libgcc.a(_udivmodhi4.o)
 .text.libgcc.prologue
                0x0000000000005436        0x0 /opt/local/lib/gcc/avr/4.9.1/avr51/libgcc.a(_udivmodhi4.o)
 .text.libgcc.builtins
                0x0000000000005436        0x0 /opt/local/lib/gcc/avr/4.9.1/avr51/libgcc.a(_udivmodhi4.o)
 .text.libgcc.fmul
                0x0000000000005436        0x0 /opt/local/lib/gcc/avr/4.9.1/avr51/libgcc.a(_udivmodhi4.o)
 .text.libgcc.fixed
                0x0000000000005436        0x0 /opt/local/lib/gcc/avr/4.9.1/avr51/libgcc.a(_udivmodhi4.o)
 .text.libgcc.mul
                0x0000000000005436        0x0 /opt/local/lib/gcc/avr/4.9.1/avr51/libgcc.a(_divmodhi4.o)
 .text.libgcc.div
                0x0000000000005436       0x28 /opt/local/lib/gcc/avr/4.9.1/avr51/libgcc.a(_divmodhi4.o)
                0x0000000000005436                __divmodhi4
                0x0000000000005436                _div
 .text.libgcc   0x000000000000545e        0x0 /opt/local/lib/gcc/avr/4.9.1/avr51/libgcc.a(_divmodhi4.o)
 .text.libgcc.prologue
                0x000000000000545e        0x0 /opt/local/lib/gcc/avr/4.9.1/avr51/libgcc.a(_divmodhi4.o)
 .text.libgcc.builtins
                0x000000000000545e        0x0 /opt/local/lib/gcc/avr/4.9.1/avr51/libgcc.a(_divmodhi4.o)
 .text.libgcc.fmul
                0x000000000000545e        0x0 /opt/local/lib/gcc/avr/4.9.1/avr51/libgcc.a(_divmodhi4.o)
 .text.libgcc.fixed
                0x000000000000545e        0x0 /opt/local/lib/gcc/avr/4.9.1/avr51/libgcc.a(_divmodhi4.o)
 .text.libgcc.mul
                0x000000000000545e        0x0 /opt/local/lib/gcc/avr/4.9.1/avr51/libgcc.a(_udivmodsi4.o)
 .text.libgcc.div
                0x000000000000545e       0x44 /opt/local/lib/gcc/avr/4.9.1/avr51/libgcc.a(_udivmodsi4.o)
                0x000000000000545e                __udivmodsi4
 .text.libgcc   0x00000000000054a2        0x0 /opt/local/lib/gcc/avr/4.9.1/avr51/libgcc.a(_udivmodsi4.o)
 .text.libgcc.prologue
                0x00000000000054a2        0x0 /opt/local/lib/gcc/avr/4.9.1/avr51/libgcc.a(_udivmodsi4.o)
 .text.libgcc.builtins
                0x00000000000054a2        0x0 /opt/local/lib/gcc/avr/4.9.1/avr51/libgcc.a(_udivmodsi4.o)
 .text.libgcc.fmul
                0x00000000000054a2        0x0 /opt/local/lib/gcc/avr/4.9.1/avr51/libgcc.a(_udivmodsi4.o)
 .text.libgcc.fixed
                0x00000000000054a2        0x0 /opt/local/lib/gcc/avr/4.9.1/avr51/libgcc.a(_udivmodsi4.o)
 .text.libgcc.mul
                0x00000000000054a2        0x0 /opt/local/lib/gcc/avr/4.9.1/avr51/libgcc.a(_udivdi3.o)
 .text.libgcc.div
                0x00000000000054a2       0x1c /opt/local/lib/gcc/avr/4.9.1/avr51/libgcc.a(_udivdi3.o)
                0x00000000000054a2                __umoddi3
                0x00000000000054a6                __udivdi3
                0x00000000000054a8                __udivdi3_umoddi3
 .text.libgcc   0x00000000000054be        0x0 /opt/local/lib/gcc/avr/4.9.1/avr51/libgcc.a(_udivdi3.o)
 .text.libgcc.prologue
                0x00000000000054be        0x0 /opt/local/lib/gcc/avr/4.9.1/avr51/libgcc.a(_udivdi3.o)
 .text.libgcc.builtins
                0x00000000000054be        0x0 /opt/local/lib/gcc/avr/4.9.1/avr51/libgcc.a(_udivdi3.o)
 .text.libgcc.fmul
                0x00000000000054be        0x0 /opt/local/lib/gcc/avr/4.9.1/avr51/libgcc.a(_udivdi3.o)
 .text.libgcc.fixed
                0x00000000000054be        0x0 /opt/local/lib/gcc/avr/4.9.1/avr51/libgcc.a(_udivdi3.o)
 .text.libgcc.mul
                0x00000000000054be        0x0 /opt/local/lib/gcc/avr/4.9.1/avr51/libgcc.a(_udivmod64.o)
 .text.libgcc.div
                0x00000000000054be       0xa2 /opt/local/lib/gcc/avr/4.9.1/avr51/libgcc.a(_udivmod64.o)
                0x00000000000054be                __udivmod64
 .text.libgcc   0x0000000000005560        0x0 /opt/local/lib/gcc/avr/4.9.1/avr51/libgcc.a(_udivmod64.o)
 .text.libgcc.prologue
                0x0000000000005560        0x0 /opt/local/lib/gcc/avr/4.9.1/avr51/libgcc.a(_udivmod64.o)
 .text.libgcc.builtins
                0x0000000000005560        0x0 /opt/local/lib/gcc/avr/4.9.1/avr51/libgcc.a(_udivmod64.o)
 .text.libgcc.fmul
                0x0000000000005560        0x0 /opt/local/lib/gcc/avr/4.9.1/avr51/libgcc.a(_udivmod64.o)
 .text.libgcc.fixed
                0x0000000000005560        0x0 /opt/local/lib/gcc/avr/4.9.1/avr51/libgcc.a(_udivmod64.o)
 .text.libgcc.mul
                0x0000000000005560        0x0 /opt/local/lib/gcc/avr/4.9.1/avr51/libgcc.a(_exit.o)
 .text.libgcc.div
                0x0000000000005560        0x0 /opt/local/lib/gcc/avr/4.9.1/avr51/libgcc.a(_exit.o)
 .text.libgcc   0x0000000000005560        0x0 /opt/local/lib/gcc/avr/4.9.1/avr51/libgcc.a(_exit.o)
 .text.libgcc.prologue
                0x0000000000005560        0x0 /opt/local/lib/gcc/avr/4.9.1/avr51/libgcc.a(_exit.o)
 .text.libgcc.builtins
                0x0000000000005560        0x0 /opt/local/lib/gcc/avr/4.9.1/avr51/libgcc.a(_exit.o)
 .text.libgcc.fmul
                0x0000000000005560        0x0 /opt/local/lib/gcc/avr/4.9.1/avr51/libgcc.a(_exit.o)
 .text.libgcc.fixed
                0x0000000000005560        0x0 /opt/local/lib/gcc/avr/4.9.1/avr51/libgcc.a(_exit.o)
 .text.libgcc.mul
                0x0000000000005560        0x0 /opt/local/lib/gcc/avr/4.9.1/avr51/libgcc.a(_tablejump.o)
 .text.libgcc.div
                0x0000000000005560        0x0 /opt/local/lib/gcc/avr/4.9.1/avr51/libgcc.a(_tablejump.o)
 .text.libgcc   0x0000000000005560        0xc /opt/local/lib/gcc/avr/4.9.1/avr51/libgcc.a(_tablejump.o)
                0x0000000000005560                __tablejump2__
                0x0000000000005564                __tablejump__
 .text.libgcc.prologue
                0x000000000000556c        0x0 /opt/local/lib/gcc/avr/4.9.1/avr51/libgcc.a(_tablejump.o)
 .text.libgcc.builtins
                0x000000000000556c        0x0 /opt/local/lib/gcc/avr/4.9.1/avr51/libgcc.a(_tablejump.o)
 .text.libgcc.fmul
                0x000000000000556c        0x0 /opt/local/lib/gcc/avr/4.9.1/avr51/libgcc.a(_tablejump.o)
 .text.libgcc.fixed
                0x000000000000556c        0x0 /opt/local/lib/gcc/avr/4.9.1/avr51/libgcc.a(_tablejump.o)
 .text.libgcc.mul
                0x000000000000556c        0x0 /opt/local/lib/gcc/avr/4.9.1/avr51/libgcc.a(_copy_data.o)
 .text.libgcc.div
                0x000000000000556c        0x0 /opt/local/lib/gcc/avr/4.9.1/avr51/libgcc.a(_copy_data.o)
 .text.libgcc   0x000000000000556c        0x0 /opt/local/lib/gcc/avr/4.9.1/avr51/libgcc.a(_copy_data.o)
 .text.libgcc.prologue
                0x000000000000556c        0x0 /opt/local/lib/gcc/avr/4.9.1/avr51/libgcc.a(_copy_data.o)
 .text.libgcc.builtins
                0x000000000000556c        0x0 /opt/local/lib/gcc/avr/4.9.1/avr51/libgcc.a(_copy_data.o)
 .text.libgcc.fmul
                0x000000000000556c        0x0 /opt/local/lib/gcc/avr/4.9.1/avr51/libgcc.a(_copy_data.o)
 .text.libgcc.fixed
                0x000000000000556c        0x0 /opt/local/lib/gcc/avr/4.9.1/avr51/libgcc.a(_copy_data.o)
 .text.libgcc.mul
                0x000000000000556c        0x0 /opt/local/lib/gcc/avr/4.9.1/avr51/libgcc.a(_clear_bss.o)
 .text.libgcc.div
                0x000000000000556c        0x0 /opt/local/lib/gcc/avr/4.9.1/avr51/libgcc.a(_clear_bss.o)
 .text.libgcc   0x000000000000556c        0x0 /opt/local/lib/gcc/avr/4.9.1/avr51/libgcc.a(_clear_bss.o)
 .text.libgcc.prologue
                0x000000000000556c        0x0 /opt/local/lib/gcc/avr/4.9.1/avr51/libgcc.a(_clear_bss.o)
 .text.libgcc.builtins
                0x000000000000556c        0x0 /opt/local/lib/gcc/avr/4.9.1/avr51/libgcc.a(_clear_bss.o)
 .text.libgcc.fmul
                0x000000000000556c        0x0 /opt/local/lib/gcc/avr/4.9.1/avr51/libgcc.a(_clear_bss.o)
 .text.libgcc.fixed
                0x000000000000556c        0x0 /opt/local/lib/gcc/avr/4.9.1/avr51/libgcc.a(_clear_bss.o)
 .text.libgcc.mul
                0x000000000000556c       0x1e /opt/local/lib/gcc/avr/4.9.1/avr51/libgcc.a(_umulhisi3.o)
                0x000000000000556c                __umulhisi3
 .text.libgcc.div
                0x000000000000558a        0x0 /opt/local/lib/gcc/avr/4.9.1/avr51/libgcc.a(_umulhisi3.o)
 .text.libgcc   0x000000000000558a        0x0 /opt/local/lib/gcc/avr/4.9.1/avr51/libgcc.a(_umulhisi3.o)
 .text.libgcc.prologue
                0x000000000000558a        0x0 /opt/local/lib/gcc/avr/4.9.1/avr51/libgcc.a(_umulhisi3.o)
 .text.libgcc.builtins
                0x000000000000558a        0x0 /opt/local/lib/gcc/avr/4.9.1/avr51/libgcc.a(_umulhisi3.o)
 .text.libgcc.fmul
                0x000000000000558a        0x0 /opt/local/lib/gcc/avr/4.9.1/avr51/libgcc.a(_umulhisi3.o)
 .text.libgcc.fixed
                0x000000000000558a        0x0 /opt/local/lib/gcc/avr/4.9.1/avr51/libgcc.a(_umulhisi3.o)
 .text.avr-libc
                0x000000000000558a       0xb4 /opt/local/lib/gcc/avr/4.9.1/../../../../avr/lib/avr51/libc.a(rand.o)
                0x000000000000561c                rand_r
                0x0000000000005620                rand
                0x0000000000005628                srand
 .text.avr-libc
                0x000000000000563e       0x16 /opt/local/lib/gcc/avr/4.9.1/../../../../avr/lib/avr51/libc.a(strchr_P.o)
                0x000000000000563e                strchr_P
 .text.avr-libc
                0x0000000000005654       0x12 /opt/local/lib/gcc/avr/4.9.1/../../../../avr/lib/avr51/libc.a(memcpy.o)
                0x0000000000005654                memcpy
 .text.avr-libc
                0x0000000000005666       0x96 /opt/local/lib/gcc/avr/4.9.1/../../../../avr/lib/avr51/libc.a(fdevopen.o)
                0x0000000000005666                fdevopen
 .text.avr-libc
                0x00000000000056fc       0x70 /opt/local/lib/gcc/avr/4.9.1/../../../../avr/lib/avr51/libc.a(fputc.o)
                0x00000000000056fc                fputc
 .text.avr-libc
                0x000000000000576c       0x28 /opt/local/lib/gcc/avr/4.9.1/../../../../avr/lib/avr51/libc.a(printf.o)
                0x000000000000576c                printf
 .text.avr-libc
                0x0000000000005794        0xc /opt/local/lib/gcc/avr/4.9.1/../../../../avr/lib/avr51/libc.a(putchar.o)
                0x0000000000005794                putchar
 .text.avr-libc
                0x00000000000057a0       0x60 /opt/local/lib/gcc/avr/4.9.1/../../../../avr/lib/avr51/libc.a(puts.o)
                0x00000000000057a0                puts
 .text.avr-libc
                0x0000000000005800       0x60 /opt/local/lib/gcc/avr/4.9.1/../../../../avr/lib/avr51/libc.a(sprintf.o)
                0x0000000000005800                sprintf
 .text.avr-libc
                0x0000000000005860       0xbc /opt/local/lib/gcc/avr/4.9.1/../../../../avr/lib/avr51/libc.a(ultoa_invert.o)
                0x0000000000005860                __ultoa_invert
 .text.avr-libc
                0x000000000000591c       0x10 /opt/local/lib/gcc/avr/4.9.1/../../../../avr/lib/avr51/libc.a(eerd_byte_atmega128rfa1.o)
                0x000000000000591c                __eerd_byte_m128rfa1
 .text.avr-libc
                0x000000000000592c       0x1c /opt/local/lib/gcc/avr/4.9.1/../../../../avr/lib/avr51/libc.a(eewr_byte_atmega128rfa1.o)
                0x000000000000592c                __eewr_byte_m128rfa1
                0x000000000000592e                __eewr_r18_m128rfa1
 .text.avr-libc
                0x0000000000005948       0x38 /opt/local/lib/gcc/avr/4.9.1/../../../../avr/lib/avr51/libc.a(calloc.o)
                0x0000000000005948                calloc
 .text.avr-libc
                0x0000000000005980      0x25a /opt/local/lib/gcc/avr/4.9.1/../../../../avr/lib/avr51/libc.a(malloc.o)
                0x0000000000005980                malloc
                0x0000000000005aaa                free
 .text.avr-libc
                0x0000000000005bda        0xe /opt/local/lib/gcc/avr/4.9.1/../../../../avr/lib/avr51/libc.a(memset.o)
                0x0000000000005bda                memset
 .text.libgcc.mul
                0x0000000000005be8       0x10 /opt/local/lib/gcc/avr/4.9.1/avr51/libgcc.a(_mulshisi3.o)
                0x0000000000005be8                __mulshisi3
                0x0000000000005bee                __mulohisi3
 .text.libgcc.div
                0x0000000000005bf8        0x0 /opt/local/lib/gcc/avr/4.9.1/avr51/libgcc.a(_mulshisi3.o)
 .text.libgcc   0x0000000000005bf8        0x0 /opt/local/lib/gcc/avr/4.9.1/avr51/libgcc.a(_mulshisi3.o)
 .text.libgcc.prologue
                0x0000000000005bf8        0x0 /opt/local/lib/gcc/avr/4.9.1/avr51/libgcc.a(_mulshisi3.o)
 .text.libgcc.builtins
                0x0000000000005bf8        0x0 /opt/local/lib/gcc/avr/4.9.1/avr51/libgcc.a(_mulshisi3.o)
 .text.libgcc.fmul
                0x0000000000005bf8        0x0 /opt/local/lib/gcc/avr/4.9.1/avr51/libgcc.a(_mulshisi3.o)
 .text.libgcc.fixed
                0x0000000000005bf8        0x0 /opt/local/lib/gcc/avr/4.9.1/avr51/libgcc.a(_mulshisi3.o)
 .text.libgcc.mul
                0x0000000000005bf8        0x0 /opt/local/lib/gcc/avr/4.9.1/avr51/libgcc.a(_divmodsi4.o)
 .text.libgcc.div
                0x0000000000005bf8       0x2e /opt/local/lib/gcc/avr/4.9.1/avr51/libgcc.a(_divmodsi4.o)
                0x0000000000005bf8                __divmodsi4
 .text.libgcc   0x0000000000005c26        0x0 /opt/local/lib/gcc/avr/4.9.1/avr51/libgcc.a(_divmodsi4.o)
 .text.libgcc.prologue
                0x0000000000005c26        0x0 /opt/local/lib/gcc/avr/4.9.1/avr51/libgcc.a(_divmodsi4.o)
 .text.libgcc.builtins
                0x0000000000005c26        0x0 /opt/local/lib/gcc/avr/4.9.1/avr51/libgcc.a(_divmodsi4.o)
 .text.libgcc.fmul
                0x0000000000005c26        0x0 /opt/local/lib/gcc/avr/4.9.1/avr51/libgcc.a(_divmodsi4.o)
 .text.libgcc.fixed
                0x0000000000005c26        0x0 /opt/local/lib/gcc/avr/4.9.1/avr51/libgcc.a(_divmodsi4.o)
 .text.libgcc.mul
                0x0000000000005c26        0x0 /opt/local/lib/gcc/avr/4.9.1/avr51/libgcc.a(_negsi2.o)
 .text.libgcc.div
                0x0000000000005c26       0x10 /opt/local/lib/gcc/avr/4.9.1/avr51/libgcc.a(_negsi2.o)
                0x0000000000005c26                __negsi2
 .text.libgcc   0x0000000000005c36        0x0 /opt/local/lib/gcc/avr/4.9.1/avr51/libgcc.a(_negsi2.o)
 .text.libgcc.prologue
                0x0000000000005c36        0x0 /opt/local/lib/gcc/avr/4.9.1/avr51/libgcc.a(_negsi2.o)
 .text.libgcc.builtins
                0x0000000000005c36        0x0 /opt/local/lib/gcc/avr/4.9.1/avr51/libgcc.a(_negsi2.o)
 .text.libgcc.fmul
                0x0000000000005c36        0x0 /opt/local/lib/gcc/avr/4.9.1/avr51/libgcc.a(_negsi2.o)
 .text.libgcc.fixed
                0x0000000000005c36        0x0 /opt/local/lib/gcc/avr/4.9.1/avr51/libgcc.a(_negsi2.o)
                0x0000000000005c36                . = ALIGN (0x2)
 *(.fini9)
 .fini9         0x0000000000005c36        0x0 /opt/local/lib/gcc/avr/4.9.1/avr51/libgcc.a(_exit.o)
                0x0000000000005c36                exit
                0x0000000000005c36                _exit
 *(.fini9)
 *(.fini8)
 *(.fini8)
 *(.fini7)
 *(.fini7)
 *(.fini6)
 *(.fini6)
 *(.fini5)
 *(.fini5)
 *(.fini4)
 *(.fini4)
 *(.fini3)
 *(.fini3)
 *(.fini2)
 *(.fini2)
 *(.fini1)
 *(.fini1)
 *(.fini0)
 .fini0         0x0000000000005c36        0x4 /opt/local/lib/gcc/avr/4.9.1/avr51/libgcc.a(_exit.o)
 *(.fini0)
                0x0000000000005c3a                _etext = .

.data           0x0000000000800200      0x190 load address 0x0000000000005c3a
                0x0000000000800200                PROVIDE (__data_start, .)
 *(.data)
 .data          0x0000000000800200        0x0 /opt/local/lib/gcc/avr/4.9.1/../../../../avr/lib/avr51/crtm128rfa1.o
 .data          0x0000000000800200        0x0 main.o
 .data          0x0000000000800200        0x0 ../../../src/net/bmac/rf231_soc/bmac.o
 .data          0x0000000000800200        0x0 ../../../src/radio/rf231_soc/source/basic_rf.o
 .data          0x0000000000800200        0x0 ../../../src/platform/firefly3/source/ulib.o
 .data          0x0000000000800200        0x0 ../../../src/platform/firefly3/source/hal_wait.o
 .data          0x0000000000800200        0x0 ../../../src/platform/firefly3/source/nrk_eeprom.o
 .data          0x0000000000800200        0x0 ../../../src/kernel/source/nrk.o
 .data          0x0000000000800200        0x0 ../../../src/kernel/source/nrk_stats.o
 .data          0x0000000000800200        0x0 ../../../src/kernel/source/nrk_error.o
 .data          0x0000000000800200        0x0 ../../../src/kernel/source/nrk_stack_check.o
 .data          0x0000000000800200        0x0 ../../../src/kernel/source/nrk_events.o
 .data          0x0000000000800200        0x0 ../../../src/kernel/source/nrk_task.o
 .data          0x0000000000800200        0x0 ../../../src/kernel/source/nrk_time.o
 .data          0x0000000000800200        0x0 ../../../src/kernel/source/nrk_idle_task.o
 .data          0x0000000000800200        0x0 ../../../src/kernel/source/nrk_scheduler.o
 .data          0x0000000000800200        0x0 ../../../src/kernel/source/nrk_driver.o
 .data          0x0000000000800200        0x0 ../../../src/kernel/source/nrk_reserve.o
 .data          0x0000000000800200        0x0 ../../../src/kernel/source/nrk_sw_wdt.o
 .data          0x0000000000800200        0x0 ../../../src/kernel/hal/atmega128rfa1/nrk_timer.o
 .data          0x0000000000800200        0x0 ../../../src/kernel/hal/atmega128rfa1/nrk_status.o
 .data          0x0000000000800200        0x0 ../../../src/kernel/hal/atmega128rfa1/nrk_ext_int.o
 .data          0x0000000000800200        0x0 ../../../src/kernel/hal/atmega128rfa1/nrk_watchdog.o
 .data          0x0000000000800200        0x0 ../../../src/kernel/hal/atmega128rfa1/nrk_cpu.o
 .data          0x0000000000800200        0x0 ../../../src/kernel/hal/atmega128rfa1/atmel_hw_specific.o
 .data          0x0000000000800200        0x0 /opt/local/lib/gcc/avr/4.9.1/../../../../avr/lib/avr51/libprintf_min.a(vfprintf_min.o)
 .data          0x0000000000800200        0x0 /opt/local/lib/gcc/avr/4.9.1/../../../../avr/lib/avr51/libm.a(divsf3.o)
 .data          0x0000000000800200        0x0 /opt/local/lib/gcc/avr/4.9.1/../../../../avr/lib/avr51/libm.a(divsf3x.o)
 .data          0x0000000000800200        0x0 /opt/local/lib/gcc/avr/4.9.1/../../../../avr/lib/avr51/libm.a(fixsfsi.o)
 .data          0x0000000000800200        0x0 /opt/local/lib/gcc/avr/4.9.1/../../../../avr/lib/avr51/libm.a(fixunssfsi.o)
 .data          0x0000000000800200        0x0 /opt/local/lib/gcc/avr/4.9.1/../../../../avr/lib/avr51/libm.a(floatsisf.o)
 .data          0x0000000000800200        0x0 /opt/local/lib/gcc/avr/4.9.1/../../../../avr/lib/avr51/libm.a(fp_inf.o)
 .data          0x0000000000800200        0x0 /opt/local/lib/gcc/avr/4.9.1/../../../../avr/lib/avr51/libm.a(fp_nan.o)
 .data          0x0000000000800200        0x0 /opt/local/lib/gcc/avr/4.9.1/../../../../avr/lib/avr51/libm.a(fp_pscA.o)
 .data          0x0000000000800200        0x0 /opt/local/lib/gcc/avr/4.9.1/../../../../avr/lib/avr51/libm.a(fp_pscB.o)
 .data          0x0000000000800200        0x0 /opt/local/lib/gcc/avr/4.9.1/../../../../avr/lib/avr51/libm.a(fp_round.o)
 .data          0x0000000000800200        0x0 /opt/local/lib/gcc/avr/4.9.1/../../../../avr/lib/avr51/libm.a(fp_split3.o)
 .data          0x0000000000800200        0x0 /opt/local/lib/gcc/avr/4.9.1/../../../../avr/lib/avr51/libm.a(fp_zero.o)
 .data          0x0000000000800200        0x0 /opt/local/lib/gcc/avr/4.9.1/avr51/libgcc.a(_muluhisi3.o)
 .data          0x0000000000800200        0x0 /opt/local/lib/gcc/avr/4.9.1/avr51/libgcc.a(_mulsi3.o)
 .data          0x0000000000800200        0x0 /opt/local/lib/gcc/avr/4.9.1/avr51/libgcc.a(_udivmodhi4.o)
 .data          0x0000000000800200        0x0 /opt/local/lib/gcc/avr/4.9.1/avr51/libgcc.a(_divmodhi4.o)
 .data          0x0000000000800200        0x0 /opt/local/lib/gcc/avr/4.9.1/avr51/libgcc.a(_udivmodsi4.o)
 .data          0x0000000000800200        0x0 /opt/local/lib/gcc/avr/4.9.1/avr51/libgcc.a(_udivdi3.o)
 .data          0x0000000000800200        0x0 /opt/local/lib/gcc/avr/4.9.1/avr51/libgcc.a(_udivmod64.o)
 .data          0x0000000000800200        0x0 /opt/local/lib/gcc/avr/4.9.1/avr51/libgcc.a(_exit.o)
 .data          0x0000000000800200        0x0 /opt/local/lib/gcc/avr/4.9.1/avr51/libgcc.a(_tablejump.o)
 .data          0x0000000000800200        0x0 /opt/local/lib/gcc/avr/4.9.1/avr51/libgcc.a(_copy_data.o)
 .data          0x0000000000800200        0x0 /opt/local/lib/gcc/avr/4.9.1/avr51/libgcc.a(_clear_bss.o)
 .data          0x0000000000800200        0x0 /opt/local/lib/gcc/avr/4.9.1/avr51/libgcc.a(_umulhisi3.o)
 .data          0x0000000000800200        0x4 /opt/local/lib/gcc/avr/4.9.1/../../../../avr/lib/avr51/libc.a(rand.o)
 .data          0x0000000000800204        0x0 /opt/local/lib/gcc/avr/4.9.1/../../../../avr/lib/avr51/libc.a(strchr_P.o)
 .data          0x0000000000800204        0x0 /opt/local/lib/gcc/avr/4.9.1/../../../../avr/lib/avr51/libc.a(memcpy.o)
 .data          0x0000000000800204        0x0 /opt/local/lib/gcc/avr/4.9.1/../../../../avr/lib/avr51/libc.a(fdevopen.o)
 .data          0x0000000000800204        0x0 /opt/local/lib/gcc/avr/4.9.1/../../../../avr/lib/avr51/libc.a(fputc.o)
 .data          0x0000000000800204        0x0 /opt/local/lib/gcc/avr/4.9.1/../../../../avr/lib/avr51/libc.a(iob.o)
 .data          0x0000000000800204        0x0 /opt/local/lib/gcc/avr/4.9.1/../../../../avr/lib/avr51/libc.a(printf.o)
 .data          0x0000000000800204        0x0 /opt/local/lib/gcc/avr/4.9.1/../../../../avr/lib/avr51/libc.a(putchar.o)
 .data          0x0000000000800204        0x0 /opt/local/lib/gcc/avr/4.9.1/../../../../avr/lib/avr51/libc.a(puts.o)
 .data          0x0000000000800204        0x0 /opt/local/lib/gcc/avr/4.9.1/../../../../avr/lib/avr51/libc.a(sprintf.o)
 .data          0x0000000000800204        0x0 /opt/local/lib/gcc/avr/4.9.1/../../../../avr/lib/avr51/libc.a(ultoa_invert.o)
 .data          0x0000000000800204        0x0 /opt/local/lib/gcc/avr/4.9.1/../../../../avr/lib/avr51/libc.a(eerd_byte_atmega128rfa1.o)
 .data          0x0000000000800204        0x0 /opt/local/lib/gcc/avr/4.9.1/../../../../avr/lib/avr51/libc.a(eewr_byte_atmega128rfa1.o)
 .data          0x0000000000800204        0x0 /opt/local/lib/gcc/avr/4.9.1/../../../../avr/lib/avr51/libc.a(calloc.o)
 .data          0x0000000000800204        0x6 /opt/local/lib/gcc/avr/4.9.1/../../../../avr/lib/avr51/libc.a(malloc.o)
                0x0000000000800204                __malloc_heap_end
                0x0000000000800206                __malloc_heap_start
                0x0000000000800208                __malloc_margin
 .data          0x000000000080020a        0x0 /opt/local/lib/gcc/avr/4.9.1/../../../../avr/lib/avr51/libc.a(memset.o)
 .data          0x000000000080020a        0x0 /opt/local/lib/gcc/avr/4.9.1/avr51/libgcc.a(_mulshisi3.o)
 .data          0x000000000080020a        0x0 /opt/local/lib/gcc/avr/4.9.1/avr51/libgcc.a(_divmodsi4.o)
 .data          0x000000000080020a        0x0 /opt/local/lib/gcc/avr/4.9.1/avr51/libgcc.a(_negsi2.o)
 *(.data*)
 *(.rodata)
 .rodata        0x000000000080020a       0x51 ../../../src/platform/firefly3/source/ulib.o
                0x000000000080020a                NRK_ADC_INPUT_7
                0x000000000080020b                NRK_ADC_INPUT_6
                0x000000000080020c                NRK_ADC_INPUT_5
                0x000000000080020d                NRK_ADC_INPUT_4
                0x000000000080020e                NRK_ADC_INPUT_3
                0x000000000080020f                NRK_ADC_INPUT_2
                0x0000000000800210                NRK_ADC_INPUT_1
                0x0000000000800211                NRK_ADC_INPUT_0
                0x0000000000800212                NRK_PORTF_7
                0x0000000000800213                NRK_PORTF_6
                0x0000000000800214                NRK_PORTF_5
                0x0000000000800215                NRK_PORTF_4
                0x0000000000800216                NRK_PORTF_3
                0x0000000000800217                NRK_PORTF_2
                0x0000000000800218                NRK_PORTF_1
                0x0000000000800219                NRK_PORTF_0
                0x000000000080021a                NRK_PORTG_5
                0x000000000080021b                NRK_PORTG_4
                0x000000000080021c                NRK_PORTG_3
                0x000000000080021d                NRK_PORTG_2
                0x000000000080021e                NRK_PORTG_1
                0x000000000080021f                NRK_PORTG_0
                0x0000000000800220                NRK_ANT_1
                0x0000000000800221                NRK_ANT_0
                0x0000000000800222                NRK_UART0_TXD
                0x0000000000800223                NRK_UART0_RXD
                0x0000000000800224                NRK_PORTE_7
                0x0000000000800225                NRK_PORTE_6
                0x0000000000800226                NRK_PORTE_5
                0x0000000000800227                NRK_PORTE_4
                0x0000000000800228                NRK_PORTE_3
                0x0000000000800229                NRK_PORTE_2
                0x000000000080022a                NRK_PORTE_1
                0x000000000080022b                NRK_PORTE_0
                0x000000000080022c                NRK_LED_3
                0x000000000080022d                NRK_LED_2
                0x000000000080022e                NRK_LED_1
                0x000000000080022f                NRK_LED_0
                0x0000000000800230                NRK_UART1_TXD
                0x0000000000800231                NRK_UART1_RXD
                0x0000000000800232                NRK_BUTTON
                0x0000000000800233                NRK_PORTD_7
                0x0000000000800234                NRK_PORTD_6
                0x0000000000800235                NRK_PORTD_5
                0x0000000000800236                NRK_PORTD_4
                0x0000000000800237                NRK_PORTD_3
                0x0000000000800238                NRK_PORTD_2
                0x0000000000800239                NRK_PORTD_1
                0x000000000080023a                NRK_PORTD_0
                0x000000000080023b                NRK_PORTC_7
                0x000000000080023c                NRK_PORTC_6
                0x000000000080023d                NRK_PORTC_5
                0x000000000080023e                NRK_PORTC_4
                0x000000000080023f                NRK_PORTC_3
                0x0000000000800240                NRK_PORTC_2
                0x0000000000800241                NRK_PORTC_1
                0x0000000000800242                NRK_PORTC_0
                0x0000000000800243                NRK_PORTB_7
                0x0000000000800244                NRK_PORTB_6
                0x0000000000800245                NRK_PORTB_5
                0x0000000000800246                NRK_PORTB_4
                0x0000000000800247                NRK_PORTB_3
                0x0000000000800248                NRK_PORTB_2
                0x0000000000800249                NRK_PORTB_1
                0x000000000080024a                NRK_PORTB_0
                0x000000000080024b                NRK_MISO
                0x000000000080024c                NRK_MOSI
                0x000000000080024d                NRK_SCK
                0x000000000080024e                NRK_SPI_SS
                0x000000000080024f                NRK_DEBUG_3
                0x0000000000800250                NRK_DEBUG_2
                0x0000000000800251                NRK_DEBUG_1
                0x0000000000800252                NRK_DEBUG_0
                0x0000000000800253                NRK_PORTA_7
                0x0000000000800254                NRK_PORTA_6
                0x0000000000800255                NRK_PORTA_5
                0x0000000000800256                NRK_PORTA_4
                0x0000000000800257                NRK_PORTA_3
                0x0000000000800258                NRK_PORTA_2
                0x0000000000800259                NRK_PORTA_1
                0x000000000080025a                NRK_PORTA_0
 *(.rodata*)
 .rodata.str1.1
                0x000000000080025b       0x70 main.o
                                         0x73 (size before relaxing)
 .rodata.str1.1
                0x00000000008002cb       0x83 ../../../src/radio/rf231_soc/source/basic_rf.o
 .rodata.str1.1
                0x000000000080034e       0x83 ../../../src/kernel/source/nrk_error.o
                                          0x3 (size before relaxing)
 .rodata.str1.1
                0x000000000080034e       0x41 ../../../src/kernel/source/nrk_stack_check.o
                                         0x4e (size before relaxing)
 *(.gnu.linkonce.d*)
                0x00000000008003d2                . = ALIGN (0x2)
 *fill*         0x000000000080038f        0x1 
                0x0000000000800390                _edata = .
                0x0000000000800390                PROVIDE (__data_end, .)

.bss            0x0000000000800390      0x4f2
                0x0000000000800390                PROVIDE (__bss_start, .)
 *(.bss)
 .bss           0x0000000000800390        0x0 /opt/local/lib/gcc/avr/4.9.1/../../../../avr/lib/avr51/crtm128rfa1.o
 .bss           0x0000000000800390        0x0 main.o
 .bss           0x0000000000800390       0xbf ../../../src/net/bmac/rf231_soc/bmac.o
 .bss           0x000000000080044f        0x4 ../../../src/radio/rf231_soc/source/basic_rf.o
                0x000000000080044f                rx_end_func
                0x0000000000800451                rx_start_func
 .bss           0x0000000000800453       0x15 ../../../src/platform/firefly3/source/ulib.o
 .bss           0x0000000000800468        0x0 ../../../src/platform/firefly3/source/hal_wait.o
 .bss           0x0000000000800468        0x0 ../../../src/platform/firefly3/source/nrk_eeprom.o
 .bss           0x0000000000800468        0x0 ../../../src/kernel/source/nrk.o
 .bss           0x0000000000800468        0x0 ../../../src/kernel/source/nrk_stats.o
 .bss           0x0000000000800468        0x0 ../../../src/kernel/source/nrk_error.o
 .bss           0x0000000000800468        0x0 ../../../src/kernel/source/nrk_stack_check.o
 .bss           0x0000000000800468        0x0 ../../../src/kernel/source/nrk_events.o
 .bss           0x0000000000800468        0x0 ../../../src/kernel/source/nrk_task.o
 .bss           0x0000000000800468        0x0 ../../../src/kernel/source/nrk_time.o
 .bss           0x0000000000800468        0x0 ../../../src/kernel/source/nrk_idle_task.o
 .bss           0x0000000000800468        0x0 ../../../src/kernel/source/nrk_scheduler.o
 .bss           0x0000000000800468        0x0 ../../../src/kernel/source/nrk_driver.o
 .bss           0x0000000000800468        0x0 ../../../src/kernel/source/nrk_reserve.o
 .bss           0x0000000000800468        0x0 ../../../src/kernel/source/nrk_sw_wdt.o
 .bss           0x0000000000800468        0x0 ../../../src/kernel/hal/atmega128rfa1/nrk_timer.o
 .bss           0x0000000000800468        0x0 ../../../src/kernel/hal/atmega128rfa1/nrk_status.o
 .bss           0x0000000000800468        0x0 ../../../src/kernel/hal/atmega128rfa1/nrk_ext_int.o
 .bss           0x0000000000800468        0x0 ../../../src/kernel/hal/atmega128rfa1/nrk_watchdog.o
 .bss           0x0000000000800468        0x0 ../../../src/kernel/hal/atmega128rfa1/nrk_cpu.o
 .bss           0x0000000000800468        0x0 ../../../src/kernel/hal/atmega128rfa1/atmel_hw_specific.o
 .bss           0x0000000000800468        0x0 /opt/local/lib/gcc/avr/4.9.1/../../../../avr/lib/avr51/libprintf_min.a(vfprintf_min.o)
 .bss           0x0000000000800468        0x0 /opt/local/lib/gcc/avr/4.9.1/../../../../avr/lib/avr51/libm.a(divsf3.o)
 .bss           0x0000000000800468        0x0 /opt/local/lib/gcc/avr/4.9.1/../../../../avr/lib/avr51/libm.a(divsf3x.o)
 .bss           0x0000000000800468        0x0 /opt/local/lib/gcc/avr/4.9.1/../../../../avr/lib/avr51/libm.a(fixsfsi.o)
 .bss           0x0000000000800468        0x0 /opt/local/lib/gcc/avr/4.9.1/../../../../avr/lib/avr51/libm.a(fixunssfsi.o)
 .bss           0x0000000000800468        0x0 /opt/local/lib/gcc/avr/4.9.1/../../../../avr/lib/avr51/libm.a(floatsisf.o)
 .bss           0x0000000000800468        0x0 /opt/local/lib/gcc/avr/4.9.1/../../../../avr/lib/avr51/libm.a(fp_inf.o)
 .bss           0x0000000000800468        0x0 /opt/local/lib/gcc/avr/4.9.1/../../../../avr/lib/avr51/libm.a(fp_nan.o)
 .bss           0x0000000000800468        0x0 /opt/local/lib/gcc/avr/4.9.1/../../../../avr/lib/avr51/libm.a(fp_pscA.o)
 .bss           0x0000000000800468        0x0 /opt/local/lib/gcc/avr/4.9.1/../../../../avr/lib/avr51/libm.a(fp_pscB.o)
 .bss           0x0000000000800468        0x0 /opt/local/lib/gcc/avr/4.9.1/../../../../avr/lib/avr51/libm.a(fp_round.o)
 .bss           0x0000000000800468        0x0 /opt/local/lib/gcc/avr/4.9.1/../../../../avr/lib/avr51/libm.a(fp_split3.o)
 .bss           0x0000000000800468        0x0 /opt/local/lib/gcc/avr/4.9.1/../../../../avr/lib/avr51/libm.a(fp_zero.o)
 .bss           0x0000000000800468        0x0 /opt/local/lib/gcc/avr/4.9.1/avr51/libgcc.a(_muluhisi3.o)
 .bss           0x0000000000800468        0x0 /opt/local/lib/gcc/avr/4.9.1/avr51/libgcc.a(_mulsi3.o)
 .bss           0x0000000000800468        0x0 /opt/local/lib/gcc/avr/4.9.1/avr51/libgcc.a(_udivmodhi4.o)
 .bss           0x0000000000800468        0x0 /opt/local/lib/gcc/avr/4.9.1/avr51/libgcc.a(_divmodhi4.o)
 .bss           0x0000000000800468        0x0 /opt/local/lib/gcc/avr/4.9.1/avr51/libgcc.a(_udivmodsi4.o)
 .bss           0x0000000000800468        0x0 /opt/local/lib/gcc/avr/4.9.1/avr51/libgcc.a(_udivdi3.o)
 .bss           0x0000000000800468        0x0 /opt/local/lib/gcc/avr/4.9.1/avr51/libgcc.a(_udivmod64.o)
 .bss           0x0000000000800468        0x0 /opt/local/lib/gcc/avr/4.9.1/avr51/libgcc.a(_exit.o)
 .bss           0x0000000000800468        0x0 /opt/local/lib/gcc/avr/4.9.1/avr51/libgcc.a(_tablejump.o)
 .bss           0x0000000000800468        0x0 /opt/local/lib/gcc/avr/4.9.1/avr51/libgcc.a(_copy_data.o)
 .bss           0x0000000000800468        0x0 /opt/local/lib/gcc/avr/4.9.1/avr51/libgcc.a(_clear_bss.o)
 .bss           0x0000000000800468        0x0 /opt/local/lib/gcc/avr/4.9.1/avr51/libgcc.a(_umulhisi3.o)
 .bss           0x0000000000800468        0x0 /opt/local/lib/gcc/avr/4.9.1/../../../../avr/lib/avr51/libc.a(rand.o)
 .bss           0x0000000000800468        0x0 /opt/local/lib/gcc/avr/4.9.1/../../../../avr/lib/avr51/libc.a(strchr_P.o)
 .bss           0x0000000000800468        0x0 /opt/local/lib/gcc/avr/4.9.1/../../../../avr/lib/avr51/libc.a(memcpy.o)
 .bss           0x0000000000800468        0x0 /opt/local/lib/gcc/avr/4.9.1/../../../../avr/lib/avr51/libc.a(fdevopen.o)
 .bss           0x0000000000800468        0x0 /opt/local/lib/gcc/avr/4.9.1/../../../../avr/lib/avr51/libc.a(fputc.o)
 .bss           0x0000000000800468        0x0 /opt/local/lib/gcc/avr/4.9.1/../../../../avr/lib/avr51/libc.a(iob.o)
 .bss           0x0000000000800468        0x0 /opt/local/lib/gcc/avr/4.9.1/../../../../avr/lib/avr51/libc.a(printf.o)
 .bss           0x0000000000800468        0x0 /opt/local/lib/gcc/avr/4.9.1/../../../../avr/lib/avr51/libc.a(putchar.o)
 .bss           0x0000000000800468        0x0 /opt/local/lib/gcc/avr/4.9.1/../../../../avr/lib/avr51/libc.a(puts.o)
 .bss           0x0000000000800468        0x0 /opt/local/lib/gcc/avr/4.9.1/../../../../avr/lib/avr51/libc.a(sprintf.o)
 .bss           0x0000000000800468        0x0 /opt/local/lib/gcc/avr/4.9.1/../../../../avr/lib/avr51/libc.a(ultoa_invert.o)
 .bss           0x0000000000800468        0x0 /opt/local/lib/gcc/avr/4.9.1/../../../../avr/lib/avr51/libc.a(eerd_byte_atmega128rfa1.o)
 .bss           0x0000000000800468        0x0 /opt/local/lib/gcc/avr/4.9.1/../../../../avr/lib/avr51/libc.a(eewr_byte_atmega128rfa1.o)
 .bss           0x0000000000800468        0x0 /opt/local/lib/gcc/avr/4.9.1/../../../../avr/lib/avr51/libc.a(calloc.o)
 .bss           0x0000000000800468        0x0 /opt/local/lib/gcc/avr/4.9.1/../../../../avr/lib/avr51/libc.a(malloc.o)
 .bss           0x0000000000800468        0x0 /opt/local/lib/gcc/avr/4.9.1/../../../../avr/lib/avr51/libc.a(memset.o)
 .bss           0x0000000000800468        0x0 /opt/local/lib/gcc/avr/4.9.1/avr51/libgcc.a(_mulshisi3.o)
 .bss           0x0000000000800468        0x0 /opt/local/lib/gcc/avr/4.9.1/avr51/libgcc.a(_divmodsi4.o)
 .bss           0x0000000000800468        0x0 /opt/local/lib/gcc/avr/4.9.1/avr51/libgcc.a(_negsi2.o)
 *(.bss*)
 *(COMMON)
 COMMON         0x0000000000800468      0x2cc main.o
                0x0000000000800468                tx_task_stack
                0x00000000008004e8                error_task
                0x00000000008004e9                bmac_enable_signal
                0x00000000008004ea                rx_task_stack
                0x000000000080056a                bmac_rfTxInfo
                0x0000000000800571                _nrk_signal_list
                0x0000000000800575                bmac_rx_pkt_signal
                0x0000000000800576                rx_buf
                0x00000000008005ea                nrk_kernel_stk_ptr
                0x00000000008005ec                tx_buf
                0x0000000000800660                RX_TASK
                0x0000000000800683                TX_TASK
                0x00000000008006a6                bmac_rfRxInfo
                0x00000000008006b2                error_num
                0x00000000008006b3                nrk_idle_task_stk
                0x0000000000800733                bmac_tx_pkt_done_signal
 COMMON         0x0000000000800734        0x5 ../../../src/net/bmac/rf231_soc/bmac.o
                0x0000000000800734                app_timer0_callback
                0x0000000000800736                _nrk_time_trigger
                0x0000000000800737                app_timer0_prescale
                0x0000000000800738                _nrk_prev_timer_val
 COMMON         0x0000000000800739       0x53 ../../../src/radio/rf231_soc/source/basic_rf.o
                0x0000000000800739                rx_ctr
                0x000000000080073d                radio_sem
                0x000000000080073f                use_glossy
                0x0000000000800740                mdmctrl0
                0x0000000000800742                rfSettings
                0x000000000080074b                curr_t
                0x0000000000800753                tx_done
                0x0000000000800754                ekey
                0x0000000000800764                rf_ready
                0x0000000000800765                target_t
                0x000000000080076d                dkey
                0x000000000080077d                tx_ctr
                0x0000000000800783                rx_ready
                0x0000000000800784                dummy_t
 COMMON         0x000000000080078c       0xe3 ../../../src/kernel/source/nrk.o
                0x000000000080078c                _free_node
                0x000000000080078e                nrk_task_TCB
                0x000000000080083a                next_next_wakeup
                0x000000000080083c                nrk_sem_list
                0x0000000000800842                nrk_task_init_cnt
                0x0000000000800843                nrk_wakeup_signal
                0x0000000000800844                nrk_high_ready_TCB
                0x0000000000800846                nrk_cur_task_prio
                0x0000000000800847                _nrk_cpu_state
                0x0000000000800848                _head_node
                0x000000000080084a                nrk_system_time
                0x0000000000800852                _nrk_resource_cnt
                0x0000000000800853                nrk_cur_task_TCB
                0x0000000000800855                nrk_high_ready_prio
                0x0000000000800856                _nrk_readyQ
 COMMON         0x000000000080086f        0x1 ../../../src/kernel/source/nrk_scheduler.o
                0x000000000080086f                t
 COMMON         0x0000000000800870        0x8 ../../../src/kernel/hal/atmega128rfa1/nrk_ext_int.o
                0x0000000000800870                ext_int1_callback
                0x0000000000800872                ext_int0_callback
                0x0000000000800874                ext_int2_callback
                0x0000000000800876                pc_int0_callback
 COMMON         0x0000000000800878        0x6 /opt/local/lib/gcc/avr/4.9.1/../../../../avr/lib/avr51/libc.a(iob.o)
                0x0000000000800878                __iob
 COMMON         0x000000000080087e        0x4 /opt/local/lib/gcc/avr/4.9.1/../../../../avr/lib/avr51/libc.a(malloc.o)
                0x000000000080087e                __brkval
                0x0000000000800880                __flp
                0x0000000000800882                PROVIDE (__bss_end, .)
                0x0000000000005c3a                __data_load_start = LOADADDR (.data)
                0x0000000000005dca                __data_load_end = (__data_load_start + SIZEOF (.data))

.noinit         0x0000000000800882        0x0
                0x0000000000800882                PROVIDE (__noinit_start, .)
 *(.noinit*)
                0x0000000000800882                PROVIDE (__noinit_end, .)
                0x0000000000800882                _end = .
                0x0000000000800882                PROVIDE (__heap_start, .)

.eeprom         0x0000000000810000        0x0
 *(.eeprom*)
                0x0000000000810000                __eeprom_end = .

.fuse
 *(.fuse)
 *(.lfuse)
 *(.hfuse)
 *(.efuse)

.lock
 *(.lock*)

.signature
 *(.signature*)

.stab           0x0000000000000000    0x11940
 *(.stab)
 .stab          0x0000000000000000     0x1608 main.o
 .stab          0x0000000000001608     0x1b60 ../../../src/net/bmac/rf231_soc/bmac.o
                                       0x26c4 (size before relaxing)
 .stab          0x0000000000003168     0x225c ../../../src/radio/rf231_soc/source/basic_rf.o
                                       0x2d0c (size before relaxing)
 .stab          0x00000000000053c4     0x174c ../../../src/platform/firefly3/source/ulib.o
                                       0x21f0 (size before relaxing)
 .stab          0x0000000000006b10      0x378 ../../../src/platform/firefly3/source/hal_wait.o
                                        0xd50 (size before relaxing)
 .stab          0x0000000000006e88      0x7ec ../../../src/platform/firefly3/source/nrk_eeprom.o
                                       0x1278 (size before relaxing)
 .stab          0x0000000000007674      0xba0 ../../../src/kernel/source/nrk.o
                                       0x16b0 (size before relaxing)
 .stab          0x0000000000008214      0x420 ../../../src/kernel/source/nrk_stats.o
                                        0xf54 (size before relaxing)
 .stab          0x0000000000008634      0xba0 ../../../src/kernel/source/nrk_error.o
                                       0x16e0 (size before relaxing)
 .stab          0x00000000000091d4      0x624 ../../../src/kernel/source/nrk_stack_check.o
                                       0x1158 (size before relaxing)
 .stab          0x00000000000097f8     0x1068 ../../../src/kernel/source/nrk_events.o
                                       0x1bb4 (size before relaxing)
 .stab          0x000000000000a860     0x10e0 ../../../src/kernel/source/nrk_task.o
                                       0x1c2c (size before relaxing)
 .stab          0x000000000000b940      0x93c ../../../src/kernel/source/nrk_time.o
                                       0x1488 (size before relaxing)
 .stab          0x000000000000c27c      0x4bc ../../../src/kernel/source/nrk_idle_task.o
                                       0x1008 (size before relaxing)
 .stab          0x000000000000c738      0x9c0 ../../../src/kernel/source/nrk_scheduler.o
                                       0x150c (size before relaxing)
 .stab          0x000000000000d0f8      0x264 ../../../src/kernel/source/nrk_driver.o
                                        0x270 (size before relaxing)
 .stab          0x000000000000d35c      0x264 ../../../src/kernel/source/nrk_reserve.o
                                        0x270 (size before relaxing)
 .stab          0x000000000000d5c0      0x390 ../../../src/kernel/source/nrk_sw_wdt.o
                                        0xec4 (size before relaxing)
 .stab          0x000000000000d950     0x111c ../../../src/kernel/hal/atmega128rfa1/nrk_timer.o
                                       0x1c5c (size before relaxing)
 .stab          0x000000000000ea6c      0x474 ../../../src/kernel/hal/atmega128rfa1/nrk_status.o
                                        0xf18 (size before relaxing)
 .stab          0x000000000000eee0      0xa14 ../../../src/kernel/hal/atmega128rfa1/nrk_ext_int.o
                                       0x14b8 (size before relaxing)
 .stab          0x000000000000f8f4      0x540 ../../../src/kernel/hal/atmega128rfa1/nrk_watchdog.o
                                       0x1068 (size before relaxing)
 .stab          0x000000000000fe34      0x894 ../../../src/kernel/hal/atmega128rfa1/nrk_cpu.o
                                       0x13d4 (size before relaxing)
 .stab          0x00000000000106c8      0x204 ../../../src/kernel/hal/atmega128rfa1/atmel_hw_specific.o
                                        0x210 (size before relaxing)
 .stab          0x00000000000108cc       0xcc /opt/local/lib/gcc/avr/4.9.1/avr51/libgcc.a(_muluhisi3.o)
                                         0xd8 (size before relaxing)
 .stab          0x0000000000010998      0x108 /opt/local/lib/gcc/avr/4.9.1/avr51/libgcc.a(_mulsi3.o)
                                        0x114 (size before relaxing)
 .stab          0x0000000000010aa0      0x15c /opt/local/lib/gcc/avr/4.9.1/avr51/libgcc.a(_udivmodhi4.o)
                                        0x168 (size before relaxing)
 .stab          0x0000000000010bfc      0x138 /opt/local/lib/gcc/avr/4.9.1/avr51/libgcc.a(_divmodhi4.o)
                                        0x144 (size before relaxing)
 .stab          0x0000000000010d34      0x228 /opt/local/lib/gcc/avr/4.9.1/avr51/libgcc.a(_udivmodsi4.o)
                                        0x234 (size before relaxing)
 .stab          0x0000000000010f5c      0x150 /opt/local/lib/gcc/avr/4.9.1/avr51/libgcc.a(_udivdi3.o)
                                        0x15c (size before relaxing)
 .stab          0x00000000000110ac      0x234 /opt/local/lib/gcc/avr/4.9.1/avr51/libgcc.a(_udivmod64.o)
                                        0x240 (size before relaxing)
 .stab          0x00000000000112e0       0x6c /opt/local/lib/gcc/avr/4.9.1/avr51/libgcc.a(_exit.o)
                                         0x78 (size before relaxing)
 .stab          0x000000000001134c       0xcc /opt/local/lib/gcc/avr/4.9.1/avr51/libgcc.a(_tablejump.o)
                                         0xd8 (size before relaxing)
 .stab          0x0000000000011418       0xf0 /opt/local/lib/gcc/avr/4.9.1/avr51/libgcc.a(_copy_data.o)
                                         0xfc (size before relaxing)
 .stab          0x0000000000011508       0xb4 /opt/local/lib/gcc/avr/4.9.1/avr51/libgcc.a(_clear_bss.o)
                                         0xc0 (size before relaxing)
 .stab          0x00000000000115bc      0x108 /opt/local/lib/gcc/avr/4.9.1/avr51/libgcc.a(_umulhisi3.o)
                                        0x114 (size before relaxing)
 .stab          0x00000000000116c4       0xcc /opt/local/lib/gcc/avr/4.9.1/avr51/libgcc.a(_mulshisi3.o)
                                         0xd8 (size before relaxing)
 .stab          0x0000000000011790      0x144 /opt/local/lib/gcc/avr/4.9.1/avr51/libgcc.a(_divmodsi4.o)
                                        0x150 (size before relaxing)
 .stab          0x00000000000118d4       0x6c /opt/local/lib/gcc/avr/4.9.1/avr51/libgcc.a(_negsi2.o)
                                         0x78 (size before relaxing)

.stabstr        0x0000000000000000     0x90b9
 *(.stabstr)
 .stabstr       0x0000000000000000     0x90b9 main.o

.stab.excl
 *(.stab.excl)

.stab.exclstr
 *(.stab.exclstr)

.stab.index
 *(.stab.index)

.stab.indexstr
 *(.stab.indexstr)

.comment        0x0000000000000000       0x11
 *(.comment)
 .comment       0x0000000000000000       0x11 main.o
                                         0x12 (size before relaxing)
 .comment       0x0000000000000011       0x12 ../../../src/net/bmac/rf231_soc/bmac.o
 .comment       0x0000000000000011       0x12 ../../../src/radio/rf231_soc/source/basic_rf.o
 .comment       0x0000000000000011       0x12 ../../../src/platform/firefly3/source/ulib.o
 .comment       0x0000000000000011       0x12 ../../../src/platform/firefly3/source/hal_wait.o
 .comment       0x0000000000000011       0x12 ../../../src/platform/firefly3/source/nrk_eeprom.o
 .comment       0x0000000000000011       0x12 ../../../src/kernel/source/nrk.o
 .comment       0x0000000000000011       0x12 ../../../src/kernel/source/nrk_stats.o
 .comment       0x0000000000000011       0x12 ../../../src/kernel/source/nrk_error.o
 .comment       0x0000000000000011       0x12 ../../../src/kernel/source/nrk_stack_check.o
 .comment       0x0000000000000011       0x12 ../../../src/kernel/source/nrk_events.o
 .comment       0x0000000000000011       0x12 ../../../src/kernel/source/nrk_task.o
 .comment       0x0000000000000011       0x12 ../../../src/kernel/source/nrk_time.o
 .comment       0x0000000000000011       0x12 ../../../src/kernel/source/nrk_idle_task.o
 .comment       0x0000000000000011       0x12 ../../../src/kernel/source/nrk_scheduler.o
 .comment       0x0000000000000011       0x12 ../../../src/kernel/source/nrk_driver.o
 .comment       0x0000000000000011       0x12 ../../../src/kernel/source/nrk_reserve.o
 .comment       0x0000000000000011       0x12 ../../../src/kernel/source/nrk_sw_wdt.o
 .comment       0x0000000000000011       0x12 ../../../src/kernel/hal/atmega128rfa1/nrk_timer.o
 .comment       0x0000000000000011       0x12 ../../../src/kernel/hal/atmega128rfa1/nrk_status.o
 .comment       0x0000000000000011       0x12 ../../../src/kernel/hal/atmega128rfa1/nrk_ext_int.o
 .comment       0x0000000000000011       0x12 ../../../src/kernel/hal/atmega128rfa1/nrk_watchdog.o
 .comment       0x0000000000000011       0x12 ../../../src/kernel/hal/atmega128rfa1/nrk_cpu.o
 .comment       0x0000000000000011       0x12 /opt/local/lib/gcc/avr/4.9.1/../../../../avr/lib/avr51/libprintf_min.a(vfprintf_min.o)
 .comment       0x0000000000000011       0x12 /opt/local/lib/gcc/avr/4.9.1/../../../../avr/lib/avr51/libc.a(rand.o)
 .comment       0x0000000000000011       0x12 /opt/local/lib/gcc/avr/4.9.1/../../../../avr/lib/avr51/libc.a(fdevopen.o)
 .comment       0x0000000000000011       0x12 /opt/local/lib/gcc/avr/4.9.1/../../../../avr/lib/avr51/libc.a(fputc.o)
 .comment       0x0000000000000011       0x12 /opt/local/lib/gcc/avr/4.9.1/../../../../avr/lib/avr51/libc.a(iob.o)
 .comment       0x0000000000000011       0x12 /opt/local/lib/gcc/avr/4.9.1/../../../../avr/lib/avr51/libc.a(printf.o)
 .comment       0x0000000000000011       0x12 /opt/local/lib/gcc/avr/4.9.1/../../../../avr/lib/avr51/libc.a(putchar.o)
 .comment       0x0000000000000011       0x12 /opt/local/lib/gcc/avr/4.9.1/../../../../avr/lib/avr51/libc.a(puts.o)
 .comment       0x0000000000000011       0x12 /opt/local/lib/gcc/avr/4.9.1/../../../../avr/lib/avr51/libc.a(sprintf.o)
 .comment       0x0000000000000011       0x12 /opt/local/lib/gcc/avr/4.9.1/../../../../avr/lib/avr51/libc.a(calloc.o)
 .comment       0x0000000000000011       0x12 /opt/local/lib/gcc/avr/4.9.1/../../../../avr/lib/avr51/libc.a(malloc.o)

.note.gnu.build-id
 *(.note.gnu.build-id)

.debug
 *(.debug)

.line
 *(.line)

.debug_srcinfo
 *(.debug_srcinfo)

.debug_sfnames
 *(.debug_sfnames)

.debug_aranges
 *(.debug_aranges)

.debug_pubnames
 *(.debug_pubnames)

.debug_info     0x0000000000000000     0x1160
 *(.debug_info .gnu.linkonce.wi.*)
 .debug_info    0x0000000000000000     0x1160 /opt/local/lib/gcc/avr/4.9.1/../../../../avr/lib/avr51/crtm128rfa1.o

.debug_abbrev   0x0000000000000000     0x1072
 *(.debug_abbrev)
 .debug_abbrev  0x0000000000000000     0x1072 /opt/local/lib/gcc/avr/4.9.1/../../../../avr/lib/avr51/crtm128rfa1.o

.debug_line     0x0000000000000000       0x1d
 *(.debug_line .debug_line.* .debug_line_end)
 .debug_line    0x0000000000000000       0x1d /opt/local/lib/gcc/avr/4.9.1/../../../../avr/lib/avr51/crtm128rfa1.o

.debug_frame
 *(.debug_frame)

.debug_str      0x0000000000000000      0x6de
 *(.debug_str)
 .debug_str     0x0000000000000000      0x6de /opt/local/lib/gcc/avr/4.9.1/../../../../avr/lib/avr51/crtm128rfa1.o

.debug_loc
 *(.debug_loc)

.debug_macinfo
 *(.debug_macinfo)

.debug_weaknames
 *(.debug_weaknames)

.debug_funcnames
 *(.debug_funcnames)

.debug_typenames
 *(.debug_typenames)

.debug_varnames
 *(.debug_varnames)

.debug_pubtypes
 *(.debug_pubtypes)

.debug_ranges
 *(.debug_ranges)

.debug_macro
 *(.debug_macro)
OUTPUT(main.elf elf32-avr)
LOAD linker stubs

Cross Reference Table

Symbol                                            File
NRK_ADC_INPUT_0                                   ../../../src/platform/firefly3/source/ulib.o
NRK_ADC_INPUT_1                                   ../../../src/platform/firefly3/source/ulib.o
NRK_ADC_INPUT_2                                   ../../../src/platform/firefly3/source/ulib.o
NRK_ADC_INPUT_3                                   ../../../src/platform/firefly3/source/ulib.o
NRK_ADC_INPUT_4                                   ../../../src/platform/firefly3/source/ulib.o
NRK_ADC_INPUT_5                                   ../../../src/platform/firefly3/source/ulib.o
NRK_ADC_INPUT_6                                   ../../../src/platform/firefly3/source/ulib.o
NRK_ADC_INPUT_7                                   ../../../src/platform/firefly3/source/ulib.o
NRK_ANT_0                                         ../../../src/platform/firefly3/source/ulib.o
NRK_ANT_1                                         ../../../src/platform/firefly3/source/ulib.o
NRK_BUTTON                                        ../../../src/platform/firefly3/source/ulib.o
NRK_DEBUG_0                                       ../../../src/platform/firefly3/source/ulib.o
NRK_DEBUG_1                                       ../../../src/platform/firefly3/source/ulib.o
NRK_DEBUG_2                                       ../../../src/platform/firefly3/source/ulib.o
NRK_DEBUG_3                                       ../../../src/platform/firefly3/source/ulib.o
NRK_LED_0                                         ../../../src/platform/firefly3/source/ulib.o
NRK_LED_1                                         ../../../src/platform/firefly3/source/ulib.o
NRK_LED_2                                         ../../../src/platform/firefly3/source/ulib.o
NRK_LED_3                                         ../../../src/platform/firefly3/source/ulib.o
NRK_MISO                                          ../../../src/platform/firefly3/source/ulib.o
NRK_MOSI                                          ../../../src/platform/firefly3/source/ulib.o
NRK_PORTA_0                                       ../../../src/platform/firefly3/source/ulib.o
NRK_PORTA_1                                       ../../../src/platform/firefly3/source/ulib.o
NRK_PORTA_2                                       ../../../src/platform/firefly3/source/ulib.o
NRK_PORTA_3                                       ../../../src/platform/firefly3/source/ulib.o
NRK_PORTA_4                                       ../../../src/platform/firefly3/source/ulib.o
NRK_PORTA_5                                       ../../../src/platform/firefly3/source/ulib.o
NRK_PORTA_6                                       ../../../src/platform/firefly3/source/ulib.o
NRK_PORTA_7                                       ../../../src/platform/firefly3/source/ulib.o
NRK_PORTB_0                                       ../../../src/platform/firefly3/source/ulib.o
NRK_PORTB_1                                       ../../../src/platform/firefly3/source/ulib.o
NRK_PORTB_2                                       ../../../src/platform/firefly3/source/ulib.o
NRK_PORTB_3                                       ../../../src/platform/firefly3/source/ulib.o
NRK_PORTB_4                                       ../../../src/platform/firefly3/source/ulib.o
NRK_PORTB_5                                       ../../../src/platform/firefly3/source/ulib.o